Component: ARM Compiler 5.06 update 7 (build 960) Tool: armlink [4d3601]

==============================================================================

Section Cross References

    startup_stm32f750xx.o(RESET) refers to startup_stm32f750xx.o(STACK) for __initial_sp
    startup_stm32f750xx.o(RESET) refers to startup_stm32f750xx.o(.text) for Reset_Handler
    startup_stm32f750xx.o(RESET) refers to stm32f7xx_it.o(i.NMI_Handler) for NMI_Handler
    startup_stm32f750xx.o(RESET) refers to stm32f7xx_it.o(i.HardFault_Handler) for HardFault_Handler
    startup_stm32f750xx.o(RESET) refers to stm32f7xx_it.o(i.MemManage_Handler) for MemManage_Handler
    startup_stm32f750xx.o(RESET) refers to stm32f7xx_it.o(i.BusFault_Handler) for BusFault_Handler
    startup_stm32f750xx.o(RESET) refers to stm32f7xx_it.o(i.UsageFault_Handler) for UsageFault_Handler
    startup_stm32f750xx.o(RESET) refers to port.o(.emb_text) for SVC_Handler
    startup_stm32f750xx.o(RESET) refers to stm32f7xx_it.o(i.DebugMon_Handler) for DebugMon_Handler
    startup_stm32f750xx.o(RESET) refers to port.o(i.SysTick_Handler) for SysTick_Handler
    startup_stm32f750xx.o(RESET) refers to stm32f7xx_it.o(i.DMA1_Stream1_IRQHandler) for DMA1_Stream1_IRQHandler
    startup_stm32f750xx.o(RESET) refers to stm32f7xx_it.o(i.DMA1_Stream2_IRQHandler) for DMA1_Stream2_IRQHandler
    startup_stm32f750xx.o(RESET) refers to stm32f7xx_it.o(i.TIM1_BRK_TIM9_IRQHandler) for TIM1_BRK_TIM9_IRQHandler
    startup_stm32f750xx.o(RESET) refers to stm32f7xx_it.o(i.TIM1_UP_TIM10_IRQHandler) for TIM1_UP_TIM10_IRQHandler
    startup_stm32f750xx.o(RESET) refers to stm32f7xx_it.o(i.TIM1_TRG_COM_TIM11_IRQHandler) for TIM1_TRG_COM_TIM11_IRQHandler
    startup_stm32f750xx.o(RESET) refers to stm32f7xx_it.o(i.TIM1_CC_IRQHandler) for TIM1_CC_IRQHandler
    startup_stm32f750xx.o(RESET) refers to stm32f7xx_it.o(i.TIM2_IRQHandler) for TIM2_IRQHandler
    startup_stm32f750xx.o(RESET) refers to stm32f7xx_it.o(i.TIM3_IRQHandler) for TIM3_IRQHandler
    startup_stm32f750xx.o(RESET) refers to stm32f7xx_it.o(i.TIM4_IRQHandler) for TIM4_IRQHandler
    startup_stm32f750xx.o(RESET) refers to stm32f7xx_it.o(i.USART1_IRQHandler) for USART1_IRQHandler
    startup_stm32f750xx.o(RESET) refers to imu.o(i.USART3_IRQHandler) for USART3_IRQHandler
    startup_stm32f750xx.o(RESET) refers to stm32f7xx_it.o(i.TIM8_BRK_TIM12_IRQHandler) for TIM8_BRK_TIM12_IRQHandler
    startup_stm32f750xx.o(RESET) refers to stm32f7xx_it.o(i.TIM8_UP_TIM13_IRQHandler) for TIM8_UP_TIM13_IRQHandler
    startup_stm32f750xx.o(RESET) refers to stm32f7xx_it.o(i.TIM8_TRG_COM_TIM14_IRQHandler) for TIM8_TRG_COM_TIM14_IRQHandler
    startup_stm32f750xx.o(RESET) refers to stm32f7xx_it.o(i.TIM8_CC_IRQHandler) for TIM8_CC_IRQHandler
    startup_stm32f750xx.o(RESET) refers to stm32f7xx_it.o(i.UART4_IRQHandler) for UART4_IRQHandler
    startup_stm32f750xx.o(RESET) refers to stm32f7xx_it.o(i.UART5_IRQHandler) for UART5_IRQHandler
    startup_stm32f750xx.o(RESET) refers to delay.o(i.TIM7_IRQHandler) for TIM7_IRQHandler
    startup_stm32f750xx.o(RESET) refers to stm32f7xx_it.o(i.DMA2_Stream0_IRQHandler) for DMA2_Stream0_IRQHandler
    startup_stm32f750xx.o(RESET) refers to stm32f7xx_it.o(i.UART7_IRQHandler) for UART7_IRQHandler
    startup_stm32f750xx.o(RESET) refers to stm32f7xx_it.o(i.UART8_IRQHandler) for UART8_IRQHandler
    startup_stm32f750xx.o(.text) refers to system_stm32f7xx.o(i.SystemInit) for SystemInit
    startup_stm32f750xx.o(.text) refers to entry.o(.ARM.Collect$$$$00000000) for __main
    main.o(i.SystemClock_Config) refers to memseta.o(.text) for __aeabi_memclr4
    main.o(i.SystemClock_Config) refers to stm32f7xx_hal_rcc.o(i.HAL_RCC_OscConfig) for HAL_RCC_OscConfig
    main.o(i.SystemClock_Config) refers to stm32f7xx_hal_pwr_ex.o(i.HAL_PWREx_EnableOverDrive) for HAL_PWREx_EnableOverDrive
    main.o(i.SystemClock_Config) refers to stm32f7xx_hal_rcc.o(i.HAL_RCC_ClockConfig) for HAL_RCC_ClockConfig
    main.o(i.main) refers to stm32f7xx_hal_cortex.o(i.HAL_MPU_Disable) for HAL_MPU_Disable
    main.o(i.main) refers to stm32f7xx_hal_cortex.o(i.HAL_MPU_ConfigRegion) for HAL_MPU_ConfigRegion
    main.o(i.main) refers to stm32f7xx_hal_cortex.o(i.HAL_MPU_Enable) for HAL_MPU_Enable
    main.o(i.main) refers to stm32f7xx_hal.o(i.HAL_Init) for HAL_Init
    main.o(i.main) refers to main.o(i.SystemClock_Config) for SystemClock_Config
    main.o(i.main) refers to stm32f7xx_hal.o(i.HAL_Delay) for HAL_Delay
    main.o(i.main) refers to gpio.o(i.MX_GPIO_Init) for MX_GPIO_Init
    main.o(i.main) refers to dma.o(i.MX_DMA_Init) for MX_DMA_Init
    main.o(i.main) refers to tim.o(i.MX_TIM4_Init) for MX_TIM4_Init
    main.o(i.main) refers to tim.o(i.MX_TIM8_Init) for MX_TIM8_Init
    main.o(i.main) refers to tim.o(i.MX_TIM9_Init) for MX_TIM9_Init
    main.o(i.main) refers to usart.o(i.MX_USART3_UART_Init) for MX_USART3_UART_Init
    main.o(i.main) refers to tim.o(i.MX_TIM1_Init) for MX_TIM1_Init
[...]
    HAL_ADC_Start                            0x08001d15   Thumb Code   226  stm32f7xx_hal_adc.o(i.HAL_ADC_Start)
    HAL_ADC_Start_DMA                        0x08001e09   Thumb Code   284  stm32f7xx_hal_adc.o(i.HAL_ADC_Start_DMA)
    HAL_ADC_Stop                             0x08001f41   Thumb Code    60  stm32f7xx_hal_adc.o(i.HAL_ADC_Stop)
    HAL_DMA_Abort                            0x08001f7d   Thumb Code   146  stm32f7xx_hal_dma.o(i.HAL_DMA_Abort)
    HAL_DMA_Abort_IT                         0x0800200f   Thumb Code    36  stm32f7xx_hal_dma.o(i.HAL_DMA_Abort_IT)
    HAL_DMA_GetError                         0x08002033   Thumb Code     4  stm32f7xx_hal_dma.o(i.HAL_DMA_GetError)
    HAL_DMA_IRQHandler                       0x08002039   Thumb Code   412  stm32f7xx_hal_dma.o(i.HAL_DMA_IRQHandler)
    HAL_DMA_Init                             0x080021d9   Thumb Code   202  stm32f7xx_hal_dma.o(i.HAL_DMA_Init)
    HAL_DMA_Start_IT                         0x080022a9   Thumb Code   120  stm32f7xx_hal_dma.o(i.HAL_DMA_Start_IT)
    HAL_Delay                                0x08002321   Thumb Code    32  stm32f7xx_hal.o(i.HAL_Delay)
    HAL_GPIO_Init                            0x08002345   Thumb Code   438  stm32f7xx_hal_gpio.o(i.HAL_GPIO_Init)
    HAL_GPIO_ReadPin                         0x08002531   Thumb Code    10  stm32f7xx_hal_gpio.o(i.HAL_GPIO_ReadPin)
    HAL_GPIO_TogglePin                       0x0800253b   Thumb Code    16  stm32f7xx_hal_gpio.o(i.HAL_GPIO_TogglePin)
    HAL_GPIO_WritePin                        0x0800254b   Thumb Code    10  stm32f7xx_hal_gpio.o(i.HAL_GPIO_WritePin)
    HAL_GetTick                              0x08002555   Thumb Code     6  stm32f7xx_hal.o(i.HAL_GetTick)
    HAL_IncTick                              0x08002561   Thumb Code    12  stm32f7xx_hal.o(i.HAL_IncTick)
    HAL_Init                                 0x08002571   Thumb Code    22  stm32f7xx_hal.o(i.HAL_Init)
    HAL_InitTick                             0x08002589   Thumb Code   132  stm32f7xx_hal_timebase_tim.o(i.HAL_InitTick)
    HAL_MPU_ConfigRegion                     0x08002621   Thumb Code    78  stm32f7xx_hal_cortex.o(i.HAL_MPU_ConfigRegion)
    HAL_MPU_Disable                          0x08002675   Thumb Code    24  stm32f7xx_hal_cortex.o(i.HAL_MPU_Disable)
    HAL_MPU_Enable                           0x08002691   Thumb Code    30  stm32f7xx_hal_cortex.o(i.HAL_MPU_Enable)
    HAL_MspInit                              0x080026b5   Thumb Code    52  stm32f7xx_hal_msp.o(i.HAL_MspInit)
    HAL_NVIC_EnableIRQ                       0x080026ed   Thumb Code    26  stm32f7xx_hal_cortex.o(i.HAL_NVIC_EnableIRQ)
    HAL_NVIC_SetPriority                     0x08002709   Thumb Code    60  stm32f7xx_hal_cortex.o(i.HAL_NVIC_SetPriority)
    HAL_NVIC_SetPriorityGrouping             0x08002749   Thumb Code    26  stm32f7xx_hal_cortex.o(i.HAL_NVIC_SetPriorityGrouping)
    HAL_PWREx_EnableOverDrive                0x0800276d   Thumb Code    98  stm32f7xx_hal_pwr_ex.o(i.HAL_PWREx_EnableOverDrive)
    HAL_RCCEx_PeriphCLKConfig                0x080027d9   Thumb Code  1272  stm32f7xx_hal_rcc_ex.o(i.HAL_RCCEx_PeriphCLKConfig)
    HAL_RCC_ClockConfig                      0x08002cd1   Thumb Code   296  stm32f7xx_hal_rcc.o(i.HAL_RCC_ClockConfig)
    HAL_RCC_GetClockConfig                   0x08002e0d   Thumb Code    54  stm32f7xx_hal_rcc.o(i.HAL_RCC_GetClockConfig)
    HAL_RCC_GetPCLK1Freq                     0x08002e4d   Thumb Code    20  stm32f7xx_hal_rcc.o(i.HAL_RCC_GetPCLK1Freq)
    HAL_RCC_GetPCLK2Freq                     0x08002e6d   Thumb Code    20  stm32f7xx_hal_rcc.o(i.HAL_RCC_GetPCLK2Freq)
    HAL_RCC_GetSysClockFreq                  0x08002e8d   Thumb Code    88  stm32f7xx_hal_rcc.o(i.HAL_RCC_GetSysClockFreq)
    HAL_RCC_OscConfig                        0x08002eed   Thumb Code   864  stm32f7xx_hal_rcc.o(i.HAL_RCC_OscConfig)
    HAL_TIMEx_Break2Callback                 0x08003259   Thumb Code     2  stm32f7xx_hal_tim_ex.o(i.HAL_TIMEx_Break2Callback)
    HAL_TIMEx_BreakCallback                  0x0800325b   Thumb Code     2  stm32f7xx_hal_tim_ex.o(i.HAL_TIMEx_BreakCallback)
    HAL_TIMEx_CommutCallback                 0x0800325d   Thumb Code     2  stm32f7xx_hal_tim_ex.o(i.HAL_TIMEx_CommutCallback)
    HAL_TIMEx_ConfigBreakDeadTime            0x08003261   Thumb Code   132  stm32f7xx_hal_tim_ex.o(i.HAL_TIMEx_ConfigBreakDeadTime)
    HAL_TIMEx_MasterConfigSynchronization    0x080032ed   Thumb Code   136  stm32f7xx_hal_tim_ex.o(i.HAL_TIMEx_MasterConfigSynchronization)
    HAL_TIM_Base_Init                        0x08003391   Thumb Code    98  stm32f7xx_hal_tim.o(i.HAL_TIM_Base_Init)
    HAL_TIM_Base_MspInit                     0x080033f5   Thumb Code   210  tim.o(i.HAL_TIM_Base_MspInit)
    HAL_TIM_Base_Start                       0x080034dd   Thumb Code    96  stm32f7xx_hal_tim.o(i.HAL_TIM_Base_Start)
    HAL_TIM_Base_Start_IT                    0x0800355d   Thumb Code   106  stm32f7xx_hal_tim.o(i.HAL_TIM_Base_Start_IT)
    HAL_TIM_ConfigClockSource                0x080035e9   Thumb Code   220  stm32f7xx_hal_tim.o(i.HAL_TIM_ConfigClockSource)
    HAL_TIM_Encoder_Init                     0x080036c9   Thumb Code   170  stm32f7xx_hal_tim.o(i.HAL_TIM_Encoder_Init)
    HAL_TIM_Encoder_MspInit                  0x08003779   Thumb Code   396  tim.o(i.HAL_TIM_Encoder_MspInit)
    HAL_TIM_Encoder_Start                    0x08003921   Thumb Code   146  stm32f7xx_hal_tim.o(i.HAL_TIM_Encoder_Start)
    HAL_TIM_IC_CaptureCallback               0x080039b3   Thumb Code     2  stm32f7xx_hal_tim.o(i.HAL_TIM_IC_CaptureCallback)
    HAL_TIM_IRQHandler                       0x080039b5   Thumb Code   330  stm32f7xx_hal_tim.o(i.HAL_TIM_IRQHandler)
    HAL_TIM_MspPostInit                      0x08003b01   Thumb Code   194  tim.o(i.HAL_TIM_MspPostInit)
    HAL_TIM_OC_DelayElapsedCallback          0x08003be9   Thumb Code     2  stm32f7xx_hal_tim.o(i.HAL_TIM_OC_DelayElapsedCallback)
    HAL_TIM_PWM_ConfigChannel                0x08003beb   Thumb Code   292  stm32f7xx_hal_tim.o(i.HAL_TIM_PWM_ConfigChannel)
    HAL_TIM_PWM_Init                         0x08003d0f   Thumb Code    98  stm32f7xx_hal_tim.o(i.HAL_TIM_PWM_Init)
    HAL_TIM_PWM_MspInit                      0x08003d71   Thumb Code    50  tim.o(i.HAL_TIM_PWM_MspInit)
    HAL_TIM_PWM_PulseFinishedCallback        0x08003dad   Thumb Code     2  stm32f7xx_hal_tim.o(i.HAL_TIM_PWM_PulseFinishedCallback)
    HAL_TIM_PWM_Start                        0x08003db1   Thumb Code   224  stm32f7xx_hal_tim.o(i.HAL_TIM_PWM_Start)
    HAL_TIM_PeriodElapsedCallback            0x08003eb1   Thumb Code    14  encoder.o(i.HAL_TIM_PeriodElapsedCallback)
    HAL_TIM_TriggerCallback                  0x08003ec5   Thumb Code     2  stm32f7xx_hal_tim.o(i.HAL_TIM_TriggerCallback)
    HAL_UARTEx_ReceiveToIdle_DMA             0x08003ec7   Thumb Code    82  stm32f7xx_hal_uart_ex.o(i.HAL_UARTEx_ReceiveToIdle_DMA)
    HAL_UARTEx_RxEventCallback               0x08003f19   Thumb Code    40  rec_usart.o(i.HAL_UARTEx_RxEventCallback)
    HAL_UART_DMAStop                         0x08003f4d   Thumb Code   142  stm32f7xx_hal_uart.o(i.HAL_UART_DMAStop)
    HAL_UART_ErrorCallback                   0x08003fdb   Thumb Code     2  stm32f7xx_hal_uart.o(i.HAL_UART_ErrorCallback)
    HAL_UART_IRQHandler                      0x08003fdd   Thumb Code   674  stm32f7xx_hal_uart.o(i.HAL_UART_IRQHandler)
    HAL_UART_Init                            0x08004289   Thumb Code   102  stm32f7xx_hal_uart.o(i.HAL_UART_Init)
    HAL_UART_MspInit                         0x080042f1   Thumb Code   788  usart.o(i.HAL_UART_MspInit)
    HAL_UART_Receive_DMA                     0x0800463d   Thumb Code    60  stm32f7xx_hal_uart.o(i.HAL_UART_Receive_DMA)
    HAL_UART_Receive_IT                      0x08004679   Thumb Code    60  stm32f7xx_hal_uart.o(i.HAL_UART_Receive_IT)
    HAL_UART_RxCpltCallback                  0x080046b5   Thumb Code     2  stm32f7xx_hal_uart.o(i.HAL_UART_RxCpltCallback)
    HAL_UART_RxHalfCpltCallback              0x080046b7   Thumb Code     2  stm32f7xx_hal_uart.o(i.HAL_UART_RxHalfCpltCallback)
    HAL_UART_Transmit                        0x080046b9   Thumb Code   168  stm32f7xx_hal_uart.o(i.HAL_UART_Transmit)
    HAL_UART_TxCpltCallback                  0x08004761   Thumb Code     2  stm32f7xx_hal_uart.o(i.HAL_UART_TxCpltCallback)
    HardFault_Handler                        0x08004763   Thumb Code     2  stm32f7xx_it.o(i.HardFault_Handler)
    IMU_CalibrateZero                        0x08004765   Thumb Code   132  imu.o(i.IMU_CalibrateZero)
    Line_Scan                                0x080047f5   Thumb Code   188  scaner.o(i.Line_Scan)
    MX_ADC1_Init                             0x080048b5   Thumb Code   150  adc.o(i.MX_ADC1_Init)
    MX_DMA_Init                              0x08004959   Thumb Code    88  dma.o(i.MX_DMA_Init)
    MX_FREERTOS_Init                         0x080049b5   Thumb Code    30  freertos.o(i.MX_FREERTOS_Init)
    MX_GPIO_Init                             0x080049dd   Thumb Code   250  gpio.o(i.MX_GPIO_Init)
    MX_TIM11_Init                            0x08004aed   Thumb Code    48  tim.o(i.MX_TIM11_Init)
    MX_TIM12_Init                            0x08004b25   Thumb Code    98  tim.o(i.MX_TIM12_Init)
    MX_TIM1_Init                             0x08004b91   Thumb Code   106  tim.o(i.MX_TIM1_Init)
    MX_TIM2_Init                             0x08004c05   Thumb Code   104  tim.o(i.MX_TIM2_Init)
    MX_TIM3_Init                             0x08004c71   Thumb Code   102  tim.o(i.MX_TIM3_Init)
    MX_TIM4_Init                             0x08004ce1   Thumb Code   194  tim.o(i.MX_TIM4_Init)
    MX_TIM5_Init                             0x08004dad   Thumb Code   102  tim.o(i.MX_TIM5_Init)
    MX_TIM8_Init                             0x08004e1d   Thumb Code   222  tim.o(i.MX_TIM8_Init)
    MX_TIM9_Init                             0x08004f05   Thumb Code   138  tim.o(i.MX_TIM9_Init)
    MX_UART4_Init                            0x08004f99   Thumb Code    52  usart.o(i.MX_UART4_Init)
    MX_UART5_Init                            0x08004fd5   Thumb Code    52  usart.o(i.MX_UART5_Init)
    MX_UART7_Init                            0x08005011   Thumb Code    52  usart.o(i.MX_UART7_Init)
    MX_UART8_Init                            0x0800504d   Thumb Code    52  usart.o(i.MX_UART8_Init)
    MX_USART1_UART_Init                      0x08005089   Thumb Code    52  usart.o(i.MX_USART1_UART_Init)
    MX_USART3_UART_Init                      0x080050c5   Thumb Code    52  usart.o(i.MX_USART3_UART_Init)
    Maxicam_Enable                           0x08005101   Thumb Code    10  k210.o(i.Maxicam_Enable)
    MemManage_Handler                        0x08005115   Thumb Code     2  stm32f7xx_it.o(i.MemManage_Handler)
    Motor_Control                            0x08005119   Thumb Code   208  barrier.o(i.Motor_Control)
    NMI_Handler                              0x080051f9   Thumb Code     2  stm32f7xx_it.o(i.NMI_Handler)
    Rec_usart_init                           0x080051fd   Thumb Code    26  rec_usart.o(i.Rec_usart_init)
    Robot_Work                               0x08005225   Thumb Code   182  rudder_control.o(i.Robot_Work)
    ScanerMode_Switch                        0x080052dd   Thumb Code    82  gray.o(i.ScanerMode_Switch)
    Stage_turn_Angle                         0x08005345   Thumb Code   154  turn.o(i.Stage_turn_Angle)
    StartDefaultTask                         0x080053f5   Thumb Code    32  freertos.o(i.StartDefaultTask)
    Start_task                               0x08005425   Thumb Code    38  temporary_task.o(i.Start_task)
    Start_task_create                        0x08005451   Thumb Code    24  task_create.o(i.Start_task_create)
    SysTick_Handler                          0x0800547d   Thumb Code    42  port.o(i.SysTick_Handler)
    SystemClock_Config                       0x080054ad   Thumb Code   148  main.o(i.SystemClock_Config)
    SystemInit                               0x08005549   Thumb Code    12  system_stm32f7xx.o(i.SystemInit)
    TIM1_BRK_TIM9_IRQHandler                 0x08005559   Thumb Code    18  stm32f7xx_it.o(i.TIM1_BRK_TIM9_IRQHandler)
    TIM1_CC_IRQHandler                       0x08005575   Thumb Code     6  stm32f7xx_it.o(i.TIM1_CC_IRQHandler)
    TIM1_TRG_COM_TIM11_IRQHandler            0x08005581   Thumb Code    18  stm32f7xx_it.o(i.TIM1_TRG_COM_TIM11_IRQHandler)
    TIM1_UP_TIM10_IRQHandler                 0x0800559d   Thumb Code     6  stm32f7xx_it.o(i.TIM1_UP_TIM10_IRQHandler)
    TIM2_IRQHandler                          0x080055a9   Thumb Code     6  stm32f7xx_it.o(i.TIM2_IRQHandler)
    TIM3_IRQHandler                          0x080055b5   Thumb Code     6  stm32f7xx_it.o(i.TIM3_IRQHandler)
    TIM4_IRQHandler                          0x080055c1   Thumb Code     6  stm32f7xx_it.o(i.TIM4_IRQHandler)
    TIM7_IRQHandler                          0x080055cd   Thumb Code    58  delay.o(i.TIM7_IRQHandler)
    TIM8_BRK_TIM12_IRQHandler                0x08005615   Thumb Code    18  stm32f7xx_it.o(i.TIM8_BRK_TIM12_IRQHandler)
    TIM8_CC_IRQHandler                       0x08005631   Thumb Code     6  stm32f7xx_it.o(i.TIM8_CC_IRQHandler)
    TIM8_TRG_COM_TIM14_IRQHandler            0x0800563d   Thumb Code    18  stm32f7xx_it.o(i.TIM8_TRG_COM_TIM14_IRQHandler)
    TIM8_UP_TIM13_IRQHandler                 0x08005659   Thumb Code     6  stm32f7xx_it.o(i.TIM8_UP_TIM13_IRQHandler)
    TIM_Base_SetConfig                       0x08005665   Thumb Code   164  stm32f7xx_hal_tim.o(i.TIM_Base_SetConfig)
    TIM_CCxChannelCmd                        0x08005735   Thumb Code    26  stm32f7xx_hal_tim.o(i.TIM_CCxChannelCmd)
    TIM_ETR_SetConfig                        0x0800574f   Thumb Code    20  stm32f7xx_hal_tim.o(i.TIM_ETR_SetConfig)
    TIM_OC2_SetConfig                        0x080057dd   Thumb Code   102  stm32f7xx_hal_tim.o(i.TIM_OC2_SetConfig)
    Turn360Step                              0x08005a05   Thumb Code   168  turn.o(i.Turn360Step)
    Turn_Angle                               0x08005ac9   Thumb Code   184  turn.o(i.Turn_Angle)
    Turn_Angle_Relative                      0x08005b9d   Thumb Code    72  turn.o(i.Turn_Angle_Relative)
    UART4_IRQHandler                         0x08005bf5   Thumb Code     6  stm32f7xx_it.o(i.UART4_IRQHandler)
    UART5_IRQHandler                         0x08005c01   Thumb Code     6  stm32f7xx_it.o(i.UART5_IRQHandler)
    UART7_IRQHandler                         0x08005c0d   Thumb Code     6  stm32f7xx_it.o(i.UART7_IRQHandler)
    UART8_IRQHandler                         0x08005c19   Thumb Code     6  stm32f7xx_it.o(i.UART8_IRQHandler)
    UART_AdvFeatureConfig                    0x08005c25   Thumb Code   200  stm32f7xx_hal_uart.o(i.UART_AdvFeatureConfig)
    UART_CheckIdleState                      0x08005ced   Thumb Code    92  stm32f7xx_hal_uart.o(i.UART_CheckIdleState)
    UART_SetConfig                           0x08006061   Thumb Code   518  stm32f7xx_hal_uart.o(i.UART_SetConfig)
    UART_Start_Receive_DMA                   0x08006295   Thumb Code   148  stm32f7xx_hal_uart.o(i.UART_Start_Receive_DMA)
    UART_Start_Receive_IT                    0x08006335   Thumb Code   174  stm32f7xx_hal_uart.o(i.UART_Start_Receive_IT)
    UART_WaitOnFlagUntilTimeout              0x080063ed   Thumb Code   146  stm32f7xx_hal_uart.o(i.UART_WaitOnFlagUntilTimeout)
    USART1_IRQHandler                        0x08006481   Thumb Code     6  stm32f7xx_it.o(i.USART1_IRQHandler)
    USART3_IRQHandler                        0x0800648d   Thumb Code   350  imu.o(i.USART3_IRQHandler)
    Update_line_data                         0x0800661d   Thumb Code    74  scaner.o(i.Update_line_data)
    UsageFault_Handler                       0x0800666d   Thumb Code     2  stm32f7xx_it.o(i.UsageFault_Handler)
    __0printf$1                              0x08006671   Thumb Code    22  printf1.o(i.__0printf$1)
    __1printf$1                              0x08006671   Thumb Code     0  printf1.o(i.__0printf$1)
    __2printf                                0x08006671   Thumb Code     0  printf1.o(i.__0printf$1)
    __hardfp_atof                            0x080066b1   Thumb Code    44  atof.o(i.__hardfp_atof)
    __read_errno                             0x080066e9   Thumb Code     6  errno.o(i.__read_errno)
    __scatterload_copy                       0x080066f5   Thumb Code    14  handlers.o(i.__scatterload_copy)
    __scatterload_null                       0x08006703   Thumb Code     2  handlers.o(i.__scatterload_null)
    __scatterload_zeroinit                   0x08006705   Thumb Code    14  handlers.o(i.__scatterload_zeroinit)
    __set_errno                              0x08006715   Thumb Code     6  errno.o(i.__set_errno)
    _is_digit                                0x08006721   Thumb Code    14  scanf_fp.o(i._is_digit)
    arrive_detect_task                       0x08006885   Thumb Code   122  arrivedetect_task.o(i.arrive_detect_task)
    buzzer_off                               0x0800691d   Thumb Code    24  bsp_buzzer.o(i.buzzer_off)
    buzzer_on                                0x08006939   Thumb Code    22  bsp_buzzer.o(i.buzzer_on)
    close_Maxicam                            0x08006955   Thumb Code    58  k210.o(i.close_Maxicam)
    create_ArriveDetect_task                 0x08006995   Thumb Code    26  task_create.o(i.create_ArriveDetect_task)
    deal_arrive                              0x080069cd   Thumb Code   352  arrivedetect_task.o(i.deal_arrive)
    delay_ms                                 0x08006b3d   Thumb Code    28  delay.o(i.delay_ms)
    delay_us                                 0x08006b59   Thumb Code    14  delay.o(i.delay_us)
    encoder_clear                            0x08006b6d   Thumb Code    30  encoder.o(i.encoder_clear)
    error_detect_one                         0x08006ba1   Thumb Code    26  scaner.o(i.error_detect_one)
    filter                                   0x08006bbd   Thumb Code   100  filter.o(i.filter)
    fputc                                    0x08006c25   Thumb Code    20  usart.o(i.fputc)
    getAngleZ                                0x08006c3d   Thumb Code    52  turn.o(i.getAngleZ)
    getNextConnectNode                       0x08006c81   Thumb Code    42  map.o(i.getNextConnectNode)
    get_Infrared                             0x08006cb9   Thumb Code    48  bsp_linefollower.o(i.get_Infrared)
    get_PIDdata                              0x08006cf1   Thumb Code   180  rec_usart.o(i.get_PIDdata)
    get_latest_yaw                           0x08006de1   Thumb Code    58  imu.o(i.get_latest_yaw)
    get_motor_speed                          0x08006e25   Thumb Code   142  motor_task.o(i.get_motor_speed)
    get_newroute                             0x08006ed9   Thumb Code  2388  barrier.o(i.get_newroute)
    getline_error                            0x08007835   Thumb Code   252  scaner.o(i.getline_error)
    gradual_cal                              0x0800794d   Thumb Code    60  speed_ctrl.o(i.gradual_cal)
    handle_gyro_mode                         0x08007989   Thumb Code    60  motor_task.o(i.handle_gyro_mode)
    handle_infrared                          0x080079d9   Thumb Code    14  motor_task.o(i.handle_infrared)
    handle_line_mode                         0x080079ed   Thumb Code    58  motor_task.o(i.handle_line_mode)
    handle_mode_switch                       0x08007a39   Thumb Code   144  motor_task.o(i.handle_mode_switch)
    handle_motor_speed                       0x08007ae1   Thumb Code   106  motor_task.o(i.handle_motor_speed)
    handle_pid_control                       0x08007b71   Thumb Code    68  motor_task.o(i.handle_pid_control)
    handle_qiang_jiao                        0x08007bd9   Thumb Code    58  motor_task.o(i.handle_qiang_jiao)
    handle_target_speed                      0x08007c35   Thumb Code    92  motor_task.o(i.handle_target_speed)
    handle_turn_mode                         0x08007cad   Thumb Code   120  motor_task.o(i.handle_turn_mode)
    imu_receive_init                         0x08007d3d   Thumb Code    50  imu.o(i.imu_receive_init)
    incremental_PID                          0x08007d7d   Thumb Code   174  pid.o(i.incremental_PID)
    main                                     0x08007e31   Thumb Code   174  main.o(i.main)
    main_task                                0x08007ee1   Thumb Code   134  main_task.o(i.main_task)
    main_task_create                         0x08007f89   Thumb Code    26  task_create.o(i.main_task_create)
    mapInit1                                 0x08007fc5   Thumb Code    48  map.o(i.mapInit1)
    motor_init                               0x08008001   Thumb Code   114  motor.o(i.motor_init)
    motor_pid_clear                          0x08008085   Thumb Code    86  pid.o(i.motor_pid_clear)
    motor_set_pwm                            0x080080e1   Thumb Code   144  motor.o(i.motor_set_pwm)
    motor_task                               0x08008181   Thumb Code    46  motor_task.o(i.motor_task)
    motor_task_create                        0x080081b1   Thumb Code    26  motor_task.o(i.motor_task_create)
    moveServo                                0x080081e1   Thumb Code    64  rudder_control.o(i.moveServo)
    mpuZreset                                0x08008225   Thumb Code    14  turn.o(i.mpuZreset)
    need2turn                                0x08008239   Thumb Code    40  turn.o(i.need2turn)
    osDelay                                  0x0800826d   Thumb Code    14  cmsis_os.o(i.osDelay)
    osKernelStart                            0x0800827b   Thumb Code    10  cmsis_os.o(i.osKernelStart)
    osThreadCreate                           0x08008285   Thumb Code    84  cmsis_os.o(i.osThreadCreate)
    pid_init                                 0x080082d9   Thumb Code   324  pid.o(i.pid_init)
    pid_mode_switch                          0x08008445   Thumb Code   244  motor_task.o(i.pid_mode_switch)
    pos_detect                               0x08008555   Thumb Code    70  scaner.o(i.pos_detect)
    positional_PID                           0x080085a1   Thumb Code   156  pid.o(i.positional_PID)
    pvPortMalloc                             0x08008af1   Thumb Code   222  heap_4.o(i.pvPortMalloc)
    pvTaskIncrementMutexHeldCount            0x08008bd5   Thumb Code    18  tasks.o(i.pvTaskIncrementMutexHeldCount)
    pxPortInitialiseStack                    0x08008bed   Thumb Code    40  port.o(i.pxPortInitialiseStack)
    runWithAngle                             0x08008c19   Thumb Code   130  turn.o(i.runWithAngle)
    send_play_specified_command              0x08008cb1   Thumb Code    68  arrivedetect_task.o(i.send_play_specified_command)
    ulTaskNotifyTake                         0x08008d01   Thumb Code    96  tasks.o(i.ulTaskNotifyTake)
    user_init                                0x08008d69   Thumb Code    34  temporary_task.o(i.user_init)
    uxListRemove                             0x08008d8b   Thumb Code    38  list.o(i.uxListRemove)
    vApplicationGetIdleTaskMemory            0x08008db1   Thumb Code    18  freertos.o(i.vApplicationGetIdleTaskMemory)
    vListInitialise                          0x08008dc9   Thumb Code    22  list.o(i.vListInitialise)
    vListInitialiseItem                      0x08008ddf   Thumb Code     6  list.o(i.vListInitialiseItem)
    vListInsert                              0x08008de5   Thumb Code    48  list.o(i.vListInsert)
    vListInsertEnd                           0x08008e15   Thumb Code    24  list.o(i.vListInsertEnd)
    vPortEnterCritical                       0x08008e2d   Thumb Code    62  port.o(i.vPortEnterCritical)
    vPortExitCritical                        0x08008e75   Thumb Code    38  port.o(i.vPortExitCritical)
    vPortFree                                0x08008ea1   Thumb Code    96  heap_4.o(i.vPortFree)
    vPortSetupTimerInterrupt                 0x08008f05   Thumb Code    32  port.o(i.vPortSetupTimerInterrupt)
    vPortValidateInterruptPriority           0x08008f29   Thumb Code    82  port.o(i.vPortValidateInterruptPriority)
    vTaskDelay                               0x08008f85   Thumb Code    70  tasks.o(i.vTaskDelay)
    vTaskDelayUntil                          0x08008fd5   Thumb Code   148  tasks.o(i.vTaskDelayUntil)
    vTaskDelete                              0x08009071   Thumb Code   162  tasks.o(i.vTaskDelete)
    vTaskInternalSetTimeOutState             0x08009121   Thumb Code    12  tasks.o(i.vTaskInternalSetTimeOutState)
    vTaskMissedYield                         0x08009131   Thumb Code     8  tasks.o(i.vTaskMissedYield)
    vTaskPlaceOnEventList                    0x0800913d   Thumb Code    48  tasks.o(i.vTaskPlaceOnEventList)
    vTaskPriorityDisinheritAfterTimeout      0x08009171   Thumb Code   170  tasks.o(i.vTaskPriorityDisinheritAfterTimeout)
    vTaskStartScheduler                      0x08009225   Thumb Code    94  tasks.o(i.vTaskStartScheduler)
    vTaskSuspendAll                          0x08009295   Thumb Code    10  tasks.o(i.vTaskSuspendAll)
    vTaskSwitchContext                       0x080092a5   Thumb Code    86  tasks.o(i.vTaskSwitchContext)
    value_calculation                        0x08009305   Thumb Code  1202  scaner.o(i.value_calculation)
    xPortStartScheduler                      0x080097b9   Thumb Code   178  port.o(i.xPortStartScheduler)
    xQueueCreateMutex                        0x0800987d   Thumb Code    22  queue.o(i.xQueueCreateMutex)
    xQueueGenericCreate                      0x08009893   Thumb Code    76  queue.o(i.xQueueGenericCreate)
    xQueueGenericReset                       0x080098e1   Thumb Code   136  queue.o(i.xQueueGenericReset)
    xQueueGenericSend                        0x0800996d   Thumb Code   366  queue.o(i.xQueueGenericSend)
    xQueueGiveFromISR                        0x08009ae1   Thumb Code   172  queue.o(i.xQueueGiveFromISR)
    xQueueReceiveFromISR                     0x08009b8d   Thumb Code   166  queue.o(i.xQueueReceiveFromISR)
    xQueueSemaphoreTake                      0x08009c35   Thumb Code   388  queue.o(i.xQueueSemaphoreTake)
    xTaskCheckForTimeOut                     0x08009dbd   Thumb Code   120  tasks.o(i.xTaskCheckForTimeOut)
    xTaskCreate                              0x08009e39   Thumb Code    90  tasks.o(i.xTaskCreate)
    xTaskCreateStatic                        0x08009e93   Thumb Code    98  tasks.o(i.xTaskCreateStatic)
    xTaskGenericNotify                       0x08009ef5   Thumb Code   224  tasks.o(i.xTaskGenericNotify)
    xTaskGetSchedulerState                   0x08009fe1   Thumb Code    22  tasks.o(i.xTaskGetSchedulerState)
    xTaskGetTickCount                        0x08009ffd   Thumb Code     6  tasks.o(i.xTaskGetTickCount)
    xTaskIncrementTick                       0x0800a009   Thumb Code   196  tasks.o(i.xTaskIncrementTick)
    xTaskPriorityDisinherit                  0x0800a0d5   Thumb Code   152  tasks.o(i.xTaskPriorityDisinherit)
    xTaskPriorityInherit                     0x0800a175   Thumb Code   140  tasks.o(i.xTaskPriorityInherit)
    xTaskRemoveFromEventList                 0x0800a209   Thumb Code   112  tasks.o(i.xTaskRemoveFromEventList)
    xTaskResumeAll                           0x0800a281   Thumb Code   186  tasks.o(i.xTaskResumeAll)
    zhunbei                                  0x0800a349   Thumb Code   418  barrier.o(i.zhunbei)
    AHBPrescTable                            0x0800a544   Data          16  system_stm32f7xx.o(.constdata)
    APBPrescTable                            0x0800a554   Data           8  system_stm32f7xx.o(.constdata)
    line_weight_default                      0x0800b38c   Data          64  scaner.o(.constdata)
    lineG_weight_default                     0x0800b3cc   Data          32  scaner.o(.constdata)
    __ctype_categories                       0x0800b3ec   Data          64  ctype_c.o(.constdata)
    Region$$Table$$Base                      0x0800b438   Number         0  anon$$obj.o(Region$$Table)
    Region$$Table$$Limit                     0x0800b458   Number         0  anon$$obj.o(Region$$Table)
    defaultTaskHandle                        0x20000000   Data           4  freertos.o(.data)
    uwTickFreq                               0x20000004   Data           1  stm32f7xx_hal.o(.data)
    uwTickPrio                               0x20000008   Data           4  stm32f7xx_hal.o(.data)
    uwTick                                   0x2000000c   Data           4  stm32f7xx_hal.o(.data)
    SystemCoreClock                          0x20000010   Data           4  system_stm32f7xx.o(.data)
    pxCurrentTCB                             0x20000014   Data           4  tasks.o(.data)
    Speed                                    0x20000074   Data           8  encoder.o(.data)
    motor_all                                0x2000007c   Data          60  speed_ctrl.o(.data)
    TC_speed                                 0x200000b8   Data           4  speed_ctrl.o(.data)
    TG_speed                                 0x200000bc   Data           4  speed_ctrl.o(.data)
    line_gyro_switch                         0x200000c0   Data           1  motor_task.o(.data)
    open_qiang_jiao                          0x200000c1   Data           1  motor_task.o(.data)
    PIDMode                                  0x200000c3   Data           1  motor_task.o(.data)
    MOTOR_PWM_MAX                            0x200000c4   Data           4  motor_task.o(.data)
    motor_handler                            0x200000c8   Data           4  motor_task.o(.data)
    dirct                                    0x200000cc   Data          16  motor_task.o(.data)
    xHandle_ArriveDetect                     0x200000dc   Data           4  task_create.o(.data)
    Start_handler                            0x200000e0   Data           4  task_create.o(.data)
    main_handler                             0x200000e4   Data           4  task_create.o(.data)
    filter_Open                              0x200000e8   Data           1  filter.o(.data)
    basic_p                                  0x200000ec   Data           4  imu.o(.data)
    imu_rx_len                               0x200000f0   Data           1  imu.o(.data)
    basic_y                                  0x200000f4   Data           4  imu.o(.data)
    imu_mutex                                0x200000fc   Data           4  imu.o(.data)
    infrare_open                             0x20000100   Data           1  bsp_linefollower.o(.data)
    infrared                                 0x20000101   Data           6  bsp_linefollower.o(.data)
    Clue_Num                                 0x20000107   Data           1  k210.o(.data)
    K210_Rece                                0x20000108   Data           1  k210.o(.data)
    Maxicam_Rx                               0x20000109   Data           1  k210.o(.data)
    open_QR_mode_sign                        0x2000010a   Data           1  k210.o(.data)
    open_OCR_mode_sign                       0x2000010b   Data           1  k210.o(.data)
    WavePlateLeft_Flag                       0x20000114   Data           1  barrier.o(.data)
    WavePlateRight_Flag                      0x20000115   Data           1  barrier.o(.data)
    isStage                                  0x20000116   Data           1  barrier.o(.data)
    treasure                                 0x20000117   Data           1  barrier.o(.data)
    DownLiuShui                              0x20000118   Data           1  barrier.o(.data)
    line_clue                                0x20000119   Data           1  barrier.o(.data)
    clue_A_stage                             0x2000011a   Data           1  barrier.o(.data)
    clue_B_stage                             0x2000011b   Data           1  barrier.o(.data)
    clue_A                                   0x2000011c   Data           1  barrier.o(.data)
    clue_B                                   0x2000011d   Data           1  barrier.o(.data)
    get_cude                                 0x2000011e   Data           1  barrier.o(.data)
    LiuShuiRate                              0x20000128   Data           4  barrier.o(.data)
    color_flag                               0x20000130   Data           5  barrier.o(.data)
    ScanerMode                               0x20000136   Data           1  gray.o(.data)
    AD_Value_Gray                            0x20000138   Data           8  gray.o(.data)
    mul2sing                                 0x20000140   Data           1  map.o(.data)
    sing2mul                                 0x20000141   Data           1  map.o(.data)
    isAllRoute                               0x20000142   Data           1  map.o(.data)
    map                                      0x20000146   Data           2  map.o(.data)
    ErrorTimes                               0x20000148   Data           2  map.o(.data)
    route                                    0x2000014a   Data         100  map.o(.data)
    Node                                     0x200001b0   Data        3024  map_message.o(.data)
    ConnectionNum                            0x20000d80   Data          52  map_message.o(.data)
    Address                                  0x20000db4   Data          53  map_message.o(.data)
    LEFT_RIGHT_LINE                          0x20000dec   Data           1  scaner.o(.data)
    isFilter                                 0x20000ded   Data           1  scaner.o(.data)
    Fspeed                                   0x20000df0   Data           4  scaner.o(.data)
    scaner_set                               0x20000df4   Data           8  scaner.o(.data)
    line_data                                0x20000dfc   Data          60  scaner.o(.data)
    Turn360_Flag                             0x20000e38   Data           1  turn.o(.data)
    MustBeZero                               0x20000e39   Data           1  turn.o(.data)
    Turn360RecallAngle                       0x20000e3c   Data           4  turn.o(.data)
    angle                                    0x20000e40   Data           8  turn.o(.data)
    readIndex                                0x20000e48   Data           1  command.o(.data)
    writeIndex                               0x20000e49   Data           1  command.o(.data)
    __stdout                                 0x20000e4c   Data           4  stdout.o(.data)
    hadc1                                    0x200012a8   Data          72  adc.o(.bss)
    hdma_adc1                                0x200012f0   Data          96  adc.o(.bss)
    htim1                                    0x20001350   Data          76  tim.o(.bss)
    htim2                                    0x2000139c   Data          76  tim.o(.bss)
    htim3                                    0x200013e8   Data          76  tim.o(.bss)
    htim4                                    0x20001434   Data          76  tim.o(.bss)
    htim5                                    0x20001480   Data          76  tim.o(.bss)
    htim8                                    0x200014cc   Data          76  tim.o(.bss)
    htim9                                    0x20001518   Data          76  tim.o(.bss)
    htim11                                   0x20001564   Data          76  tim.o(.bss)
    htim12                                   0x200015b0   Data          76  tim.o(.bss)
    huart4                                   0x200015fc   Data         136  usart.o(.bss)
    huart5                                   0x20001684   Data         136  usart.o(.bss)
    huart7                                   0x2000170c   Data         136  usart.o(.bss)
    huart8                                   0x20001794   Data         136  usart.o(.bss)
    huart1                                   0x2000181c   Data         136  usart.o(.bss)
    huart3                                   0x200018a4   Data         136  usart.o(.bss)
    hdma_uart4_rx                            0x2000192c   Data          96  usart.o(.bss)
    hdma_usart3_rx                           0x2000198c   Data          96  usart.o(.bss)
    htim14                                   0x200019ec   Data          76  stm32f7xx_hal_timebase_tim.o(.bss)
    motor_L0                                 0x20005728   Data          24  pid.o(.bss)
    motor_L1                                 0x20005740   Data          24  pid.o(.bss)
    motor_R0                                 0x20005758   Data          24  pid.o(.bss)
    motor_R1                                 0x20005770   Data          24  pid.o(.bss)
    motor_pid_paramL0                        0x20005788   Data          28  pid.o(.bss)
    motor_pid_paramL1                        0x200057a4   Data          28  pid.o(.bss)
    motor_pid_paramR0                        0x200057c0   Data          28  pid.o(.bss)
    motor_pid_paramR1                        0x200057dc   Data          28  pid.o(.bss)
    line_pid_param                           0x200057f8   Data          28  pid.o(.bss)
    lineG_pid_param                          0x20005814   Data          28  pid.o(.bss)
    gyroT_pid_param                          0x20005830   Data          28  pid.o(.bss)
    gyroG_pid_param                          0x2000584c   Data          28  pid.o(.bss)
    GyroP_pid_param                          0x20005868   Data          28  pid.o(.bss)
    line_pid_obj                             0x20005884   Data          28  pid.o(.bss)
    gyroT_pid                                0x200058a0   Data          28  pid.o(.bss)
    gyroG_pid                                0x200058bc   Data          28  pid.o(.bss)
    imu_rx_buf                               0x200058d8   Data          33  imu.o(.bss)
    imu                                      0x200058fc   Data          20  imu.o(.bss)
    imu_shared_data                          0x20005910   Data          20  imu.o(.bss)
    gyro                                     0x20005924   Data         136  imu.o(.bss)
    Rudder                                   0x200059ac   Data         136  rudder_control.o(.bss)
    LobotTxBuf                               0x20005a34   Data         128  rudder_control.o(.bss)
    Rx_data                                  0x20005ab4   Data          10  rec_usart.o(.bss)
    command                                  0x20005abe   Data          30  rec_usart.o(.bss)
    TIM7_Handler                             0x20005adc   Data          76  delay.o(.bss)
    nodesr                                   0x20005b28   Data          76  map.o(.bss)
    line_weight                              0x20005b74   Data          64  scaner.o(.bss)
    Scaner                                   0x20005bb4   Data          16  scaner.o(.bss)
    Cross_Scaner                             0x20005bc4   Data          16  scaner.o(.bss)
    buffer                                   0x20005bd4   Data          60  command.o(.bss)
    __initial_sp                             0x20006010   Data           0  startup_stm32f750xx.o(STACK)



==============================================================================

Memory Map of the image

  Image Entry point : 0x080001c9

  Load Region LR_IROM1 (Base: 0x08000000, Size: 0x0000c2ac, Max: 0x00010000, ABSOLUTE, COMPRESSED[0x0000b998])

    Execution Region ER_IROM1 (Exec base: 0x08000000, Load base: 0x08000000, Size: 0x0000b458, Max: 0x00010000, ABSOLUTE)

    Exec Addr    Load Addr    Size         Type   Attr      Idx    E Section Name        Object

    0x08000000   0x08000000   0x000001c8   Data   RO            3    RESET               startup_stm32f750xx.o
    0x080001c8   0x080001c8   0x00000000   Code   RO         7544  * .ARM.Collect$$$$00000000  mc_w.l(entry.o)
    0x080001c8   0x080001c8   0x00000004   Code   RO         7868    .ARM.Collect$$$$00000001  mc_w.l(entry2.o)
    0x080001cc   0x080001cc   0x00000004   Code   RO         7871    .ARM.Collect$$$$00000004  mc_w.l(entry5.o)
    0x080001d0   0x080001d0   0x00000000   Code   RO         7873    .ARM.Collect$$$$00000008  mc_w.l(entry7b.o)
    0x080001d0   0x080001d0   0x00000000   Code   RO         7875    .ARM.Collect$$$$0000000A  mc_w.l(entry8b.o)
    0x080001d0   0x080001d0   0x00000008   Code   RO         7876    .ARM.Collect$$$$0000000B  mc_w.l(entry9a.o)
    0x080001d8   0x080001d8   0x00000004   Code   RO         7883    .ARM.Collect$$$$0000000E  mc_w.l(entry12b.o)
    0x080001dc   0x080001dc   0x00000000   Code   RO         7878    .ARM.Collect$$$$0000000F  mc_w.l(entry10a.o)
    0x080001dc   0x080001dc   0x00000000   Code   RO         7880    .ARM.Collect$$$$00000011  mc_w.l(entry11a.o)
    0x080001dc   0x080001dc   0x00000004   Code   RO         7869    .ARM.Collect$$$$00002712  mc_w.l(entry2.o)
    0x080001e0   0x080001e0   0x000000c2   Code   RO         5549    .emb_text           port.o
    0x080002a2   0x080002a2   0x00000002   PAD
    0x080002a4   0x080002a4   0x00000024   Code   RO            4    .text               startup_stm32f750xx.o
    0x080002c8   0x080002c8   0x00000062   Code   RO         7547    .text               mc_w.l(uldiv.o)
    0x0800032a   0x0800032a   0x00000040   Code   RO         7551    .text               mc_w.l(memmovea.o)
    0x0800036a   0x0800036a   0x00000024   Code   RO         7555    .text               mc_w.l(memseta.o)
    0x0800038e   0x0800038e   0x0000001c   Code   RO         7557    .text               mc_w.l(strcmp.o)
    0x080003aa   0x080003aa   0x00000002   PAD
    0x080003ac   0x080003ac   0x00000038   Code   RO         7824    .text               mc_w.l(__0sscanf.o)
    0x080003e4   0x080003e4   0x000000e0   Code   RO         7826    .text               mc_w.l(_scanf_str.o)
    0x080004c4   0x080004c4   0x000000e4   Code   RO         7828    .text               mf_w.l(dmul.o)
    0x080005a8   0x080005a8   0x000000de   Code   RO         7830    .text               mf_w.l(ddiv.o)
    0x08000686   0x08000686   0x00000022   Code   RO         7832    .text               mf_w.l(dflti.o)
    0x080006a8   0x080006a8   0x00000038   Code   RO         7838    .text               mf_w.l(d2f.o)
    0x080006e0   0x080006e0   0x0000002c   Code   RO         7885    .text               mc_w.l(uidiv.o)
    0x0800070c   0x0800070c   0x0000001e   Code   RO         7887    .text               mc_w.l(llshl.o)
    0x0800072a   0x0800072a   0x00000020   Code   RO         7889    .text               mc_w.l(llushr.o)
    0x0800074a   0x0800074a   0x00000002   PAD
    0x0800074c   0x0800074c   0x00000028   Code   RO         7898    .text               mc_w.l(scanf_char.o)
    0x08000774   0x08000774   0x00000040   Code   RO         7900    .text               mc_w.l(_sgetc.o)
    0x080007b4   0x080007b4   0x0000009c   Code   RO         7902    .text               mc_w.l(strtod.o)
    0x08000850   0x08000850   0x00000000   Code   RO         7904    .text               mc_w.l(iusefp.o)
    0x08000850   0x08000850   0x0000006e   Code   RO         7905    .text               mf_w.l(fepilogue.o)
    0x080008be   0x080008be   0x000000ba   Code   RO         7907    .text               mf_w.l(depilogue.o)
    0x08000978   0x08000978   0x00000024   Code   RO         7927    .text               mc_w.l(init.o)
    0x0800099c   0x0800099c   0x0000000a   Code   RO         7931    .text               mc_w.l(isspace_c.o)
    0x080009a6   0x080009a6   0x00000002   PAD
    0x080009a8   0x080009a8   0x00000330   Code   RO         7933    .text               mc_w.l(_scanf.o)
    0x08000cd8   0x08000cd8   0x00000360   Code   RO         7935    .text               mc_w.l(scanf_fp.o)
    0x08001038   0x08001038   0x00000028   Code   RO         7943    .text               mc_w.l(ctype_c.o)
    0x08001060   0x08001060   0x00000018   Code   RO         7946    .text               mf_w.l(dfltul.o)
    0x08001078   0x08001078   0x0000005e   Code   RO         7956    .text               mc_w.l(__dclz77c.o)
    0x080010d6   0x080010d6   0x0000006e   Code   RO         1857    i.ADC_DMAConvCplt   stm32f7xx_hal_adc.o
    0x08001144   0x08001144   0x00000016   Code   RO         1858    i.ADC_DMAError      stm32f7xx_hal_adc.o
    0x0800115a   0x0800115a   0x0000000a   Code   RO         1859    i.ADC_DMAHalfConvCplt  stm32f7xx_hal_adc.o
    0x08001164   0x08001164   0x00000130   Code   RO         1860    i.ADC_Init          stm32f7xx_hal_adc.o
    0x08001294   0x08001294   0x00000002   Code   RO          588    i.BusFault_Handler  stm32f7xx_it.o
    0x08001296   0x08001296   0x00000002   PAD
    0x08001298   0x08001298   0x00000064   Code   RO         6962    i.Calculate_Error   gray.o
    0x080012fc   0x080012fc   0x00000040   Code   RO         5721    i.CarBrake          speed_ctrl.o
    0x0800133c   0x0800133c   0x00000010   Code   RO         5722    i.CarBrake_Stop     speed_ctrl.o
    0x0800134c   0x0800134c   0x0000001c   Code   RO         7371    i.Change360Angle    turn.o
    0x08001368   0x08001368   0x0000001c   Code   RO         7471    i.Command_AddReadIndex  command.o
    0x08001384   0x08001384   0x0000007c   Code   RO         7472    i.Command_GetCommand  command.o
    0x08001400   0x08001400   0x0000001c   Code   RO         7473    i.Command_GetLength  command.o
    0x0800141c   0x0800141c   0x0000000e   Code   RO         7474    i.Command_GetRemain  command.o
    0x0800142a   0x0800142a   0x00000002   PAD
    0x0800142c   0x0800142c   0x00000014   Code   RO         7475    i.Command_Read      command.o
    0x08001440   0x08001440   0x00000060   Code   RO         7476    i.Command_Write     command.o
    0x080014a0   0x080014a0   0x00000124   Code   RO         7278    i.Cross_getline     scaner.o
    0x080015c4   0x080015c4   0x0000000c   Code   RO          589    i.DMA1_Stream1_IRQHandler  stm32f7xx_it.o
    0x080015d0   0x080015d0   0x0000000c   Code   RO          590    i.DMA1_Stream2_IRQHandler  stm32f7xx_it.o
    0x080015dc   0x080015dc   0x0000000c   Code   RO          591    i.DMA2_Stream0_IRQHandler  stm32f7xx_it.o
    0x080015e8   0x080015e8   0x00000028   Code   RO         2542    i.DMA_CalcBaseAndBitshift  stm32f7xx_hal_dma.o
    0x08001610   0x08001610   0x00000054   Code   RO         2543    i.DMA_CheckFifoParam  stm32f7xx_hal_dma.o
    0x08001664   0x08001664   0x00000028   Code   RO         2544    i.DMA_SetConfig     stm32f7xx_hal_dma.o
    0x0800168c   0x0800168c   0x00000002   Code   RO          592    i.DebugMon_Handler  stm32f7xx_it.o
    0x0800168e   0x0800168e   0x00000002   PAD
    0x08001690   0x08001690   0x00000078   Code   RO         5668    i.Encoder_init      encoder.o
    0x08001708   0x08001708   0x00000004   Code   RO           13    i.Error_Handler     main.o
    0x0800170c   0x0800170c   0x000001d0   Code   RO         7279    i.Get_scaner_error  scaner.o
    0x080018dc   0x080018dc   0x000000c4   Code   RO         7280    i.Go_Line           scaner.o
    0x080019a0   0x080019a0   0x00000054   Code   RO         6963    i.Gray_GetLine      gray.o
    0x080019f4   0x080019f4   0x00000048   Code   RO         6964    i.Gray_Init         gray.o
    0x08001a3c   0x08001a3c   0x000001c4   Code   RO         1862    i.HAL_ADC_ConfigChannel  stm32f7xx_hal_adc.o
    0x08001c00   0x08001c00   0x00000002   Code   RO         1863    i.HAL_ADC_ConvCpltCallback  stm32f7xx_hal_adc.o
    0x08001c02   0x08001c02   0x00000002   Code   RO         1864    i.HAL_ADC_ConvHalfCpltCallback  stm32f7xx_hal_adc.o
    0x08001c04   0x08001c04   0x00000002   Code   RO         1866    i.HAL_ADC_ErrorCallback  stm32f7xx_hal_adc.o
    0x08001c06   0x08001c06   0x00000054   Code   RO         1871    i.HAL_ADC_Init      stm32f7xx_hal_adc.o
    0x08001c5a   0x08001c5a   0x00000002   PAD
    0x08001c5c   0x08001c5c   0x000000b8   Code   RO          324    i.HAL_ADC_MspInit   adc.o
    0x08001d14   0x08001d14   0x000000f4   Code   RO         1877    i.HAL_ADC_Start     stm32f7xx_hal_adc.o
    0x08001e08   0x08001e08   0x00000138   Code   RO         1878    i.HAL_ADC_Start_DMA  stm32f7xx_hal_adc.o
    0x08001f40   0x08001f40   0x0000003c   Code   RO         1880    i.HAL_ADC_Stop      stm32f7xx_hal_adc.o
    0x08001f7c   0x08001f7c   0x00000092   Code   RO         2545    i.HAL_DMA_Abort     stm32f7xx_hal_dma.o
    0x0800200e   0x0800200e   0x00000024   Code   RO         2546    i.HAL_DMA_Abort_IT  stm32f7xx_hal_dma.o
    0x08002032   0x08002032   0x00000004   Code   RO         2548    i.HAL_DMA_GetError  stm32f7xx_hal_dma.o
    0x08002036   0x08002036   0x00000002   PAD
    0x08002038   0x08002038   0x000001a0   Code   RO         2550    i.HAL_DMA_IRQHandler  stm32f7xx_hal_dma.o
    0x080021d8   0x080021d8   0x000000d0   Code   RO         2551    i.HAL_DMA_Init      stm32f7xx_hal_dma.o
    0x080022a8   0x080022a8   0x00000078   Code   RO         2555    i.HAL_DMA_Start_IT  stm32f7xx_hal_dma.o
    0x08002320   0x08002320   0x00000024   Code   RO         3059    i.HAL_Delay         stm32f7xx_hal.o
    0x08002344   0x08002344   0x000001ec   Code   RO         2479    i.HAL_GPIO_Init     stm32f7xx_hal_gpio.o
    0x08002530   0x08002530   0x0000000a   Code   RO         2481    i.HAL_GPIO_ReadPin  stm32f7xx_hal_gpio.o
    0x0800253a   0x0800253a   0x00000010   Code   RO         2482    i.HAL_GPIO_TogglePin  stm32f7xx_hal_gpio.o
    0x0800254a   0x0800254a   0x0000000a   Code   RO         2483    i.HAL_GPIO_WritePin  stm32f7xx_hal_gpio.o
    0x08002554   0x08002554   0x0000000c   Code   RO         3067    i.HAL_GetTick       stm32f7xx_hal.o
    0x08002560   0x08002560   0x00000010   Code   RO         3073    i.HAL_IncTick       stm32f7xx_hal.o
    0x08002570   0x08002570   0x00000016   Code   RO         3074    i.HAL_Init          stm32f7xx_hal.o
    0x08002586   0x08002586   0x00000002   PAD
    0x08002588   0x08002588   0x00000098   Code   RO          823    i.HAL_InitTick      stm32f7xx_hal_timebase_tim.o
    0x08002620   0x08002620   0x00000054   Code   RO         2905    i.HAL_MPU_ConfigRegion  stm32f7xx_hal_cortex.o
    0x08002674   0x08002674   0x0000001c   Code   RO         2906    i.HAL_MPU_Disable   stm32f7xx_hal_cortex.o
    0x08002690   0x08002690   0x00000024   Code   RO         2908    i.HAL_MPU_Enable    stm32f7xx_hal_cortex.o
    0x080026b4   0x080026b4   0x00000038   Code   RO          799    i.HAL_MspInit       stm32f7xx_hal_msp.o
    0x080026ec   0x080026ec   0x0000001a   Code   RO         2912    i.HAL_NVIC_EnableIRQ  stm32f7xx_hal_cortex.o
    0x08002706   0x08002706   0x00000002   PAD
    0x08002708   0x08002708   0x00000040   Code   RO         2918    i.HAL_NVIC_SetPriority  stm32f7xx_hal_cortex.o
    0x08002748   0x08002748   0x00000024   Code   RO         2919    i.HAL_NVIC_SetPriorityGrouping  stm32f7xx_hal_cortex.o
    0x0800276c   0x0800276c   0x0000006c   Code   RO         2819    i.HAL_PWREx_EnableOverDrive  stm32f7xx_hal_pwr_ex.o
    0x080027d8   0x080027d8   0x000004f8   Code   RO         2240    i.HAL_RCCEx_PeriphCLKConfig  stm32f7xx_hal_rcc_ex.o
    0x08002cd0   0x08002cd0   0x0000013c   Code   RO         2133    i.HAL_RCC_ClockConfig  stm32f7xx_hal_rcc.o
    0x08002e0c   0x08002e0c   0x00000040   Code   RO         2137    i.HAL_RCC_GetClockConfig  stm32f7xx_hal_rcc.o
    0x08002e4c   0x08002e4c   0x00000020   Code   RO         2140    i.HAL_RCC_GetPCLK1Freq  stm32f7xx_hal_rcc.o
    0x08002e6c   0x08002e6c   0x00000020   Code   RO         2141    i.HAL_RCC_GetPCLK2Freq  stm32f7xx_hal_rcc.o
    0x08002e8c   0x08002e8c   0x00000060   Code   RO         2142    i.HAL_RCC_GetSysClockFreq  stm32f7xx_hal_rcc.o
    0x08002eec   0x08002eec   0x0000036c   Code   RO         2145    i.HAL_RCC_OscConfig  stm32f7xx_hal_rcc.o
    0x08003258   0x08003258   0x00000002   Code   RO         1578    i.HAL_TIMEx_Break2Callback  stm32f7xx_hal_tim_ex.o
    0x0800325a   0x0800325a   0x00000002   Code   RO         1579    i.HAL_TIMEx_BreakCallback  stm32f7xx_hal_tim_ex.o
    0x0800325c   0x0800325c   0x00000002   Code   RO         1580    i.HAL_TIMEx_CommutCallback  stm32f7xx_hal_tim_ex.o
    0x0800325e   0x0800325e   0x00000002   PAD
    0x08003260   0x08003260   0x0000008c   Code   RO         1582    i.HAL_TIMEx_ConfigBreakDeadTime  stm32f7xx_hal_tim_ex.o
    0x080032ec   0x080032ec   0x000000a4   Code   RO         1599    i.HAL_TIMEx_MasterConfigSynchronization  stm32f7xx_hal_tim_ex.o
    0x08003390   0x08003390   0x00000062   Code   RO          864    i.HAL_TIM_Base_Init  stm32f7xx_hal_tim.o
    0x080033f2   0x080033f2   0x00000002   PAD
    0x080033f4   0x080033f4   0x000000e8   Code   RO          390    i.HAL_TIM_Base_MspInit  tim.o
    0x080034dc   0x080034dc   0x00000080   Code   RO          867    i.HAL_TIM_Base_Start  stm32f7xx_hal_tim.o
    0x0800355c   0x0800355c   0x0000008c   Code   RO          869    i.HAL_TIM_Base_Start_IT  stm32f7xx_hal_tim.o
    0x080035e8   0x080035e8   0x000000e0   Code   RO          873    i.HAL_TIM_ConfigClockSource  stm32f7xx_hal_tim.o
    0x080036c8   0x080036c8   0x000000b0   Code   RO          885    i.HAL_TIM_Encoder_Init  stm32f7xx_hal_tim.o
    0x08003778   0x08003778   0x000001a8   Code   RO          392    i.HAL_TIM_Encoder_MspInit  tim.o
    0x08003920   0x08003920   0x00000092   Code   RO          888    i.HAL_TIM_Encoder_Start  stm32f7xx_hal_tim.o
    0x080039b2   0x080039b2   0x00000002   Code   RO          898    i.HAL_TIM_IC_CaptureCallback  stm32f7xx_hal_tim.o
    0x080039b4   0x080039b4   0x0000014a   Code   RO          912    i.HAL_TIM_IRQHandler  stm32f7xx_hal_tim.o
    0x08003afe   0x08003afe   0x00000002   PAD
    0x08003b00   0x08003b00   0x000000e8   Code   RO          393    i.HAL_TIM_MspPostInit  tim.o
    0x08003be8   0x08003be8   0x00000002   Code   RO          915    i.HAL_TIM_OC_DelayElapsedCallback  stm32f7xx_hal_tim.o
    0x08003bea   0x08003bea   0x00000124   Code   RO          936    i.HAL_TIM_PWM_ConfigChannel  stm32f7xx_hal_tim.o
    0x08003d0e   0x08003d0e   0x00000062   Code   RO          939    i.HAL_TIM_PWM_Init  stm32f7xx_hal_tim.o
    0x08003d70   0x08003d70   0x0000003c   Code   RO          395    i.HAL_TIM_PWM_MspInit  tim.o
    0x08003dac   0x08003dac   0x00000002   Code   RO          942    i.HAL_TIM_PWM_PulseFinishedCallback  stm32f7xx_hal_tim.o
    0x08003dae   0x08003dae   0x00000002   PAD
    0x08003db0   0x08003db0   0x00000100   Code   RO          944    i.HAL_TIM_PWM_Start  stm32f7xx_hal_tim.o
    0x08003eb0   0x08003eb0   0x00000014   Code   RO         5669    i.HAL_TIM_PeriodElapsedCallback  encoder.o
    0x08003ec4   0x08003ec4   0x00000002   Code   RO          955    i.HAL_TIM_TriggerCallback  stm32f7xx_hal_tim.o
    0x08003ec6   0x08003ec6   0x00000052   Code   RO         4232    i.HAL_UARTEx_ReceiveToIdle_DMA  stm32f7xx_hal_uart_ex.o
    0x08003f18   0x08003f18   0x00000034   Code   RO         6586    i.HAL_UARTEx_RxEventCallback  rec_usart.o
    0x08003f4c   0x08003f4c   0x0000008e   Code   RO         3857    i.HAL_UART_DMAStop  stm32f7xx_hal_uart.o
    0x08003fda   0x08003fda   0x00000002   Code   RO         3861    i.HAL_UART_ErrorCallback  stm32f7xx_hal_uart.o
    0x08003fdc   0x08003fdc   0x000002ac   Code   RO         3864    i.HAL_UART_IRQHandler  stm32f7xx_hal_uart.o
    0x08004288   0x08004288   0x00000066   Code   RO         3865    i.HAL_UART_Init     stm32f7xx_hal_uart.o
    0x080042ee   0x080042ee   0x00000002   PAD
    0x080042f0   0x080042f0   0x0000034c   Code   RO          510    i.HAL_UART_MspInit  usart.o
    0x0800463c   0x0800463c   0x0000003c   Code   RO         3869    i.HAL_UART_Receive_DMA  stm32f7xx_hal_uart.o
    0x08004678   0x08004678   0x0000003c   Code   RO         3870    i.HAL_UART_Receive_IT  stm32f7xx_hal_uart.o
    0x080046b4   0x080046b4   0x00000002   Code   RO         3872    i.HAL_UART_RxCpltCallback  stm32f7xx_hal_uart.o
    0x080046b6   0x080046b6   0x00000002   Code   RO         3873    i.HAL_UART_RxHalfCpltCallback  stm32f7xx_hal_uart.o
    0x080046b8   0x080046b8   0x000000a8   Code   RO         3874    i.HAL_UART_Transmit  stm32f7xx_hal_uart.o
    0x08004760   0x08004760   0x00000002   Code   RO         3877    i.HAL_UART_TxCpltCallback  stm32f7xx_hal_uart.o
    0x08004762   0x08004762   0x00000002   Code   RO          593    i.HardFault_Handler  stm32f7xx_it.o
    0x08004764   0x08004764   0x00000090   Code   RO         6297    i.IMU_CalibrateZero  imu.o
    0x080047f4   0x080047f4   0x000000c0   Code   RO         7281    i.Line_Scan         scaner.o
    0x080048b4   0x080048b4   0x000000a4   Code   RO          325    i.MX_ADC1_Init      adc.o
    0x08004958   0x08004958   0x0000005c   Code   RO          365    i.MX_DMA_Init       dma.o
    0x080049b4   0x080049b4   0x00000028   Code   RO          260    i.MX_FREERTOS_Init  freertos.o
    0x080049dc   0x080049dc   0x00000110   Code   RO          236    i.MX_GPIO_Init      gpio.o
    0x08004aec   0x08004aec   0x00000038   Code   RO          396    i.MX_TIM11_Init     tim.o
    0x08004b24   0x08004b24   0x0000006c   Code   RO          397    i.MX_TIM12_Init     tim.o
    0x08004b90   0x08004b90   0x00000074   Code   RO          398    i.MX_TIM1_Init      tim.o
    0x08004c04   0x08004c04   0x0000006c   Code   RO          399    i.MX_TIM2_Init      tim.o
    0x08004c70   0x08004c70   0x00000070   Code   RO          400    i.MX_TIM3_Init      tim.o
    0x08004ce0   0x08004ce0   0x000000cc   Code   RO          401    i.MX_TIM4_Init      tim.o
    0x08004dac   0x08004dac   0x00000070   Code   RO          402    i.MX_TIM5_Init      tim.o
    0x08004e1c   0x08004e1c   0x000000e8   Code   RO          403    i.MX_TIM8_Init      tim.o
    0x08004f04   0x08004f04   0x00000094   Code   RO          404    i.MX_TIM9_Init      tim.o
    0x08004f98   0x08004f98   0x0000003c   Code   RO          511    i.MX_UART4_Init     usart.o
    0x08004fd4   0x08004fd4   0x0000003c   Code   RO          512    i.MX_UART5_Init     usart.o
    0x08005010   0x08005010   0x0000003c   Code   RO          513    i.MX_UART7_Init     usart.o
    0x0800504c   0x0800504c   0x0000003c   Code   RO          514    i.MX_UART8_Init     usart.o
    0x08005088   0x08005088   0x0000003c   Code   RO          515    i.MX_USART1_UART_Init  usart.o
    0x080050c4   0x080050c4   0x0000003c   Code   RO          516    i.MX_USART3_UART_Init  usart.o
    0x08005100   0x08005100   0x00000014   Code   RO         6424    i.Maxicam_Enable    k210.o
    0x08005114   0x08005114   0x00000002   Code   RO          594    i.MemManage_Handler  stm32f7xx_it.o
    0x08005116   0x08005116   0x00000002   PAD
    0x08005118   0x08005118   0x000000e0   Code   RO         6646    i.Motor_Control     barrier.o
    0x080051f8   0x080051f8   0x00000002   Code   RO          595    i.NMI_Handler       stm32f7xx_it.o
    0x080051fa   0x080051fa   0x00000002   PAD
    0x080051fc   0x080051fc   0x00000028   Code   RO         6587    i.Rec_usart_init    rec_usart.o
    0x08005224   0x08005224   0x000000b6   Code   RO         6547    i.Robot_Work        rudder_control.o
    0x080052da   0x080052da   0x00000002   PAD
    0x080052dc   0x080052dc   0x00000068   Code   RO         6973    i.ScanerMode_Switch  gray.o
    0x08005344   0x08005344   0x000000b0   Code   RO         7373    i.Stage_turn_Angle  turn.o
    0x080053f4   0x080053f4   0x00000030   Code   RO          261    i.StartDefaultTask  freertos.o
    0x08005424   0x08005424   0x0000002c   Code   RO         6087    i.Start_task        temporary_task.o
    0x08005450   0x08005450   0x0000002c   Code   RO         6001    i.Start_task_create  task_create.o
    0x0800547c   0x0800547c   0x00000030   Code   RO         5550    i.SysTick_Handler   port.o
    0x080054ac   0x080054ac   0x0000009c   Code   RO           14    i.SystemClock_Config  main.o
    0x08005548   0x08005548   0x00000010   Code   RO         4283    i.SystemInit        system_stm32f7xx.o
    0x08005558   0x08005558   0x0000001c   Code   RO          596    i.TIM1_BRK_TIM9_IRQHandler  stm32f7xx_it.o
    0x08005574   0x08005574   0x0000000c   Code   RO          597    i.TIM1_CC_IRQHandler  stm32f7xx_it.o
    0x08005580   0x08005580   0x0000001c   Code   RO          598    i.TIM1_TRG_COM_TIM11_IRQHandler  stm32f7xx_it.o
    0x0800559c   0x0800559c   0x0000000c   Code   RO          599    i.TIM1_UP_TIM10_IRQHandler  stm32f7xx_it.o
    0x080055a8   0x080055a8   0x0000000c   Code   RO          600    i.TIM2_IRQHandler   stm32f7xx_it.o
    0x080055b4   0x080055b4   0x0000000c   Code   RO          601    i.TIM3_IRQHandler   stm32f7xx_it.o
    0x080055c0   0x080055c0   0x0000000c   Code   RO          602    i.TIM4_IRQHandler   stm32f7xx_it.o
    0x080055cc   0x080055cc   0x00000048   Code   RO         6916    i.TIM7_IRQHandler   delay.o
    0x08005614   0x08005614   0x0000001c   Code   RO          603    i.TIM8_BRK_TIM12_IRQHandler  stm32f7xx_it.o
    0x08005630   0x08005630   0x0000000c   Code   RO          604    i.TIM8_CC_IRQHandler  stm32f7xx_it.o
    0x0800563c   0x0800563c   0x0000001c   Code   RO          605    i.TIM8_TRG_COM_TIM14_IRQHandler  stm32f7xx_it.o
    0x08005658   0x08005658   0x0000000c   Code   RO          606    i.TIM8_UP_TIM13_IRQHandler  stm32f7xx_it.o
    0x08005664   0x08005664   0x000000d0   Code   RO          957    i.TIM_Base_SetConfig  stm32f7xx_hal_tim.o
    0x08005734   0x08005734   0x0000001a   Code   RO          958    i.TIM_CCxChannelCmd  stm32f7xx_hal_tim.o
    0x0800574e   0x0800574e   0x00000014   Code   RO          968    i.TIM_ETR_SetConfig  stm32f7xx_hal_tim.o
    0x08005762   0x08005762   0x00000010   Code   RO          969    i.TIM_ITRx_SetConfig  stm32f7xx_hal_tim.o
    0x08005772   0x08005772   0x00000002   PAD
    0x08005774   0x08005774   0x00000068   Code   RO          970    i.TIM_OC1_SetConfig  stm32f7xx_hal_tim.o
    0x080057dc   0x080057dc   0x00000074   Code   RO          971    i.TIM_OC2_SetConfig  stm32f7xx_hal_tim.o
    0x08005850   0x08005850   0x00000070   Code   RO          972    i.TIM_OC3_SetConfig  stm32f7xx_hal_tim.o
    0x080058c0   0x080058c0   0x00000058   Code   RO          973    i.TIM_OC4_SetConfig  stm32f7xx_hal_tim.o
    0x08005918   0x08005918   0x00000050   Code   RO          974    i.TIM_OC5_SetConfig  stm32f7xx_hal_tim.o
    0x08005968   0x08005968   0x00000054   Code   RO          975    i.TIM_OC6_SetConfig  stm32f7xx_hal_tim.o
    0x080059bc   0x080059bc   0x00000022   Code   RO          977    i.TIM_TI1_ConfigInputStage  stm32f7xx_hal_tim.o
    0x080059de   0x080059de   0x00000024   Code   RO          979    i.TIM_TI2_ConfigInputStage  stm32f7xx_hal_tim.o
    0x08005a02   0x08005a02   0x00000002   PAD
    0x08005a04   0x08005a04   0x000000c4   Code   RO         7374    i.Turn360Step       turn.o
    0x08005ac8   0x08005ac8   0x000000d4   Code   RO         7375    i.Turn_Angle        turn.o
    0x08005b9c   0x08005b9c   0x00000058   Code   RO         7377    i.Turn_Angle_Relative  turn.o
    0x08005bf4   0x08005bf4   0x0000000c   Code   RO          607    i.UART4_IRQHandler  stm32f7xx_it.o
    0x08005c00   0x08005c00   0x0000000c   Code   RO          608    i.UART5_IRQHandler  stm32f7xx_it.o
    0x08005c0c   0x08005c0c   0x0000000c   Code   RO          609    i.UART7_IRQHandler  stm32f7xx_it.o
    0x08005c18   0x08005c18   0x0000000c   Code   RO          610    i.UART8_IRQHandler  stm32f7xx_it.o
    0x08005c24   0x08005c24   0x000000c8   Code   RO         3879    i.UART_AdvFeatureConfig  stm32f7xx_hal_uart.o
    0x08005cec   0x08005cec   0x0000005c   Code   RO         3880    i.UART_CheckIdleState  stm32f7xx_hal_uart.o
    0x08005d48   0x08005d48   0x00000010   Code   RO         3881    i.UART_DMAAbortOnError  stm32f7xx_hal_uart.o
    0x08005d58   0x08005d58   0x0000004e   Code   RO         3882    i.UART_DMAError     stm32f7xx_hal_uart.o
    0x08005da6   0x08005da6   0x0000009e   Code   RO         3883    i.UART_DMAReceiveCplt  stm32f7xx_hal_uart.o
    0x08005e44   0x08005e44   0x0000003c   Code   RO         3885    i.UART_DMARxHalfCplt  stm32f7xx_hal_uart.o
    0x08005e80   0x08005e80   0x0000004c   Code   RO         3891    i.UART_EndRxTransfer  stm32f7xx_hal_uart.o
    0x08005ecc   0x08005ecc   0x00000018   Code   RO         3892    i.UART_EndTxTransfer  stm32f7xx_hal_uart.o
    0x08005ee4   0x08005ee4   0x000000be   Code   RO         3893    i.UART_RxISR_16BIT  stm32f7xx_hal_uart.o
    0x08005fa2   0x08005fa2   0x000000be   Code   RO         3894    i.UART_RxISR_8BIT   stm32f7xx_hal_uart.o
    0x08006060   0x08006060   0x00000234   Code   RO         3895    i.UART_SetConfig    stm32f7xx_hal_uart.o
    0x08006294   0x08006294   0x000000a0   Code   RO         3896    i.UART_Start_Receive_DMA  stm32f7xx_hal_uart.o
    0x08006334   0x08006334   0x000000b8   Code   RO         3897    i.UART_Start_Receive_IT  stm32f7xx_hal_uart.o
    0x080063ec   0x080063ec   0x00000092   Code   RO         3900    i.UART_WaitOnFlagUntilTimeout  stm32f7xx_hal_uart.o
    0x0800647e   0x0800647e   0x00000002   PAD
    0x08006480   0x08006480   0x0000000c   Code   RO          611    i.USART1_IRQHandler  stm32f7xx_it.o
    0x0800648c   0x0800648c   0x00000190   Code   RO         6298    i.USART3_IRQHandler  imu.o
    0x0800661c   0x0800661c   0x00000050   Code   RO         7282    i.Update_line_data  scaner.o
    0x0800666c   0x0800666c   0x00000002   Code   RO          612    i.UsageFault_Handler  stm32f7xx_it.o
    0x0800666e   0x0800666e   0x00000002   PAD
    0x08006670   0x08006670   0x00000020   Code   RO         7608    i.__0printf$1       mc_w.l(printf1.o)
    0x08006690   0x08006690   0x00000020   Code   RO         2925    i.__NVIC_SetPriority  stm32f7xx_hal_cortex.o
    0x080066b0   0x080066b0   0x00000038   Code   RO         7526    i.__hardfp_atof     m_wm.l(atof.o)
    0x080066e8   0x080066e8   0x0000000c   Code   RO         7892    i.__read_errno      mc_w.l(errno.o)
    0x080066f4   0x080066f4   0x0000000e   Code   RO         7950    i.__scatterload_copy  mc_w.l(handlers.o)
    0x08006702   0x08006702   0x00000002   Code   RO         7951    i.__scatterload_null  mc_w.l(handlers.o)
    0x08006704   0x08006704   0x0000000e   Code   RO         7952    i.__scatterload_zeroinit  mc_w.l(handlers.o)
    0x08006712   0x08006712   0x00000002   PAD
    0x08006714   0x08006714   0x0000000c   Code   RO         7893    i.__set_errno       mc_w.l(errno.o)
    0x08006720   0x08006720   0x0000000e   Code   RO         7937    i._is_digit         mc_w.l(scanf_fp.o)
    0x0800672e   0x0800672e   0x00000002   PAD
    0x08006730   0x08006730   0x00000154   Code   RO         7615    i._printf_core      mc_w.l(printf1.o)
    0x08006884   0x08006884   0x00000098   Code   RO         5941    i.arrive_detect_task  arrivedetect_task.o
    0x0800691c   0x0800691c   0x0000001c   Code   RO         6394    i.buzzer_off        bsp_buzzer.o
    0x08006938   0x08006938   0x0000001c   Code   RO         6395    i.buzzer_on         bsp_buzzer.o
    0x08006954   0x08006954   0x00000040   Code   RO         6428    i.close_Maxicam     k210.o
    0x08006994   0x08006994   0x00000038   Code   RO         6002    i.create_ArriveDetect_task  task_create.o
    0x080069cc   0x080069cc   0x00000170   Code   RO         5942    i.deal_arrive       arrivedetect_task.o
    0x08006b3c   0x08006b3c   0x0000001c   Code   RO         6918    i.delay_ms          delay.o
    0x08006b58   0x08006b58   0x00000014   Code   RO         6919    i.delay_us          delay.o
    0x08006b6c   0x08006b6c   0x00000034   Code   RO         5670    i.encoder_clear     encoder.o
    0x08006ba0   0x08006ba0   0x0000001a   Code   RO         7283    i.error_detect_one  scaner.o
    0x08006bba   0x08006bba   0x00000002   PAD
    0x08006bbc   0x08006bbc   0x00000068   Code   RO         6129    i.filter            filter.o
    0x08006c24   0x08006c24   0x00000018   Code   RO          517    i.fputc             usart.o
    0x08006c3c   0x08006c3c   0x00000044   Code   RO         7379    i.getAngleZ         turn.o
    0x08006c80   0x08006c80   0x00000038   Code   RO         7137    i.getNextConnectNode  map.o
    0x08006cb8   0x08006cb8   0x00000038   Code   RO         6363    i.get_Infrared      bsp_linefollower.o
    0x08006cf0   0x08006cf0   0x000000f0   Code   RO         6588    i.get_PIDdata       rec_usart.o
    0x08006de0   0x08006de0   0x00000044   Code   RO         6299    i.get_latest_yaw    imu.o
    0x08006e24   0x08006e24   0x000000b4   Code   RO         5770    i.get_motor_speed   motor_task.o
    0x08006ed8   0x08006ed8   0x0000095c   Code   RO         6658    i.get_newroute      barrier.o
    0x08007834   0x08007834   0x00000118   Code   RO         7285    i.getline_error     scaner.o
    0x0800794c   0x0800794c   0x0000003c   Code   RO         5723    i.gradual_cal       speed_ctrl.o
    0x08007988   0x08007988   0x00000050   Code   RO         5771    i.handle_gyro_mode  motor_task.o
    0x080079d8   0x080079d8   0x00000014   Code   RO         5772    i.handle_infrared   motor_task.o
    0x080079ec   0x080079ec   0x0000004c   Code   RO         5774    i.handle_line_mode  motor_task.o
    0x08007a38   0x08007a38   0x000000a8   Code   RO         5775    i.handle_mode_switch  motor_task.o
    0x08007ae0   0x08007ae0   0x00000090   Code   RO         5776    i.handle_motor_speed  motor_task.o
    0x08007b70   0x08007b70   0x00000068   Code   RO         5777    i.handle_pid_control  motor_task.o
    0x08007bd8   0x08007bd8   0x0000005c   Code   RO         5778    i.handle_qiang_jiao  motor_task.o
    0x08007c34   0x08007c34   0x00000078   Code   RO         5779    i.handle_target_speed  motor_task.o
    0x08007cac   0x08007cac   0x00000090   Code   RO         5780    i.handle_turn_mode  motor_task.o
    0x08007d3c   0x08007d3c   0x00000040   Code   RO         6301    i.imu_receive_init  imu.o
    0x08007d7c   0x08007d7c   0x000000b4   Code   RO         6161    i.incremental_PID   pid.o
    0x08007e30   0x08007e30   0x000000ae   Code   RO           15    i.main              main.o
    0x08007ede   0x08007ede   0x00000002   PAD
    0x08007ee0   0x08007ee0   0x000000a8   Code   RO         6043    i.main_task         main_task.o
    0x08007f88   0x08007f88   0x00000030   Code   RO         6003    i.main_task_create  task_create.o
    0x08007fb8   0x08007fb8   0x0000000c   Code   RO         5109    i.makeFreeRtosPriority  cmsis_os.o
    0x08007fc4   0x08007fc4   0x0000003c   Code   RO         7139    i.mapInit1          map.o
    0x08008000   0x08008000   0x00000084   Code   RO         5629    i.motor_init        motor.o
    0x08008084   0x08008084   0x0000005c   Code   RO         6162    i.motor_pid_clear   pid.o
    0x080080e0   0x080080e0   0x000000a0   Code   RO         5630    i.motor_set_pwm     motor.o
    0x08008180   0x08008180   0x0000002e   Code   RO         5781    i.motor_task        motor_task.o
    0x080081ae   0x080081ae   0x00000002   PAD
    0x080081b0   0x080081b0   0x00000030   Code   RO         5782    i.motor_task_create  motor_task.o
    0x080081e0   0x080081e0   0x00000044   Code   RO         6549    i.moveServo         rudder_control.o
    0x08008224   0x08008224   0x00000014   Code   RO         7380    i.mpuZreset         turn.o
    0x08008238   0x08008238   0x00000034   Code   RO         7381    i.need2turn         turn.o
    0x0800826c   0x0800826c   0x0000000e   Code   RO         5111    i.osDelay           cmsis_os.o
    0x0800827a   0x0800827a   0x0000000a   Code   RO         5114    i.osKernelStart     cmsis_os.o
    0x08008284   0x08008284   0x00000054   Code   RO         5148    i.osThreadCreate    cmsis_os.o
    0x080082d8   0x080082d8   0x0000016c   Code   RO         6163    i.pid_init          pid.o
    0x08008444   0x08008444   0x00000110   Code   RO         5783    i.pid_mode_switch   motor_task.o
    0x08008554   0x08008554   0x0000004c   Code   RO         7286    i.pos_detect        scaner.o
    0x080085a0   0x080085a0   0x0000009c   Code   RO         6164    i.positional_PID    pid.o
    0x0800863c   0x0800863c   0x00000070   Code   RO         4786    i.prvAddCurrentTaskToDelayedList  tasks.o
    0x080086ac   0x080086ac   0x000000d0   Code   RO         4787    i.prvAddNewTaskToReadyList  tasks.o
    0x0800877c   0x0800877c   0x00000026   Code   RO         4461    i.prvCopyDataFromQueue  queue.o
    0x080087a2   0x080087a2   0x0000006c   Code   RO         4462    i.prvCopyDataToQueue  queue.o
    0x0800880e   0x0800880e   0x00000038   Code   RO         4788    i.prvDeleteTCB      tasks.o
    0x08008846   0x08008846   0x00000002   PAD
    0x08008848   0x08008848   0x0000004c   Code   RO         5488    i.prvHeapInit       heap_4.o
    0x08008894   0x08008894   0x0000005c   Code   RO         4789    i.prvIdleTask       tasks.o
    0x080088f0   0x080088f0   0x00000016   Code   RO         4463    i.prvInitialiseMutex  queue.o
    0x08008906   0x08008906   0x00000016   Code   RO         4464    i.prvInitialiseNewQueue  queue.o
    0x0800891c   0x0800891c   0x000000ae   Code   RO         4790    i.prvInitialiseNewTask  tasks.o
    0x080089ca   0x080089ca   0x00000002   PAD
    0x080089cc   0x080089cc   0x0000004c   Code   RO         5489    i.prvInsertBlockIntoFreeList  heap_4.o
    0x08008a18   0x08008a18   0x0000001a   Code   RO         4465    i.prvIsQueueEmpty   queue.o
    0x08008a32   0x08008a32   0x00000002   PAD
    0x08008a34   0x08008a34   0x00000020   Code   RO         4791    i.prvResetNextTaskUnblockTime  tasks.o
    0x08008a54   0x08008a54   0x00000030   Code   RO         5551    i.prvTaskExitError  port.o
    0x08008a84   0x08008a84   0x0000006a   Code   RO         4466    i.prvUnlockQueue    queue.o
    0x08008aee   0x08008aee   0x00000002   PAD
    0x08008af0   0x08008af0   0x000000e4   Code   RO         5490    i.pvPortMalloc      heap_4.o
    0x08008bd4   0x08008bd4   0x00000018   Code   RO         4793    i.pvTaskIncrementMutexHeldCount  tasks.o
    0x08008bec   0x08008bec   0x0000002c   Code   RO         5552    i.pxPortInitialiseStack  port.o
    0x08008c18   0x08008c18   0x00000098   Code   RO         7382    i.runWithAngle      turn.o
    0x08008cb0   0x08008cb0   0x00000050   Code   RO         5943    i.send_play_specified_command  arrivedetect_task.o
    0x08008d00   0x08008d00   0x00000068   Code   RO         4794    i.ulTaskNotifyTake  tasks.o
    0x08008d68   0x08008d68   0x00000022   Code   RO         6088    i.user_init         temporary_task.o
    0x08008d8a   0x08008d8a   0x00000026   Code   RO         4421    i.uxListRemove      list.o
    0x08008db0   0x08008db0   0x00000018   Code   RO          262    i.vApplicationGetIdleTaskMemory  freertos.o
    0x08008dc8   0x08008dc8   0x00000016   Code   RO         4422    i.vListInitialise   list.o
    0x08008dde   0x08008dde   0x00000006   Code   RO         4423    i.vListInitialiseItem  list.o
    0x08008de4   0x08008de4   0x00000030   Code   RO         4424    i.vListInsert       list.o
    0x08008e14   0x08008e14   0x00000018   Code   RO         4425    i.vListInsertEnd    list.o
    0x08008e2c   0x08008e2c   0x00000048   Code   RO         5554    i.vPortEnterCritical  port.o
    0x08008e74   0x08008e74   0x0000002c   Code   RO         5555    i.vPortExitCritical  port.o
    0x08008ea0   0x08008ea0   0x00000064   Code   RO         5491    i.vPortFree         heap_4.o
    0x08008f04   0x08008f04   0x00000024   Code   RO         5556    i.vPortSetupTimerInterrupt  port.o
    0x08008f28   0x08008f28   0x0000005c   Code   RO         5557    i.vPortValidateInterruptPriority  port.o
    0x08008f84   0x08008f84   0x00000050   Code   RO         4800    i.vTaskDelay        tasks.o
    0x08008fd4   0x08008fd4   0x0000009c   Code   RO         4801    i.vTaskDelayUntil   tasks.o
    0x08009070   0x08009070   0x000000b0   Code   RO         4802    i.vTaskDelete       tasks.o
    0x08009120   0x08009120   0x00000010   Code   RO         4804    i.vTaskInternalSetTimeOutState  tasks.o
    0x08009130   0x08009130   0x0000000c   Code   RO         4805    i.vTaskMissedYield  tasks.o
    0x0800913c   0x0800913c   0x00000034   Code   RO         4807    i.vTaskPlaceOnEventList  tasks.o
    0x08009170   0x08009170   0x000000b4   Code   RO         4809    i.vTaskPriorityDisinheritAfterTimeout  tasks.o
    0x08009224   0x08009224   0x00000070   Code   RO         4814    i.vTaskStartScheduler  tasks.o
    0x08009294   0x08009294   0x00000010   Code   RO         4816    i.vTaskSuspendAll   tasks.o
    0x080092a4   0x080092a4   0x00000060   Code   RO         4817    i.vTaskSwitchContext  tasks.o
    0x08009304   0x08009304   0x000004b2   Code   RO         7288    i.value_calculation  scaner.o
    0x080097b6   0x080097b6   0x00000002   PAD
    0x080097b8   0x080097b8   0x000000c4   Code   RO         5558    i.xPortStartScheduler  port.o
    0x0800987c   0x0800987c   0x00000016   Code   RO         4473    i.xQueueCreateMutex  queue.o
    0x08009892   0x08009892   0x0000004c   Code   RO         4475    i.xQueueGenericCreate  queue.o
    0x080098de   0x080098de   0x00000002   PAD
    0x080098e0   0x080098e0   0x0000008c   Code   RO         4477    i.xQueueGenericReset  queue.o
    0x0800996c   0x0800996c   0x00000174   Code   RO         4478    i.xQueueGenericSend  queue.o
    0x08009ae0   0x08009ae0   0x000000ac   Code   RO         4480    i.xQueueGiveFromISR  queue.o
    0x08009b8c   0x08009b8c   0x000000a6   Code   RO         4486    i.xQueueReceiveFromISR  queue.o
    0x08009c32   0x08009c32   0x00000002   PAD
    0x08009c34   0x08009c34   0x00000188   Code   RO         4487    i.xQueueSemaphoreTake  queue.o
    0x08009dbc   0x08009dbc   0x0000007c   Code   RO         4818    i.xTaskCheckForTimeOut  tasks.o
    0x08009e38   0x08009e38   0x0000005a   Code   RO         4819    i.xTaskCreate       tasks.o
    0x08009e92   0x08009e92   0x00000062   Code   RO         4820    i.xTaskCreateStatic  tasks.o
    0x08009ef4   0x08009ef4   0x000000ec   Code   RO         4821    i.xTaskGenericNotify  tasks.o
    0x08009fe0   0x08009fe0   0x0000001c   Code   RO         4824    i.xTaskGetSchedulerState  tasks.o
    0x08009ffc   0x08009ffc   0x0000000c   Code   RO         4825    i.xTaskGetTickCount  tasks.o
    0x0800a008   0x0800a008   0x000000cc   Code   RO         4827    i.xTaskIncrementTick  tasks.o
    0x0800a0d4   0x0800a0d4   0x000000a0   Code   RO         4830    i.xTaskPriorityDisinherit  tasks.o
    0x0800a174   0x0800a174   0x00000094   Code   RO         4831    i.xTaskPriorityInherit  tasks.o
    0x0800a208   0x0800a208   0x00000078   Code   RO         4832    i.xTaskRemoveFromEventList  tasks.o
    0x0800a280   0x0800a280   0x000000c8   Code   RO         4833    i.xTaskResumeAll    tasks.o
    0x0800a348   0x0800a348   0x000001d8   Code   RO         6671    i.zhunbei           barrier.o
    0x0800a520   0x0800a520   0x0000001c   Data   RO          264    .constdata          freertos.o
    0x0800a53c   0x0800a53c   0x00000008   Data   RO         2557    .constdata          stm32f7xx_hal_dma.o
    0x0800a544   0x0800a544   0x00000010   Data   RO         4284    .constdata          system_stm32f7xx.o
    0x0800a554   0x0800a554   0x00000008   Data   RO         4285    .constdata          system_stm32f7xx.o
    0x0800a55c   0x0800a55c   0x00000038   Data   RO         5784    .constdata          motor_task.o
    0x0800a594   0x0800a594   0x00000df8   Data   RO         6672    .constdata          barrier.o
    0x0800b38c   0x0800b38c   0x00000040   Data   RO         7290    .constdata          scaner.o
    0x0800b3cc   0x0800b3cc   0x00000020   Data   RO         7291    .constdata          scaner.o
    0x0800b3ec   0x0800b3ec   0x00000040   Data   RO         7944    .constdata          mc_w.l(ctype_c.o)
    0x0800b42c   0x0800b42c   0x0000000c   Data   RO          265    .conststring        freertos.o
    0x0800b438   0x0800b438   0x00000020   Data   RO         7948    Region$$Table       anon$$obj.o


    Execution Region RW_IRAM1 (Exec base: 0x20000000, Load base: 0x0800b458, Size: 0x00006010, Max: 0x00050000, ABSOLUTE, COMPRESSED[0x00000540])

    Exec Addr    Load Addr    Size         Type   Attr      Idx    E Section Name        Object

    0x20000000   COMPRESSED   0x00000004   Data   RW          266    .data               freertos.o
    0x20000004   COMPRESSED   0x0000000c   Data   RW         3081    .data               stm32f7xx_hal.o
    0x20000010   COMPRESSED   0x00000004   Data   RW         4286    .data               system_stm32f7xx.o
    0x20000014   COMPRESSED   0x0000003c   Data   RW         4836    .data               tasks.o
    0x20000050   COMPRESSED   0x00000018   Data   RW         5496    .data               heap_4.o
    0x20000068   COMPRESSED   0x0000000c   Data   RW         5559    .data               port.o
    0x20000074   COMPRESSED   0x00000008   Data   RW         5677    .data               encoder.o
    0x2000007c   COMPRESSED   0x0000003c   Data   RW         5724    .data               speed_ctrl.o
    0x200000b8   COMPRESSED   0x00000004   Data   RW         5725    .data               speed_ctrl.o
    0x200000bc   COMPRESSED   0x00000004   Data   RW         5726    .data               speed_ctrl.o
    0x200000c0   COMPRESSED   0x0000001c   Data   RW         5785    .data               motor_task.o
    0x200000dc   COMPRESSED   0x0000000c   Data   RW         6004    .data               task_create.o
    0x200000e8   COMPRESSED   0x00000001   Data   RW         6130    .data               filter.o
    0x200000e9   COMPRESSED   0x00000001   Data   RW         6131    .data               filter.o
    0x200000ea   COMPRESSED   0x00000002   PAD
    0x200000ec   COMPRESSED   0x00000004   Data   RW         6303    .data               imu.o
    0x200000f0   COMPRESSED   0x00000010   Data   RW         6304    .data               imu.o
    0x20000100   COMPRESSED   0x00000001   Data   RW         6364    .data               bsp_linefollower.o
    0x20000101   COMPRESSED   0x00000006   Data   RW         6365    .data               bsp_linefollower.o
    0x20000107   COMPRESSED   0x0000000d   Data   RW         6431    .data               k210.o
    0x20000114   COMPRESSED   0x00000021   Data   RW         6673    .data               barrier.o
    0x20000135   COMPRESSED   0x00000001   Data   RW         6921    .data               delay.o
    0x20000136   COMPRESSED   0x0000000a   Data   RW         6974    .data               gray.o
    0x20000140   COMPRESSED   0x0000006e   Data   RW         7143    .data               map.o
    0x200001ae   COMPRESSED   0x00000002   PAD
    0x200001b0   COMPRESSED   0x00000bd0   Data   RW         7224    .data               map_message.o
    0x20000d80   COMPRESSED   0x00000034   Data   RW         7225    .data               map_message.o
    0x20000db4   COMPRESSED   0x00000035   Data   RW         7226    .data               map_message.o
    0x20000de9   COMPRESSED   0x00000003   PAD
    0x20000dec   COMPRESSED   0x0000004c   Data   RW         7292    .data               scaner.o
    0x20000e38   COMPRESSED   0x00000010   Data   RW         7383    .data               turn.o
    0x20000e48   COMPRESSED   0x00000002   Data   RW         7478    .data               command.o
    0x20000e4a   COMPRESSED   0x00000002   PAD
    0x20000e4c   COMPRESSED   0x00000004   Data   RW         7884    .data               mc_w.l(stdout.o)
    0x20000e50   COMPRESSED   0x00000004   Data   RW         7894    .data               mc_w.l(errno.o)
    0x20000e54        -       0x00000454   Zero   RW          263    .bss                freertos.o
    0x200012a8        -       0x000000a8   Zero   RW          326    .bss                adc.o
    0x20001350        -       0x000002ac   Zero   RW          405    .bss                tim.o
    0x200015fc        -       0x000003f0   Zero   RW          518    .bss                usart.o
    0x200019ec        -       0x0000004c   Zero   RW          826    .bss                stm32f7xx_hal_timebase_tim.o
    0x20001a38        -       0x000000f0   Zero   RW         4835    .bss                tasks.o
    0x20001b28        -       0x00003c00   Zero   RW         5495    .bss                heap_4.o
    0x20005728        -       0x0000015c   Zero   RW         6169    .bss                pid.o
    0x20005884        -       0x0000001c   Zero   RW         6170    .bss                pid.o
    0x200058a0        -       0x0000001c   Zero   RW         6171    .bss                pid.o
    0x200058bc        -       0x0000001c   Zero   RW         6172    .bss                pid.o
    0x200058d8        -       0x000000d4   Zero   RW         6302    .bss                imu.o
    0x200059ac        -       0x00000108   Zero   RW         6550    .bss                rudder_control.o
    0x20005ab4        -       0x00000028   Zero   RW         6589    .bss                rec_usart.o
    0x20005adc        -       0x0000004c   Zero   RW         6920    .bss                delay.o
    0x20005b28        -       0x0000004c   Zero   RW         7142    .bss                map.o
    0x20005b74        -       0x00000060   Zero   RW         7289    .bss                scaner.o
    0x20005bd4        -       0x0000003c   Zero   RW         7477    .bss                command.o
    0x20005c10        -       0x00000400   Zero   RW            1    STACK               startup_stm32f750xx.o


==============================================================================

Image component sizes


      Code (inc. data)   RO Data    RW Data    ZI Data      Debug   Object Name

       348         38          0          0        168       1903   adc.o
       600         58          0          0          0       2429   arrivedetect_task.o
      3092        192       3576         33          0      18019   barrier.o
        56         10          0          0          0       1009   bsp_buzzer.o
        56          8          0          7          0       1887   bsp_linefollower.o
       120          0          0          0          0      23313   cmsis_os.o
       310         28          0          2         60       4379   command.o
       120         20          0          1         76       2283   delay.o
        92          4          0          0          0        842   dma.o
       192         48          0          8          0       3005   encoder.o
         0          0          0          0          0      18840   event_groups.o
       104          4          0          2          0       1099   filter.o
       112         32         40          4       1108       7450   freertos.o
       272         22          0          0          0       1103   gpio.o
       360         58          0         10          0       3500   gray.o
       480         24          0         24      15360       7539   heap_4.o
       676         86          0         20        212       4722   imu.o
        84         16          0         13          0       3224   k210.o
       138          0          0          0          0       3598   list.o
       334          8          0          0          0     895716   main.o
       168         34          0          0          0        692   main_task.o
       116         26          0        110         76      14354   map.o
         0          0          0       3129          0       9349   map_message.o
       292         34          0          0          0       1373   motor.o
      1494        322         56         28          0       9201   motor_task.o
       792         52          0          0        432       4604   pid.o
       774         80          0         12          0      12021   port.o
      1662         14          0          0          0      18440   queue.o
       332         86          0          0         40       2969   rec_usart.o
       250          4          0          0        264       2205   rudder_control.o
      2808        136         96         76         96      12312   scaner.o
       140          8          0         68          0       3154   speed_ctrl.o
        36          8        456          0       1024        844   startup_stm32f750xx.o
        86         14          0         12          0       8410   stm32f7xx_hal.o
      1604         76          0          0          0       9124   stm32f7xx_hal_adc.o
       306         30          0          0          0      40288   stm32f7xx_hal_cortex.o
      1094         16          8          0          0       8061   stm32f7xx_hal_dma.o
       528         54          0          0          0       3668   stm32f7xx_hal_gpio.o
        56          4          0          0          0        882   stm32f7xx_hal_msp.o
       108         10          0          0          0       1308   stm32f7xx_hal_pwr_ex.o
      1416         74          0          0          0       6085   stm32f7xx_hal_rcc.o
      1272         28          0          0          0       2436   stm32f7xx_hal_rcc_ex.o
      2820        230          0          0          0      21740   stm32f7xx_hal_tim.o
       310         36          0          0          0       4196   stm32f7xx_hal_tim_ex.o
       152         20          0          0         76       1508   stm32f7xx_hal_timebase_tim.o
      3362         98          0          0          0      20851   stm32f7xx_hal_uart.o
        82          0          0          0          0       1323   stm32f7xx_hal_uart_ex.o
       304        130          0          0          0      12196   stm32f7xx_it.o
         0          0          0          0          0        400   stream_buffer.o
        16          4         24          4          0       1151   system_stm32f7xx.o
       148         72          0         12          0       1844   task_create.o
      3118        224          0         60        240      33283   tasks.o
        78          6          0          0          0       1089   temporary_task.o
      2144        180          0          0        684      10096   tim.o
       992        154          0         16          0       7769   turn.o
      1228        108          0          0       1008       6280   usart.o

    ----------------------------------------------------------------------
     37694       3028       4288       3660      20924    1301366   Object Totals
         0          0         32          0          0          0   (incl. Generated)
        60          0          0          9          0          0   (incl. Padding)

    ----------------------------------------------------------------------

      Code (inc. data)   RO Data    RW Data    ZI Data      Debug   Library Member Name

        56         12          0          0          0        132   atof.o
        56          8          0          0          0         84   __0sscanf.o
        94          0          0          0          0          0   __dclz77c.o
       816          6          0          0          0        112   _scanf.o
       224          0          0          0          0         96   _scanf_str.o
        64          0          0          0          0         84   _sgetc.o
        40          6         64          0          0         68   ctype_c.o
         0          0          0          0          0          0   entry.o
         0          0          0          0          0          0   entry10a.o
         0          0          0          0          0          0   entry11a.o
         4          0          0          0          0          0   entry12b.o
         8          4          0          0          0          0   entry2.o
         4          0          0          0          0          0   entry5.o
         0          0          0          0          0          0   entry7b.o
         0          0          0          0          0          0   entry8b.o
         8          4          0          0          0          0   entry9a.o
        24         12          0          4          0        136   errno.o
        30          0          0          0          0          0   handlers.o
        36          8          0          0          0         68   init.o
        10          0          0          0          0         68   isspace_c.o
         0          0          0          0          0          0   iusefp.o
        30          0          0          0          0         68   llshl.o
        32          0          0          0          0         68   llushr.o
        64          0          0          0          0         76   memmovea.o
        36          0          0          0          0        108   memseta.o
       372         14          0          0          0        184   printf1.o
        40          8          0          0          0         84   scanf_char.o
       878         12          0          0          0        216   scanf_fp.o
         0          0          0          4          0          0   stdout.o
        28          0          0          0          0         76   strcmp.o
       156         12          0          0          0        120   strtod.o
        44          0          0          0          0         80   uidiv.o
        98          0          0          0          0         92   uldiv.o
        56          0          0          0          0         88   d2f.o
       222          0          0          0          0        100   ddiv.o
       186          0          0          0          0        176   depilogue.o
        34          0          0          0          0         76   dflti.o
        24          0          0          0          0         76   dfltul.o
       228          0          0          0          0         96   dmul.o
       110          0          0          0          0        168   fepilogue.o

    ----------------------------------------------------------------------
      4122        106         64          8          0       2800   Library Totals
        10          0          0          0          0          0   (incl. Padding)

    ----------------------------------------------------------------------

      Code (inc. data)   RO Data    RW Data    ZI Data      Debug   Library Name

        56         12          0          0          0        132   m_wm.l
      3196         94         64          8          0       1888   mc_w.l
       860          0          0          0          0        780   mf_w.l

    ----------------------------------------------------------------------
      4122        106         64          8          0       2800   Library Totals

    ----------------------------------------------------------------------

==============================================================================


      Code (inc. data)   RO Data    RW Data    ZI Data      Debug   

     41816       3134       4352       3668      20924    1274150   Grand Totals
     41816       3134       4352       1344      20924    1274150   ELF Image Totals (compressed)
     41816       3134       4352       1344          0          0   ROM Totals

==============================================================================

    Total RO  Size (Code + RO Data)                46168 (  45.09kB)
    Total RW  Size (RW Data + ZI Data)             24592 (  24.02kB)
    Total ROM Size (Code + RO Data + RW Data)      47512 (  46.40kB)

==============================================================================

