Component: ARM Compiler 5.06 update 6 (build 750) Tool: armlink [4d35ed]

==============================================================================

Section Cross References

    startup_stm32f750xx.o(RESET) refers to startup_stm32f750xx.o(STACK) for __initial_sp
    startup_stm32f750xx.o(RESET) refers to startup_stm32f750xx.o(.text) for Reset_Handler
    startup_stm32f750xx.o(RESET) refers to stm32f7xx_it.o(i.NMI_Handler) for NMI_Handler
    startup_stm32f750xx.o(RESET) refers to stm32f7xx_it.o(i.HardFault_Handler) for HardFault_Handler
    startup_stm32f750xx.o(RESET) refers to stm32f7xx_it.o(i.MemManage_Handler) for MemManage_Handler
    startup_stm32f750xx.o(RESET) refers to stm32f7xx_it.o(i.BusFault_Handler) for BusFault_Handler
    startup_stm32f750xx.o(RESET) refers to stm32f7xx_it.o(i.UsageFault_Handler) for UsageFault_Handler
    startup_stm32f750xx.o(RESET) refers to port.o(.emb_text) for SVC_Handler
    startup_stm32f750xx.o(RESET) refers to stm32f7xx_it.o(i.DebugMon_Handler) for DebugMon_Handler
    startup_stm32f750xx.o(RESET) refers to port.o(i.SysTick_Handler) for SysTick_Handler
    startup_stm32f750xx.o(RESET) refers to stm32f7xx_it.o(i.DMA1_Stream1_IRQHandler) for DMA1_Stream1_IRQHandler
    startup_stm32f750xx.o(RESET) refers to stm32f7xx_it.o(i.DMA1_Stream2_IRQHandler) for DMA1_Stream2_IRQHandler
    startup_stm32f750xx.o(RESET) refers to stm32f7xx_it.o(i.DMA1_Stream4_IRQHandler) for DMA1_Stream4_IRQHandler
    startup_stm32f750xx.o(RESET) refers to stm32f7xx_it.o(i.TIM1_BRK_TIM9_IRQHandler) for TIM1_BRK_TIM9_IRQHandler
    startup_stm32f750xx.o(RESET) refers to stm32f7xx_it.o(i.TIM1_UP_TIM10_IRQHandler) for TIM1_UP_TIM10_IRQHandler
    startup_stm32f750xx.o(RESET) refers to stm32f7xx_it.o(i.TIM1_TRG_COM_TIM11_IRQHandler) for TIM1_TRG_COM_TIM11_IRQHandler
    startup_stm32f750xx.o(RESET) refers to stm32f7xx_it.o(i.TIM1_CC_IRQHandler) for TIM1_CC_IRQHandler
    startup_stm32f750xx.o(RESET) refers to stm32f7xx_it.o(i.TIM2_IRQHandler) for TIM2_IRQHandler
    startup_stm32f750xx.o(RESET) refers to stm32f7xx_it.o(i.TIM3_IRQHandler) for TIM3_IRQHandler
    startup_stm32f750xx.o(RESET) refers to stm32f7xx_it.o(i.TIM4_IRQHandler) for TIM4_IRQHandler
    startup_stm32f750xx.o(RESET) refers to stm32f7xx_it.o(i.USART1_IRQHandler) for USART1_IRQHandler
    startup_stm32f750xx.o(RESET) refers to imu.o(i.USART3_IRQHandler) for USART3_IRQHandler
    startup_stm32f750xx.o(RESET) refers to stm32f7xx_it.o(i.TIM8_BRK_TIM12_IRQHandler) for TIM8_BRK_TIM12_IRQHandler
    startup_stm32f750xx.o(RESET) refers to stm32f7xx_it.o(i.TIM8_UP_TIM13_IRQHandler) for TIM8_UP_TIM13_IRQHandler
    startup_stm32f750xx.o(RESET) refers to stm32f7xx_it.o(i.TIM8_TRG_COM_TIM14_IRQHandler) for TIM8_TRG_COM_TIM14_IRQHandler
    startup_stm32f750xx.o(RESET) refers to stm32f7xx_it.o(i.TIM8_CC_IRQHandler) for TIM8_CC_IRQHandler
    startup_stm32f750xx.o(RESET) refers to stm32f7xx_it.o(i.UART4_IRQHandler) for UART4_IRQHandler
    startup_stm32f750xx.o(RESET) refers to stm32f7xx_it.o(i.UART5_IRQHandler) for UART5_IRQHandler
    startup_stm32f750xx.o(RESET) refers to delay.o(i.TIM7_IRQHandler) for TIM7_IRQHandler
    startup_stm32f750xx.o(RESET) refers to stm32f7xx_it.o(i.DMA2_Stream0_IRQHandler) for DMA2_Stream0_IRQHandler
    startup_stm32f750xx.o(RESET) refers to stm32f7xx_it.o(i.UART7_IRQHandler) for UART7_IRQHandler
    startup_stm32f750xx.o(RESET) refers to stm32f7xx_it.o(i.UART8_IRQHandler) for UART8_IRQHandler
    startup_stm32f750xx.o(.text) refers to system_stm32f7xx.o(i.SystemInit) for SystemInit
    startup_stm32f750xx.o(.text) refers to entry.o(.ARM.Collect$$$$00000000) for __main
    main.o(i.SystemClock_Config) refers to memseta.o(.text) for __aeabi_memclr4
    main.o(i.SystemClock_Config) refers to stm32f7xx_hal_rcc.o(i.HAL_RCC_OscConfig) for HAL_RCC_OscConfig
    main.o(i.SystemClock_Config) refers to stm32f7xx_hal_pwr_ex.o(i.HAL_PWREx_EnableOverDrive) for HAL_PWREx_EnableOverDrive
    main.o(i.SystemClock_Config) refers to stm32f7xx_hal_rcc.o(i.HAL_RCC_ClockConfig) for HAL_RCC_ClockConfig
    main.o(i.main) refers to stm32f7xx_hal_cortex.o(i.HAL_MPU_Disable) for HAL_MPU_Disable
    main.o(i.main) refers to stm32f7xx_hal_cortex.o(i.HAL_MPU_ConfigRegion) for HAL_MPU_ConfigRegion
    main.o(i.main) refers to stm32f7xx_hal_cortex.o(i.HAL_MPU_Enable) for HAL_MPU_Enable
    main.o(i.main) refers to stm32f7xx_hal.o(i.HAL_Init) for HAL_Init
    main.o(i.main) refers to main.o(i.SystemClock_Config) for SystemClock_Config
    main.o(i.main) refers to stm32f7xx_hal.o(i.HAL_Delay) for HAL_Delay
    main.o(i.main) refers to gpio.o(i.MX_GPIO_Init) for MX_GPIO_Init
    main.o(i.main) refers to dma.o(i.MX_DMA_Init) for MX_DMA_Init
    main.o(i.main) refers to tim.o(i.MX_TIM4_Init) for MX_TIM4_Init
    main.o(i.main) refers to tim.o(i.MX_TIM8_Init) for MX_TIM8_Init
    main.o(i.main) refers to tim.o(i.MX_TIM9_Init) for MX_TIM9_Init
    main.o(i.main) refers to usart.o(i.MX_USART3_UART_Init) for MX_USART3_UART_Init
[...]
    TIM1_UP_TIM10_IRQHandler                 0x08007f01   Thumb Code     6  stm32f7xx_it.o(i.TIM1_UP_TIM10_IRQHandler)
    TIM2_IRQHandler                          0x08007f0d   Thumb Code     6  stm32f7xx_it.o(i.TIM2_IRQHandler)
    TIM3_IRQHandler                          0x08007f19   Thumb Code     6  stm32f7xx_it.o(i.TIM3_IRQHandler)
    TIM4_IRQHandler                          0x08007f25   Thumb Code     6  stm32f7xx_it.o(i.TIM4_IRQHandler)
    TIM7_IRQHandler                          0x08007f31   Thumb Code    58  delay.o(i.TIM7_IRQHandler)
    TIM8_BRK_TIM12_IRQHandler                0x08007f79   Thumb Code    18  stm32f7xx_it.o(i.TIM8_BRK_TIM12_IRQHandler)
    TIM8_CC_IRQHandler                       0x08007f95   Thumb Code     6  stm32f7xx_it.o(i.TIM8_CC_IRQHandler)
    TIM8_TRG_COM_TIM14_IRQHandler            0x08007fa1   Thumb Code    18  stm32f7xx_it.o(i.TIM8_TRG_COM_TIM14_IRQHandler)
    TIM8_UP_TIM13_IRQHandler                 0x08007fbd   Thumb Code     6  stm32f7xx_it.o(i.TIM8_UP_TIM13_IRQHandler)
    TIM_Base_SetConfig                       0x08007fc9   Thumb Code   164  stm32f7xx_hal_tim.o(i.TIM_Base_SetConfig)
    TIM_CCxChannelCmd                        0x08008099   Thumb Code    26  stm32f7xx_hal_tim.o(i.TIM_CCxChannelCmd)
    TIM_ETR_SetConfig                        0x080080b3   Thumb Code    20  stm32f7xx_hal_tim.o(i.TIM_ETR_SetConfig)
    TIM_OC2_SetConfig                        0x08008141   Thumb Code   102  stm32f7xx_hal_tim.o(i.TIM_OC2_SetConfig)
    Turn360Step                              0x08008369   Thumb Code   184  turn.o(i.Turn360Step)
    Turn_Angle                               0x0800844d   Thumb Code     8  turn.o(i.Turn_Angle)
    Turn_Angle_Relative                      0x0800852d   Thumb Code    72  turn.o(i.Turn_Angle_Relative)
    UART4_IRQHandler                         0x08008585   Thumb Code     6  stm32f7xx_it.o(i.UART4_IRQHandler)
    UART5_IRQHandler                         0x08008591   Thumb Code     6  stm32f7xx_it.o(i.UART5_IRQHandler)
    UART7_IRQHandler                         0x0800859d   Thumb Code     6  stm32f7xx_it.o(i.UART7_IRQHandler)
    UART8_IRQHandler                         0x080085a9   Thumb Code     6  stm32f7xx_it.o(i.UART8_IRQHandler)
    UART_AdvFeatureConfig                    0x080085b5   Thumb Code   200  stm32f7xx_hal_uart.o(i.UART_AdvFeatureConfig)
    UART_CheckIdleState                      0x0800867d   Thumb Code    92  stm32f7xx_hal_uart.o(i.UART_CheckIdleState)
    UART_SetConfig                           0x08008a19   Thumb Code   518  stm32f7xx_hal_uart.o(i.UART_SetConfig)
    UART_Start_Receive_DMA                   0x08008c4d   Thumb Code   148  stm32f7xx_hal_uart.o(i.UART_Start_Receive_DMA)
    UART_Start_Receive_IT                    0x08008ced   Thumb Code   174  stm32f7xx_hal_uart.o(i.UART_Start_Receive_IT)
    UART_WaitOnFlagUntilTimeout              0x08008da5   Thumb Code   146  stm32f7xx_hal_uart.o(i.UART_WaitOnFlagUntilTimeout)
    USART1_IRQHandler                        0x08008e39   Thumb Code     6  stm32f7xx_it.o(i.USART1_IRQHandler)
    USART3_IRQHandler                        0x08008e45   Thumb Code   350  imu.o(i.USART3_IRQHandler)
    UsageFault_Handler                       0x08009025   Thumb Code     2  stm32f7xx_it.o(i.UsageFault_Handler)
    WaitFor_OCR                              0x08009029   Thumb Code   378  barrier.o(i.WaitFor_OCR)
    Want2Go                                  0x080091bd   Thumb Code    52  chassis_api.o(i.Want2Go)
    __0printf                                0x080091f5   Thumb Code    22  printfa.o(i.__0printf)
    __1printf                                0x080091f5   Thumb Code     0  printfa.o(i.__0printf)
    __2printf                                0x080091f5   Thumb Code     0  printfa.o(i.__0printf)
    __c89printf                              0x080091f5   Thumb Code     0  printfa.o(i.__0printf)
    printf                                   0x080091f5   Thumb Code     0  printfa.o(i.__0printf)
    __hardfp_atof                            0x08009239   Thumb Code    44  atof.o(i.__hardfp_atof)
    __read_errno                             0x08009271   Thumb Code     6  errno.o(i.__read_errno)
    __scatterload_copy                       0x0800927d   Thumb Code    14  handlers.o(i.__scatterload_copy)
    __scatterload_null                       0x0800928b   Thumb Code     2  handlers.o(i.__scatterload_null)
    __scatterload_zeroinit                   0x0800928d   Thumb Code    14  handlers.o(i.__scatterload_zeroinit)
    __set_errno                              0x0800929d   Thumb Code     6  errno.o(i.__set_errno)
    _is_digit                                0x0800942d   Thumb Code    14  scanf_fp.o(i._is_digit)
    arrive_detect_task                       0x08009b6d   Thumb Code   124  arrivedetect_task.o(i.arrive_detect_task)
    back                                     0x08009c01   Thumb Code   264  barrier.o(i.back)
    buzzer_off                               0x08009d25   Thumb Code    24  bsp_buzzer.o(i.buzzer_off)
    buzzer_on                                0x08009d41   Thumb Code    22  bsp_buzzer.o(i.buzzer_on)
    close_Maxicam                            0x0800a029   Thumb Code    58  k210.o(i.close_Maxicam)
    create_ArriveDetect_task                 0x0800a091   Thumb Code    26  task_create.o(i.create_ArriveDetect_task)
    deal_arrive                              0x0800a0c9   Thumb Code   344  arrivedetect_task.o(i.deal_arrive)
    delay_ms                                 0x0800a225   Thumb Code    28  delay.o(i.delay_ms)
    delay_us                                 0x0800a241   Thumb Code    14  delay.o(i.delay_us)
    door                                     0x0800a255   Thumb Code  2312  barrier.o(i.door)
    filter                                   0x0800ab5d   Thumb Code   148  filter.o(i.filter)
    fputc                                    0x0800abfd   Thumb Code    18  usart.o(i.fputc)
    getAngleZ                                0x0800ac15   Thumb Code    52  turn.o(i.getAngleZ)
    getNextConnectNode                       0x0800ac59   Thumb Code    42  map.o(i.getNextConnectNode)
    get_Infrared                             0x0800ac91   Thumb Code    48  bsp_linefollower.o(i.get_Infrared)
    get_PIDdata                              0x0800acc9   Thumb Code   296  rec_usart.o(i.get_PIDdata)
    get_latest_yaw                           0x0800ae41   Thumb Code    58  imu.o(i.get_latest_yaw)
    get_motor_speed                          0x0800ae85   Thumb Code   164  motor_task.o(i.get_motor_speed)
    getline_error                            0x0800af4d   Thumb Code    26  scaner.o(i.getline_error)
    getline_error_ex                         0x0800af75   Thumb Code    68  scaner.o(i.getline_error_ex)
    gradual_cal                              0x0800afb9   Thumb Code    60  chassis_api.o(i.gradual_cal)
    handle_gyro_mode                         0x0800aff5   Thumb Code    62  motor_task.o(i.handle_gyro_mode)
    handle_line_mode                         0x0800b049   Thumb Code    76  motor_task.o(i.handle_line_mode)
    handle_mode_switch                       0x0800b0b5   Thumb Code   212  motor_task.o(i.handle_mode_switch)
    handle_motor_speed                       0x0800b1a9   Thumb Code   106  motor_task.o(i.handle_motor_speed)
    handle_now_mode                          0x0800b239   Thumb Code    26  motor_task.o(i.handle_now_mode)
    handle_pid_control                       0x0800b255   Thumb Code   128  motor_task.o(i.handle_pid_control)
    handle_target_speed                      0x0800b2f9   Thumb Code    92  motor_task.o(i.handle_target_speed)
    handle_turn_mode                         0x0800b371   Thumb Code   120  motor_task.o(i.handle_turn_mode)
    imu_receive_init                         0x0800b401   Thumb Code    50  imu.o(i.imu_receive_init)
    incremental_PID                          0x0800b441   Thumb Code   306  pid.o(i.incremental_PID)
    main                                     0x0800b57d   Thumb Code   174  main.o(i.main)
    main_task                                0x0800b62d   Thumb Code   168  main_task.o(i.main_task)
    main_task_create                         0x0800b71d   Thumb Code    26  task_create.o(i.main_task_create)
    mapInit                                  0x0800b759   Thumb Code    82  map.o(i.mapInit)
    map_function                             0x0800b7c1   Thumb Code   102  map.o(i.map_function)
    motor_init                               0x0800b831   Thumb Code   110  motor.o(i.motor_init)
    motor_pid_clear                          0x0800b8b1   Thumb Code    86  pid.o(i.motor_pid_clear)
    motor_set_pwm                            0x0800b90d   Thumb Code   144  motor.o(i.motor_set_pwm)
    motor_task                               0x0800b9ad   Thumb Code   144  motor_task.o(i.motor_task)
    motor_task_create                        0x0800ba79   Thumb Code    26  motor_task.o(i.motor_task_create)
    moveServo                                0x0800baa9   Thumb Code    64  rudder_control.o(i.moveServo)
    mpuZreset                                0x0800baed   Thumb Code    14  turn.o(i.mpuZreset)
    need2turn                                0x0800bb01   Thumb Code    40  turn.o(i.need2turn)
    open_OCR_mode                            0x0800bb35   Thumb Code    56  k210.o(i.open_OCR_mode)
    osDelay                                  0x0800bb79   Thumb Code    14  cmsis_os.o(i.osDelay)
    osKernelStart                            0x0800bb87   Thumb Code    10  cmsis_os.o(i.osKernelStart)
    osThreadCreate                           0x0800bb91   Thumb Code    84  cmsis_os.o(i.osThreadCreate)
    pid_init                                 0x0800bc0d   Thumb Code   286  pid.o(i.pid_init)
    pid_mode_switch                          0x0800bd55   Thumb Code   176  chassis_api.o(i.pid_mode_switch)
    pos_detect                               0x0800be29   Thumb Code    70  scaner.o(i.pos_detect)
    positional_PID                           0x0800be75   Thumb Code   192  pid.o(i.positional_PID)
    pvPortMalloc                             0x0800c3e9   Thumb Code   222  heap_4.o(i.pvPortMalloc)
    pvTaskIncrementMutexHeldCount            0x0800c4cd   Thumb Code    18  tasks.o(i.pvTaskIncrementMutexHeldCount)
    pxPortInitialiseStack                    0x0800c4e5   Thumb Code    40  port.o(i.pxPortInitialiseStack)
    send_play_specified_command              0x0800c511   Thumb Code    68  arrivedetect_task.o(i.send_play_specified_command)
    ulTaskNotifyTake                         0x0800c561   Thumb Code    96  tasks.o(i.ulTaskNotifyTake)
    undermou                                 0x0800c5c9   Thumb Code   172  barrier.o(i.undermou)
    update_rout_by_treasure_7                0x0800c68d   Thumb Code   368  barrier.o(i.update_rout_by_treasure_7)
    update_rout_by_treasure_8                0x0800c9e1   Thumb Code   378  barrier.o(i.update_rout_by_treasure_8)
    update_route_by_QR                       0x0800cd25   Thumb Code   394  barrier.o(i.update_route_by_QR)
    update_route_by_door_1                   0x0800cec9   Thumb Code   140  barrier.o(i.update_route_by_door_1)
    update_route_by_door_2                   0x0800cf65   Thumb Code   140  barrier.o(i.update_route_by_door_2)
    update_route_by_door_3                   0x0800d001   Thumb Code   138  barrier.o(i.update_route_by_door_3)
    update_route_by_door_4                   0x0800d09d   Thumb Code   140  barrier.o(i.update_route_by_door_4)
    user_init                                0x0800d139   Thumb Code    34  temporary_task.o(i.user_init)
    uxListRemove                             0x0800d15b   Thumb Code    38  list.o(i.uxListRemove)
    vApplicationGetIdleTaskMemory            0x0800d181   Thumb Code    18  freertos.o(i.vApplicationGetIdleTaskMemory)
    vListInitialise                          0x0800d199   Thumb Code    22  list.o(i.vListInitialise)
    vListInitialiseItem                      0x0800d1af   Thumb Code     6  list.o(i.vListInitialiseItem)
    vListInsert                              0x0800d1b5   Thumb Code    48  list.o(i.vListInsert)
    vListInsertEnd                           0x0800d1e5   Thumb Code    24  list.o(i.vListInsertEnd)
    vPortEnterCritical                       0x0800d1fd   Thumb Code    62  port.o(i.vPortEnterCritical)
    vPortExitCritical                        0x0800d245   Thumb Code    38  port.o(i.vPortExitCritical)
    vPortFree                                0x0800d271   Thumb Code    96  heap_4.o(i.vPortFree)
    vPortSetupTimerInterrupt                 0x0800d2d5   Thumb Code    32  port.o(i.vPortSetupTimerInterrupt)
    vPortValidateInterruptPriority           0x0800d2f9   Thumb Code    82  port.o(i.vPortValidateInterruptPriority)
    vTaskDelay                               0x0800d355   Thumb Code    70  tasks.o(i.vTaskDelay)
    vTaskDelayUntil                          0x0800d3a5   Thumb Code   148  tasks.o(i.vTaskDelayUntil)
    vTaskDelete                              0x0800d441   Thumb Code   162  tasks.o(i.vTaskDelete)
    vTaskInternalSetTimeOutState             0x0800d4f1   Thumb Code    12  tasks.o(i.vTaskInternalSetTimeOutState)
    vTaskMissedYield                         0x0800d501   Thumb Code     8  tasks.o(i.vTaskMissedYield)
    vTaskPlaceOnEventList                    0x0800d50d   Thumb Code    48  tasks.o(i.vTaskPlaceOnEventList)
    vTaskPriorityDisinheritAfterTimeout      0x0800d541   Thumb Code   170  tasks.o(i.vTaskPriorityDisinheritAfterTimeout)
    vTaskStartScheduler                      0x0800d5f5   Thumb Code    94  tasks.o(i.vTaskStartScheduler)
    vTaskSuspendAll                          0x0800d665   Thumb Code    10  tasks.o(i.vTaskSuspendAll)
    vTaskSwitchContext                       0x0800d675   Thumb Code    86  tasks.o(i.vTaskSwitchContext)
    value_calculation                        0x0800d6d5   Thumb Code    50  scaner.o(i.value_calculation)
    view                                     0x0800d709   Thumb Code   238  barrier.o(i.view)
    view1                                    0x0800d819   Thumb Code    80  barrier.o(i.view1)
    xPortStartScheduler                      0x0800d875   Thumb Code   178  port.o(i.xPortStartScheduler)
    xQueueCreateMutex                        0x0800d939   Thumb Code    22  queue.o(i.xQueueCreateMutex)
    xQueueGenericCreate                      0x0800d94f   Thumb Code    76  queue.o(i.xQueueGenericCreate)
    xQueueGenericReset                       0x0800d99d   Thumb Code   136  queue.o(i.xQueueGenericReset)
    xQueueGenericSend                        0x0800da29   Thumb Code   366  queue.o(i.xQueueGenericSend)
    xQueueGiveFromISR                        0x0800db9d   Thumb Code   172  queue.o(i.xQueueGiveFromISR)
    xQueueReceiveFromISR                     0x0800dc49   Thumb Code   166  queue.o(i.xQueueReceiveFromISR)
    xQueueSemaphoreTake                      0x0800dcf1   Thumb Code   388  queue.o(i.xQueueSemaphoreTake)
    xTaskCheckForTimeOut                     0x0800de79   Thumb Code   120  tasks.o(i.xTaskCheckForTimeOut)
    xTaskCreate                              0x0800def5   Thumb Code    90  tasks.o(i.xTaskCreate)
    xTaskCreateStatic                        0x0800df4f   Thumb Code    98  tasks.o(i.xTaskCreateStatic)
    xTaskGenericNotify                       0x0800dfb1   Thumb Code   224  tasks.o(i.xTaskGenericNotify)
    xTaskGetSchedulerState                   0x0800e09d   Thumb Code    22  tasks.o(i.xTaskGetSchedulerState)
    xTaskGetTickCount                        0x0800e0b9   Thumb Code     6  tasks.o(i.xTaskGetTickCount)
    xTaskIncrementTick                       0x0800e0c5   Thumb Code   196  tasks.o(i.xTaskIncrementTick)
    xTaskPriorityDisinherit                  0x0800e191   Thumb Code   152  tasks.o(i.xTaskPriorityDisinherit)
    xTaskPriorityInherit                     0x0800e231   Thumb Code   140  tasks.o(i.xTaskPriorityInherit)
    xTaskRemoveFromEventList                 0x0800e2c5   Thumb Code   112  tasks.o(i.xTaskRemoveFromEventList)
    xTaskResumeAll                           0x0800e33d   Thumb Code   186  tasks.o(i.xTaskResumeAll)
    zhunbei                                  0x0800e405   Thumb Code   418  barrier.o(i.zhunbei)
    AHBPrescTable                            0x0800e63c   Data          16  system_stm32f7xx.o(.constdata)
    APBPrescTable                            0x0800e64c   Data           8  system_stm32f7xx.o(.constdata)
    line_weight_default                      0x0800f0b0   Data          64  scaner.o(.constdata)
    lineG_weight_default                     0x0800f0f0   Data          32  scaner.o(.constdata)
    __ctype_categories                       0x0800f110   Data          64  ctype_c.o(.constdata)
    Region$$Table$$Base                      0x0800f1b8   Number         0  anon$$obj.o(Region$$Table)
    Region$$Table$$Limit                     0x0800f1d8   Number         0  anon$$obj.o(Region$$Table)
    defaultTaskHandle                        0x20000000   Data           4  freertos.o(.data)
    uwTickFreq                               0x20000004   Data           1  stm32f7xx_hal.o(.data)
    uwTickPrio                               0x20000008   Data           4  stm32f7xx_hal.o(.data)
    uwTick                                   0x2000000c   Data           4  stm32f7xx_hal.o(.data)
    SystemCoreClock                          0x20000010   Data           4  system_stm32f7xx.o(.data)
    pxCurrentTCB                             0x20000014   Data           4  tasks.o(.data)
    MOTOR_PWM_MAX                            0x20000074   Data           4  motor_task.o(.data)
    open_qiang_jiao                          0x20000078   Data           1  motor_task.o(.data)
    PIDMode                                  0x2000007e   Data           1  motor_task.o(.data)
    motor_handler                            0x20000084   Data           4  motor_task.o(.data)
    xHandle_ArriveDetect                     0x20000094   Data           4  task_create.o(.data)
    Start_handler                            0x20000098   Data           4  task_create.o(.data)
    main_handler                             0x2000009c   Data           4  task_create.o(.data)
    test_flag                                0x200000a0   Data           1  main_task.o(.data)
    temp_speed                               0x200000a4   Data           4  main_task.o(.data)
    filter_Open                              0x200000a8   Data           1  filter.o(.data)
    basic_p                                  0x200000b4   Data           4  imu.o(.data)
    imu_rx_len                               0x200000b8   Data           1  imu.o(.data)
    basic_y                                  0x200000bc   Data           4  imu.o(.data)
    imu_mutex                                0x200000c4   Data           4  imu.o(.data)
    infrare_open                             0x200000c8   Data           1  bsp_linefollower.o(.data)
    infrared                                 0x200000c9   Data           6  bsp_linefollower.o(.data)
    Clue_Num                                 0x200000cf   Data           1  k210.o(.data)
    K210_Rece                                0x200000d0   Data           1  k210.o(.data)
    Maxicam_Rx                               0x200000d1   Data           1  k210.o(.data)
    open_QR_mode_sign                        0x200000d2   Data           1  k210.o(.data)
    open_OCR_mode_sign                       0x200000d3   Data           1  k210.o(.data)
    open_COLOR_L_mode_sign                   0x200000dc   Data           1  k210.o(.data)
    open_COLOR_R_mode_sign                   0x200000dd   Data           1  k210.o(.data)
    COLOR_flag                               0x200000de   Data           1  openmv.o(.data)
    Color_Left                               0x200000df   Data           1  openmv.o(.data)
    Color_Right                              0x200000e0   Data           1  openmv.o(.data)
    WavePlateLeft_Flag                       0x200000f0   Data           1  barrier.o(.data)
    WavePlateRight_Flag                      0x200000f1   Data           1  barrier.o(.data)
    isStage                                  0x200000f2   Data           1  barrier.o(.data)
    treasure                                 0x200000f3   Data           1  barrier.o(.data)
    DownLiuShui                              0x200000f4   Data           1  barrier.o(.data)
    line_clue                                0x200000f5   Data           1  barrier.o(.data)
    clue_A_stage                             0x200000f6   Data           1  barrier.o(.data)
    clue_B_stage                             0x200000f7   Data           1  barrier.o(.data)
    clue_A                                   0x200000f8   Data           1  barrier.o(.data)
    clue_B                                   0x200000f9   Data           1  barrier.o(.data)
    get_cude                                 0x200000fa   Data           1  barrier.o(.data)
    LiuShuiRate                              0x20000104   Data           4  barrier.o(.data)
    color_flag                               0x2000010c   Data           5  barrier.o(.data)
    ScanerMode                               0x20000112   Data           1  gray.o(.data)
    AD_Value_Gray                            0x20000114   Data           8  gray.o(.data)
    isAllRoute                               0x2000011c   Data           1  map.o(.data)
    map                                      0x2000011f   Data           2  map.o(.data)
    route                                    0x20000121   Data         100  map.o(.data)
    door1route                               0x20000185   Data         100  map.o(.data)
    door6route                               0x200001e9   Data         100  map.o(.data)
    door7route                               0x2000024d   Data         100  map.o(.data)
    door8route                               0x200002b1   Data         100  map.o(.data)
    door11route                              0x20000315   Data         100  map.o(.data)
    rout_57                                  0x20000379   Data          50  map.o(.data)
    rout_58                                  0x200003ab   Data          50  map.o(.data)
    rout_68                                  0x200003dd   Data          50  map.o(.data)
    rout_67                                  0x2000040f   Data          50  map.o(.data)
    Node                                     0x20000444   Data        3024  map_message.o(.data)
    ConnectionNum                            0x20001014   Data          52  map_message.o(.data)
    Address                                  0x20001048   Data          53  map_message.o(.data)
    LEFT_RIGHT_LINE                          0x20001080   Data           1  scaner.o(.data)
    isFilter                                 0x20001081   Data           1  scaner.o(.data)
    Fspeed                                   0x20001088   Data           4  scaner.o(.data)
    scaner_set                               0x2000108c   Data           8  scaner.o(.data)
    line_data                                0x20001094   Data          60  scaner.o(.data)
    Turn360_Flag                             0x200010d0   Data           1  turn.o(.data)
    angle                                    0x200010dc   Data           8  turn.o(.data)
    readIndex                                0x200010e4   Data           1  command.o(.data)
    writeIndex                               0x200010e5   Data           1  command.o(.data)
    TC_speed                                 0x200010ec   Data           4  chassis_api.o(.data)
    TG_speed                                 0x200010f0   Data           4  chassis_api.o(.data)
    __stdout                                 0x2000110c   Data           4  stdout.o(.data)
    hadc1                                    0x20001568   Data          72  adc.o(.bss)
    hdma_adc1                                0x200015b0   Data          96  adc.o(.bss)
    htim1                                    0x20001610   Data          76  tim.o(.bss)
    htim2                                    0x2000165c   Data          76  tim.o(.bss)
    htim3                                    0x200016a8   Data          76  tim.o(.bss)
    htim4                                    0x200016f4   Data          76  tim.o(.bss)
    htim5                                    0x20001740   Data          76  tim.o(.bss)
    htim8                                    0x2000178c   Data          76  tim.o(.bss)
    htim9                                    0x200017d8   Data          76  tim.o(.bss)
    htim11                                   0x20001824   Data          76  tim.o(.bss)
    htim12                                   0x20001870   Data          76  tim.o(.bss)
    huart4                                   0x200018bc   Data         136  usart.o(.bss)
    huart5                                   0x20001944   Data         136  usart.o(.bss)
    huart7                                   0x200019cc   Data         136  usart.o(.bss)
    huart8                                   0x20001a54   Data         136  usart.o(.bss)
    huart1                                   0x20001adc   Data         136  usart.o(.bss)
    huart3                                   0x20001b64   Data         136  usart.o(.bss)
    hdma_uart4_rx                            0x20001bec   Data          96  usart.o(.bss)
    hdma_uart4_tx                            0x20001c4c   Data          96  usart.o(.bss)
    hdma_usart3_rx                           0x20001cac   Data          96  usart.o(.bss)
    htim14                                   0x20001d0c   Data          76  stm32f7xx_hal_timebase_tim.o(.bss)
    Speed                                    0x20005a48   Data          16  encoder.o(.bss)
    motor_L0                                 0x20005ab8   Data          24  pid.o(.bss)
    motor_L1                                 0x20005ad0   Data          24  pid.o(.bss)
    motor_R0                                 0x20005ae8   Data          24  pid.o(.bss)
    motor_R1                                 0x20005b00   Data          24  pid.o(.bss)
    motor_pid_paramL0                        0x20005b18   Data          28  pid.o(.bss)
    motor_pid_paramL1                        0x20005b34   Data          28  pid.o(.bss)
    motor_pid_paramR0                        0x20005b50   Data          28  pid.o(.bss)
    motor_pid_paramR1                        0x20005b6c   Data          28  pid.o(.bss)
    line_pid_param                           0x20005b88   Data          28  pid.o(.bss)
    lineG_pid_param                          0x20005ba4   Data          28  pid.o(.bss)
    gyroT_pid_param                          0x20005bc0   Data          28  pid.o(.bss)
    gyroG_pid_param                          0x20005bdc   Data          28  pid.o(.bss)
    line_pid_obj                             0x20005bf8   Data          28  pid.o(.bss)
    gyroT_pid                                0x20005c14   Data          28  pid.o(.bss)
    gyroG_pid                                0x20005c30   Data          28  pid.o(.bss)
    imu_rx_buf                               0x20005c4c   Data          33  imu.o(.bss)
    imu                                      0x20005c70   Data          20  imu.o(.bss)
    imu_shared_data                          0x20005c84   Data          20  imu.o(.bss)
    gyro                                     0x20005c98   Data         136  imu.o(.bss)
    Rudder                                   0x20005d20   Data         136  rudder_control.o(.bss)
    LobotTxBuf                               0x20005da8   Data         128  rudder_control.o(.bss)
    Rx_data                                  0x20005e28   Data          64  rec_usart.o(.bss)
    TIM7_Handler                             0x20005ea8   Data          76  delay.o(.bss)
    nodesr                                   0x20005ef4   Data          76  map.o(.bss)
    line_weight                              0x20005f40   Data          64  scaner.o(.bss)
    Scaner                                   0x20005f80   Data          16  scaner.o(.bss)
    Cross_Scaner                             0x20005f90   Data          16  scaner.o(.bss)
    buffer                                   0x20005fa0   Data          60  command.o(.bss)
    motor_all                                0x20005fdc   Data          52  chassis_api.o(.bss)
    __initial_sp                             0x20006458   Data           0  startup_stm32f750xx.o(STACK)



==============================================================================

Memory Map of the image

  Image Entry point : 0x080001c9

  Load Region LR_IROM1 (Base: 0x08000000, Size: 0x000102ec, Max: 0x00010000, ABSOLUTE, COMPRESSED[0x0000f748])

    Execution Region ER_IROM1 (Exec base: 0x08000000, Load base: 0x08000000, Size: 0x0000f1d8, Max: 0x00010000, ABSOLUTE)

    Exec Addr    Load Addr    Size         Type   Attr      Idx    E Section Name        Object

    0x08000000   0x08000000   0x000001c8   Data   RO            3    RESET               startup_stm32f750xx.o
    0x080001c8   0x080001c8   0x00000000   Code   RO         7794  * .ARM.Collect$$$$00000000  mc_w.l(entry.o)
    0x080001c8   0x080001c8   0x00000004   Code   RO         8114    .ARM.Collect$$$$00000001  mc_w.l(entry2.o)
    0x080001cc   0x080001cc   0x00000004   Code   RO         8117    .ARM.Collect$$$$00000004  mc_w.l(entry5.o)
    0x080001d0   0x080001d0   0x00000000   Code   RO         8119    .ARM.Collect$$$$00000008  mc_w.l(entry7b.o)
    0x080001d0   0x080001d0   0x00000000   Code   RO         8121    .ARM.Collect$$$$0000000A  mc_w.l(entry8b.o)
    0x080001d0   0x080001d0   0x00000008   Code   RO         8122    .ARM.Collect$$$$0000000B  mc_w.l(entry9a.o)
    0x080001d8   0x080001d8   0x00000000   Code   RO         8124    .ARM.Collect$$$$0000000D  mc_w.l(entry10a.o)
    0x080001d8   0x080001d8   0x00000000   Code   RO         8126    .ARM.Collect$$$$0000000F  mc_w.l(entry11a.o)
    0x080001d8   0x080001d8   0x00000004   Code   RO         8115    .ARM.Collect$$$$00002712  mc_w.l(entry2.o)
    0x080001dc   0x080001dc   0x000000c2   Code   RO         5563    .emb_text           port.o
    0x0800029e   0x0800029e   0x00000002   PAD
    0x080002a0   0x080002a0   0x00000024   Code   RO            4    .text               startup_stm32f750xx.o
    0x080002c4   0x080002c4   0x00000062   Code   RO         7797    .text               mc_w.l(uldiv.o)
    0x08000326   0x08000326   0x00000040   Code   RO         7801    .text               mc_w.l(memmovea.o)
    0x08000366   0x08000366   0x00000024   Code   RO         7805    .text               mc_w.l(memseta.o)
    0x0800038a   0x0800038a   0x0000001c   Code   RO         7807    .text               mc_w.l(strcmp.o)
    0x080003a6   0x080003a6   0x000000e4   Code   RO         8074    .text               mf_w.l(dmul.o)
    0x0800048a   0x0800048a   0x000000de   Code   RO         8076    .text               mf_w.l(ddiv.o)
    0x08000568   0x08000568   0x00000022   Code   RO         8078    .text               mf_w.l(dflti.o)
    0x0800058a   0x0800058a   0x00000026   Code   RO         8080    .text               mf_w.l(f2d.o)
    0x080005b0   0x080005b0   0x00000030   Code   RO         8082    .text               mf_w.l(cdcmple.o)
    0x080005e0   0x080005e0   0x00000038   Code   RO         8084    .text               mf_w.l(d2f.o)
    0x08000618   0x08000618   0x0000002c   Code   RO         8129    .text               mc_w.l(uidiv.o)
    0x08000644   0x08000644   0x0000001e   Code   RO         8131    .text               mc_w.l(llshl.o)
    0x08000662   0x08000662   0x00000020   Code   RO         8133    .text               mc_w.l(llushr.o)
    0x08000682   0x08000682   0x00000002   PAD
    0x08000684   0x08000684   0x0000009c   Code   RO         8142    .text               mc_w.l(strtod.o)
    0x08000720   0x08000720   0x00000000   Code   RO         8144    .text               mc_w.l(iusefp.o)
    0x08000720   0x08000720   0x0000006e   Code   RO         8145    .text               mf_w.l(fepilogue.o)
    0x0800078e   0x0800078e   0x000000ba   Code   RO         8147    .text               mf_w.l(depilogue.o)
    0x08000848   0x08000848   0x0000014e   Code   RO         8149    .text               mf_w.l(dadd.o)
    0x08000996   0x08000996   0x00000030   Code   RO         8153    .text               mf_w.l(dfixul.o)
    0x080009c6   0x080009c6   0x00000002   PAD
    0x080009c8   0x080009c8   0x00000030   Code   RO         8155    .text               mf_w.l(cdrcmple.o)
    0x080009f8   0x080009f8   0x00000024   Code   RO         8167    .text               mc_w.l(init.o)
    0x08000a1c   0x08000a1c   0x00000024   Code   RO         8169    .text               mc_w.l(llsshr.o)
    0x08000a40   0x08000a40   0x0000000a   Code   RO         8171    .text               mc_w.l(isspace_c.o)
    0x08000a4a   0x08000a4a   0x00000002   PAD
    0x08000a4c   0x08000a4c   0x00000360   Code   RO         8173    .text               mc_w.l(scanf_fp.o)
    0x08000dac   0x08000dac   0x00000040   Code   RO         8177    .text               mc_w.l(_sgetc.o)
    0x08000dec   0x08000dec   0x00000028   Code   RO         8183    .text               mc_w.l(ctype_c.o)
    0x08000e14   0x08000e14   0x00000018   Code   RO         8186    .text               mf_w.l(dfltul.o)
    0x08000e2c   0x08000e2c   0x00000056   Code   RO         8196    .text               mc_w.l(__dczerorl2.o)
    0x08000e82   0x08000e82   0x0000006e   Code   RO         1871    i.ADC_DMAConvCplt   stm32f7xx_hal_adc.o
    0x08000ef0   0x08000ef0   0x00000016   Code   RO         1872    i.ADC_DMAError      stm32f7xx_hal_adc.o
    0x08000f06   0x08000f06   0x0000000a   Code   RO         1873    i.ADC_DMAHalfConvCplt  stm32f7xx_hal_adc.o
    0x08000f10   0x08000f10   0x00000130   Code   RO         1874    i.ADC_Init          stm32f7xx_hal_adc.o
    0x08001040   0x08001040   0x00000038   Code   RO         7235    i.Arrived_Stage     motion.o
    0x08001078   0x08001078   0x00000324   Code   RO         6606    i.Barrier_Bridge    barrier.o
    0x0800139c   0x0800139c   0x000002cc   Code   RO         6607    i.Barrier_Down_HighMountain  barrier.o
    0x08001668   0x08001668   0x0000039c   Code   RO         6608    i.Barrier_HighMountain  barrier.o
    0x08001a04   0x08001a04   0x00000178   Code   RO         6609    i.Barrier_Hill      barrier.o
    0x08001b7c   0x08001b7c   0x00000124   Code   RO         6610    i.Barrier_WavedPlate  barrier.o
    0x08001ca0   0x08001ca0   0x00000002   Code   RO          631    i.BusFault_Handler  stm32f7xx_it.o
    0x08001ca2   0x08001ca2   0x00000002   PAD
    0x08001ca4   0x08001ca4   0x00000014   Code   RO         6611    i.CGChange          barrier.o
    0x08001cb8   0x08001cb8   0x00000064   Code   RO         6927    i.Calculate_Error   gray.o
    0x08001d1c   0x08001d1c   0x00000030   Code   RO         7533    i.CarBrake          chassis_api.o
    0x08001d4c   0x08001d4c   0x00000034   Code   RO         7535    i.Chassis_Brake     chassis_api.o
    0x08001d80   0x08001d80   0x00000014   Code   RO         7536    i.Chassis_ClearMileage  chassis_api.o
    0x08001d94   0x08001d94   0x00000060   Code   RO         7537    i.Chassis_CorrectByInfrared  chassis_api.o
    0x08001df4   0x08001df4   0x00000048   Code   RO         7539    i.Chassis_DriveDistance_Blocking  chassis_api.o
    0x08001e3c   0x08001e3c   0x00000010   Code   RO         7540    i.Chassis_EnableAntiSnake  chassis_api.o
    0x08001e4c   0x08001e4c   0x00000010   Code   RO         7541    i.Chassis_EnableLineLostProtection  chassis_api.o
    0x08001e5c   0x08001e5c   0x0000000c   Code   RO         7542    i.Chassis_GetMileage  chassis_api.o
    0x08001e68   0x08001e68   0x000000a0   Code   RO         7543    i.Chassis_Init      chassis_api.o
    0x08001f08   0x08001f08   0x000000d4   Code   RO         7544    i.Chassis_MotorControl  chassis_api.o
    0x08001fdc   0x08001fdc   0x00000038   Code   RO         7545    i.Chassis_MoveDistance_Blocking  chassis_api.o
    0x08002014   0x08002014   0x00000054   Code   RO         7546    i.Chassis_OverrideGyroPid  chassis_api.o
    0x08002068   0x08002068   0x00000044   Code   RO         7547    i.Chassis_OverrideLinePid  chassis_api.o
    0x080020ac   0x080020ac   0x00000054   Code   RO         7548    i.Chassis_OverrideTurnPid  chassis_api.o
    0x08002100   0x08002100   0x000000d0   Code   RO         7549    i.Chassis_Periodic_Update_5ms  chassis_api.o
    0x080021d0   0x080021d0   0x00000034   Code   RO         7550    i.Chassis_RestoreGyroPid  chassis_api.o
    0x08002204   0x08002204   0x00000040   Code   RO         7551    i.Chassis_RestoreLinePid  chassis_api.o
    0x08002244   0x08002244   0x00000034   Code   RO         7552    i.Chassis_RestoreTurnPid  chassis_api.o
    0x08002278   0x08002278   0x00000014   Code   RO         7553    i.Chassis_SetCatchSensorNum  chassis_api.o
    0x0800228c   0x0800228c   0x0000000c   Code   RO         7554    i.Chassis_SetEdgeIgnore  chassis_api.o
    0x08002298   0x08002298   0x0000003c   Code   RO         7555    i.Chassis_SetGyroAngle_Go  chassis_api.o
    0x080022d4   0x080022d4   0x0000003c   Code   RO         7556    i.Chassis_SetGyroAngle_Turn  chassis_api.o
    0x08002310   0x08002310   0x00000004   Code   RO         7557    i.Chassis_SetMode   chassis_api.o
    0x08002314   0x08002314   0x000000f8   Code   RO         7558    i.Chassis_SetTargetSpeed  chassis_api.o
    0x0800240c   0x0800240c   0x00000028   Code   RO         7559    i.Chassis_SetTrackMode  chassis_api.o
    0x08002434   0x08002434   0x00000090   Code   RO         7560    i.Chassis_TurnToAngle_Blocking  chassis_api.o
    0x080024c4   0x080024c4   0x000000b8   Code   RO         7561    i.Chassis_Turn_By_Gyro_Blocking  chassis_api.o
    0x0800257c   0x0800257c   0x0000004c   Code   RO         7562    i.Chassis_Turn_By_LeftLine_Blocking  chassis_api.o
    0x080025c8   0x080025c8   0x0000004c   Code   RO         7563    i.Chassis_Turn_By_RightLine_Blocking  chassis_api.o
    0x08002614   0x08002614   0x00000068   Code   RO         7564    i.Chassis_Turn_By_StopGyro_Blocking  chassis_api.o
    0x0800267c   0x0800267c   0x00000054   Code   RO         7104    i.Check_And_Apply_SpeedUp  map.o
    0x080026d0   0x080026d0   0x000000a0   Code   RO         7474    i.Command_GetCommand  command.o
    0x08002770   0x08002770   0x0000001c   Code   RO         7475    i.Command_GetLength  command.o
    0x0800278c   0x0800278c   0x0000000e   Code   RO         7476    i.Command_GetRemain  command.o
    0x0800279a   0x0800279a   0x00000002   PAD
    0x0800279c   0x0800279c   0x00000060   Code   RO         7478    i.Command_Write     command.o
    0x080027fc   0x080027fc   0x00000604   Code   RO         7105    i.Cross             map.o
    0x08002e00   0x08002e00   0x00000046   Code   RO         7259    i.Cross_getline     scaner.o
    0x08002e46   0x08002e46   0x00000002   PAD
    0x08002e48   0x08002e48   0x0000000c   Code   RO          632    i.DMA1_Stream1_IRQHandler  stm32f7xx_it.o
    0x08002e54   0x08002e54   0x0000000c   Code   RO          633    i.DMA1_Stream2_IRQHandler  stm32f7xx_it.o
    0x08002e60   0x08002e60   0x0000000c   Code   RO          634    i.DMA1_Stream4_IRQHandler  stm32f7xx_it.o
    0x08002e6c   0x08002e6c   0x0000000c   Code   RO          635    i.DMA2_Stream0_IRQHandler  stm32f7xx_it.o
    0x08002e78   0x08002e78   0x00000028   Code   RO         2556    i.DMA_CalcBaseAndBitshift  stm32f7xx_hal_dma.o
    0x08002ea0   0x08002ea0   0x00000054   Code   RO         2557    i.DMA_CheckFifoParam  stm32f7xx_hal_dma.o
    0x08002ef4   0x08002ef4   0x00000028   Code   RO         2558    i.DMA_SetConfig     stm32f7xx_hal_dma.o
    0x08002f1c   0x08002f1c   0x00000002   Code   RO          636    i.DebugMon_Handler  stm32f7xx_it.o
    0x08002f1e   0x08002f1e   0x00000002   PAD
    0x08002f20   0x08002f20   0x00000078   Code   RO         5679    i.Encoder_init      encoder.o
    0x08002f98   0x08002f98   0x00000004   Code   RO           13    i.Error_Handler     main.o
    0x08002f9c   0x08002f9c   0x00000120   Code   RO         7106    i.GetForwardDistanceBeforeGyroTurn  map.o
    0x080030bc   0x080030bc   0x00000104   Code   RO         7107    i.GetForwardDistanceBeforeTurn  map.o
    0x080031c0   0x080031c0   0x000001e8   Code   RO         7260    i.Get_scaner_error  scaner.o
    0x080033a8   0x080033a8   0x00000098   Code   RO         7379    i.Go_Angle          turn.o
    0x08003440   0x08003440   0x000000cc   Code   RO         7261    i.Go_Line           scaner.o
    0x0800350c   0x0800350c   0x00000054   Code   RO         6928    i.Gray_GetLine      gray.o
    0x08003560   0x08003560   0x00000048   Code   RO         6929    i.Gray_Init         gray.o
    0x080035a8   0x080035a8   0x000001c4   Code   RO         1876    i.HAL_ADC_ConfigChannel  stm32f7xx_hal_adc.o
    0x0800376c   0x0800376c   0x00000002   Code   RO         1877    i.HAL_ADC_ConvCpltCallback  stm32f7xx_hal_adc.o
    0x0800376e   0x0800376e   0x00000002   Code   RO         1878    i.HAL_ADC_ConvHalfCpltCallback  stm32f7xx_hal_adc.o
    0x08003770   0x08003770   0x00000002   Code   RO         1880    i.HAL_ADC_ErrorCallback  stm32f7xx_hal_adc.o
    0x08003772   0x08003772   0x00000054   Code   RO         1885    i.HAL_ADC_Init      stm32f7xx_hal_adc.o
    0x080037c6   0x080037c6   0x00000002   PAD
    0x080037c8   0x080037c8   0x000000b8   Code   RO          343    i.HAL_ADC_MspInit   adc.o
    0x08003880   0x08003880   0x000000f4   Code   RO         1891    i.HAL_ADC_Start     stm32f7xx_hal_adc.o
    0x08003974   0x08003974   0x00000138   Code   RO         1892    i.HAL_ADC_Start_DMA  stm32f7xx_hal_adc.o
    0x08003aac   0x08003aac   0x0000003c   Code   RO         1894    i.HAL_ADC_Stop      stm32f7xx_hal_adc.o
    0x08003ae8   0x08003ae8   0x00000092   Code   RO         2559    i.HAL_DMA_Abort     stm32f7xx_hal_dma.o
    0x08003b7a   0x08003b7a   0x00000024   Code   RO         2560    i.HAL_DMA_Abort_IT  stm32f7xx_hal_dma.o
    0x08003b9e   0x08003b9e   0x00000004   Code   RO         2562    i.HAL_DMA_GetError  stm32f7xx_hal_dma.o
    0x08003ba2   0x08003ba2   0x00000002   PAD
    0x08003ba4   0x08003ba4   0x000001a0   Code   RO         2564    i.HAL_DMA_IRQHandler  stm32f7xx_hal_dma.o
    0x08003d44   0x08003d44   0x000000d0   Code   RO         2565    i.HAL_DMA_Init      stm32f7xx_hal_dma.o
    0x08003e14   0x08003e14   0x00000078   Code   RO         2569    i.HAL_DMA_Start_IT  stm32f7xx_hal_dma.o
    0x08003e8c   0x08003e8c   0x00000024   Code   RO         3073    i.HAL_Delay         stm32f7xx_hal.o
    0x08003eb0   0x08003eb0   0x000001ec   Code   RO         2493    i.HAL_GPIO_Init     stm32f7xx_hal_gpio.o
    0x0800409c   0x0800409c   0x0000000a   Code   RO         2495    i.HAL_GPIO_ReadPin  stm32f7xx_hal_gpio.o
    0x080040a6   0x080040a6   0x00000010   Code   RO         2496    i.HAL_GPIO_TogglePin  stm32f7xx_hal_gpio.o
    0x080040b6   0x080040b6   0x0000000a   Code   RO         2497    i.HAL_GPIO_WritePin  stm32f7xx_hal_gpio.o
    0x080040c0   0x080040c0   0x0000000c   Code   RO         3081    i.HAL_GetTick       stm32f7xx_hal.o
    0x080040cc   0x080040cc   0x00000010   Code   RO         3087    i.HAL_IncTick       stm32f7xx_hal.o
    0x080040dc   0x080040dc   0x00000016   Code   RO         3088    i.HAL_Init          stm32f7xx_hal.o
    0x080040f2   0x080040f2   0x00000002   PAD
    0x080040f4   0x080040f4   0x00000098   Code   RO          837    i.HAL_InitTick      stm32f7xx_hal_timebase_tim.o
    0x0800418c   0x0800418c   0x00000054   Code   RO         2919    i.HAL_MPU_ConfigRegion  stm32f7xx_hal_cortex.o
    0x080041e0   0x080041e0   0x0000001c   Code   RO         2920    i.HAL_MPU_Disable   stm32f7xx_hal_cortex.o
    0x080041fc   0x080041fc   0x00000024   Code   RO         2922    i.HAL_MPU_Enable    stm32f7xx_hal_cortex.o
    0x08004220   0x08004220   0x00000038   Code   RO          813    i.HAL_MspInit       stm32f7xx_hal_msp.o
    0x08004258   0x08004258   0x0000001a   Code   RO         2926    i.HAL_NVIC_EnableIRQ  stm32f7xx_hal_cortex.o
    0x08004272   0x08004272   0x00000002   PAD
    0x08004274   0x08004274   0x00000040   Code   RO         2932    i.HAL_NVIC_SetPriority  stm32f7xx_hal_cortex.o
    0x080042b4   0x080042b4   0x00000024   Code   RO         2933    i.HAL_NVIC_SetPriorityGrouping  stm32f7xx_hal_cortex.o
    0x080042d8   0x080042d8   0x0000006c   Code   RO         2833    i.HAL_PWREx_EnableOverDrive  stm32f7xx_hal_pwr_ex.o
    0x08004344   0x08004344   0x000004f8   Code   RO         2254    i.HAL_RCCEx_PeriphCLKConfig  stm32f7xx_hal_rcc_ex.o
    0x0800483c   0x0800483c   0x0000013c   Code   RO         2147    i.HAL_RCC_ClockConfig  stm32f7xx_hal_rcc.o
    0x08004978   0x08004978   0x00000040   Code   RO         2151    i.HAL_RCC_GetClockConfig  stm32f7xx_hal_rcc.o
    0x080049b8   0x080049b8   0x00000020   Code   RO         2154    i.HAL_RCC_GetPCLK1Freq  stm32f7xx_hal_rcc.o
    0x080049d8   0x080049d8   0x00000020   Code   RO         2155    i.HAL_RCC_GetPCLK2Freq  stm32f7xx_hal_rcc.o
    0x080049f8   0x080049f8   0x00000060   Code   RO         2156    i.HAL_RCC_GetSysClockFreq  stm32f7xx_hal_rcc.o
    0x08004a58   0x08004a58   0x0000036c   Code   RO         2159    i.HAL_RCC_OscConfig  stm32f7xx_hal_rcc.o
    0x08004dc4   0x08004dc4   0x00000002   Code   RO         1592    i.HAL_TIMEx_Break2Callback  stm32f7xx_hal_tim_ex.o
    0x08004dc6   0x08004dc6   0x00000002   Code   RO         1593    i.HAL_TIMEx_BreakCallback  stm32f7xx_hal_tim_ex.o
    0x08004dc8   0x08004dc8   0x00000002   Code   RO         1594    i.HAL_TIMEx_CommutCallback  stm32f7xx_hal_tim_ex.o
    0x08004dca   0x08004dca   0x00000002   PAD
    0x08004dcc   0x08004dcc   0x0000008c   Code   RO         1596    i.HAL_TIMEx_ConfigBreakDeadTime  stm32f7xx_hal_tim_ex.o
    0x08004e58   0x08004e58   0x000000a4   Code   RO         1613    i.HAL_TIMEx_MasterConfigSynchronization  stm32f7xx_hal_tim_ex.o
    0x08004efc   0x08004efc   0x00000062   Code   RO          878    i.HAL_TIM_Base_Init  stm32f7xx_hal_tim.o
    0x08004f5e   0x08004f5e   0x00000002   PAD
    0x08004f60   0x08004f60   0x000000e8   Code   RO          409    i.HAL_TIM_Base_MspInit  tim.o
    0x08005048   0x08005048   0x00000080   Code   RO          881    i.HAL_TIM_Base_Start  stm32f7xx_hal_tim.o
    0x080050c8   0x080050c8   0x0000008c   Code   RO          883    i.HAL_TIM_Base_Start_IT  stm32f7xx_hal_tim.o
    0x08005154   0x08005154   0x000000e0   Code   RO          887    i.HAL_TIM_ConfigClockSource  stm32f7xx_hal_tim.o
    0x08005234   0x08005234   0x000000b0   Code   RO          899    i.HAL_TIM_Encoder_Init  stm32f7xx_hal_tim.o
    0x080052e4   0x080052e4   0x000001a8   Code   RO          411    i.HAL_TIM_Encoder_MspInit  tim.o
    0x0800548c   0x0800548c   0x00000092   Code   RO          902    i.HAL_TIM_Encoder_Start  stm32f7xx_hal_tim.o
    0x0800551e   0x0800551e   0x00000002   Code   RO          912    i.HAL_TIM_IC_CaptureCallback  stm32f7xx_hal_tim.o
    0x08005520   0x08005520   0x0000014a   Code   RO          926    i.HAL_TIM_IRQHandler  stm32f7xx_hal_tim.o
    0x0800566a   0x0800566a   0x00000002   PAD
    0x0800566c   0x0800566c   0x000000e8   Code   RO          412    i.HAL_TIM_MspPostInit  tim.o
    0x08005754   0x08005754   0x00000002   Code   RO          929    i.HAL_TIM_OC_DelayElapsedCallback  stm32f7xx_hal_tim.o
    0x08005756   0x08005756   0x00000124   Code   RO          950    i.HAL_TIM_PWM_ConfigChannel  stm32f7xx_hal_tim.o
    0x0800587a   0x0800587a   0x00000062   Code   RO          953    i.HAL_TIM_PWM_Init  stm32f7xx_hal_tim.o
    0x080058dc   0x080058dc   0x0000003c   Code   RO          414    i.HAL_TIM_PWM_MspInit  tim.o
    0x08005918   0x08005918   0x00000002   Code   RO          956    i.HAL_TIM_PWM_PulseFinishedCallback  stm32f7xx_hal_tim.o
    0x0800591a   0x0800591a   0x00000002   PAD
    0x0800591c   0x0800591c   0x00000100   Code   RO          958    i.HAL_TIM_PWM_Start  stm32f7xx_hal_tim.o
    0x08005a1c   0x08005a1c   0x00000014   Code   RO         5680    i.HAL_TIM_PeriodElapsedCallback  encoder.o
    0x08005a30   0x08005a30   0x00000002   Code   RO          969    i.HAL_TIM_TriggerCallback  stm32f7xx_hal_tim.o
    0x08005a32   0x08005a32   0x00000052   Code   RO         4246    i.HAL_UARTEx_ReceiveToIdle_DMA  stm32f7xx_hal_uart_ex.o
    0x08005a84   0x08005a84   0x00000034   Code   RO         6547    i.HAL_UARTEx_RxEventCallback  rec_usart.o
    0x08005ab8   0x08005ab8   0x00000002   Code   RO         3863    i.HAL_UART_AbortReceiveCpltCallback  stm32f7xx_hal_uart.o
    0x08005aba   0x08005aba   0x00000002   PAD
    0x08005abc   0x08005abc   0x000000b4   Code   RO         3864    i.HAL_UART_AbortReceive_IT  stm32f7xx_hal_uart.o
    0x08005b70   0x08005b70   0x0000008e   Code   RO         3871    i.HAL_UART_DMAStop  stm32f7xx_hal_uart.o
    0x08005bfe   0x08005bfe   0x00000002   Code   RO         3875    i.HAL_UART_ErrorCallback  stm32f7xx_hal_uart.o
    0x08005c00   0x08005c00   0x000002ac   Code   RO         3878    i.HAL_UART_IRQHandler  stm32f7xx_hal_uart.o
    0x08005eac   0x08005eac   0x00000066   Code   RO         3879    i.HAL_UART_Init     stm32f7xx_hal_uart.o
    0x08005f12   0x08005f12   0x00000002   PAD
    0x08005f14   0x08005f14   0x00000380   Code   RO          529    i.HAL_UART_MspInit  usart.o
    0x08006294   0x08006294   0x0000003c   Code   RO         3883    i.HAL_UART_Receive_DMA  stm32f7xx_hal_uart.o
    0x080062d0   0x080062d0   0x0000003c   Code   RO         3884    i.HAL_UART_Receive_IT  stm32f7xx_hal_uart.o
    0x0800630c   0x0800630c   0x00000002   Code   RO         3886    i.HAL_UART_RxCpltCallback  stm32f7xx_hal_uart.o
    0x0800630e   0x0800630e   0x00000002   Code   RO         3887    i.HAL_UART_RxHalfCpltCallback  stm32f7xx_hal_uart.o
    0x08006310   0x08006310   0x000000a8   Code   RO         3888    i.HAL_UART_Transmit  stm32f7xx_hal_uart.o
    0x080063b8   0x080063b8   0x00000002   Code   RO         3891    i.HAL_UART_TxCpltCallback  stm32f7xx_hal_uart.o
    0x080063ba   0x080063ba   0x00000002   PAD
    0x080063bc   0x080063bc   0x000000c4   Code   RO         7108    i.Handle_NoTurn_StraightPath  map.o
    0x08006480   0x08006480   0x00000002   Code   RO          637    i.HardFault_Handler  stm32f7xx_it.o
    0x08006482   0x08006482   0x00000002   PAD
    0x08006484   0x08006484   0x00000090   Code   RO         6255    i.IMU_CalibrateZero  imu.o
    0x08006514   0x08006514   0x000000d0   Code   RO         7262    i.Line_Scan         scaner.o
    0x080065e4   0x080065e4   0x000000a4   Code   RO          344    i.MX_ADC1_Init      adc.o
    0x08006688   0x08006688   0x0000006c   Code   RO          384    i.MX_DMA_Init       dma.o
    0x080066f4   0x080066f4   0x00000028   Code   RO          260    i.MX_FREERTOS_Init  freertos.o
    0x0800671c   0x0800671c   0x00000110   Code   RO          236    i.MX_GPIO_Init      gpio.o
    0x0800682c   0x0800682c   0x00000038   Code   RO          415    i.MX_TIM11_Init     tim.o
    0x08006864   0x08006864   0x0000006c   Code   RO          416    i.MX_TIM12_Init     tim.o
    0x080068d0   0x080068d0   0x00000074   Code   RO          417    i.MX_TIM1_Init      tim.o
    0x08006944   0x08006944   0x0000006c   Code   RO          418    i.MX_TIM2_Init      tim.o
    0x080069b0   0x080069b0   0x00000070   Code   RO          419    i.MX_TIM3_Init      tim.o
    0x08006a20   0x08006a20   0x000000cc   Code   RO          420    i.MX_TIM4_Init      tim.o
    0x08006aec   0x08006aec   0x00000070   Code   RO          421    i.MX_TIM5_Init      tim.o
    0x08006b5c   0x08006b5c   0x000000e8   Code   RO          422    i.MX_TIM8_Init      tim.o
    0x08006c44   0x08006c44   0x00000094   Code   RO          423    i.MX_TIM9_Init      tim.o
    0x08006cd8   0x08006cd8   0x0000003c   Code   RO          530    i.MX_UART4_Init     usart.o
    0x08006d14   0x08006d14   0x0000003c   Code   RO          531    i.MX_UART5_Init     usart.o
    0x08006d50   0x08006d50   0x0000003c   Code   RO          532    i.MX_UART7_Init     usart.o
    0x08006d8c   0x08006d8c   0x0000003c   Code   RO          533    i.MX_UART8_Init     usart.o
    0x08006dc8   0x08006dc8   0x0000003c   Code   RO          534    i.MX_USART1_UART_Init  usart.o
    0x08006e04   0x08006e04   0x0000003c   Code   RO          535    i.MX_USART3_UART_Init  usart.o
    0x08006e40   0x08006e40   0x00000014   Code   RO         6385    i.Maxicam_Enable    k210.o
    0x08006e54   0x08006e54   0x00000002   Code   RO          638    i.MemManage_Handler  stm32f7xx_it.o
    0x08006e56   0x08006e56   0x00000002   Code   RO          639    i.NMI_Handler       stm32f7xx_it.o
    0x08006e58   0x08006e58   0x00000044   Code   RO         6462    i.Open_COLOR_L      openmv.o
    0x08006e9c   0x08006e9c   0x00000048   Code   RO         6463    i.Open_COLOR_R      openmv.o
    0x08006ee4   0x08006ee4   0x000003c8   Code   RO         6613    i.QQB_1             barrier.o
    0x080072ac   0x080072ac   0x000000e8   Code   RO         7263    i.ReadLineSensorDetail  scaner.o
    0x08007394   0x08007394   0x00000028   Code   RO         6548    i.Rec_usart_init    rec_usart.o
    0x080073bc   0x080073bc   0x000000b6   Code   RO         6508    i.Robot_Work        rudder_control.o
    0x08007472   0x08007472   0x00000002   PAD
    0x08007474   0x08007474   0x00000090   Code   RO         6938    i.ScanerMode_Switch  gray.o
    0x08007504   0x08007504   0x00000408   Code   RO         6615    i.South_Pole        barrier.o
    0x0800790c   0x0800790c   0x000000e8   Code   RO         6616    i.Stage             barrier.o
    0x080079f4   0x080079f4   0x00000198   Code   RO         6617    i.Stage_P2          barrier.o
    0x08007b8c   0x08007b8c   0x0000000c   Code   RO         7380    i.Stage_turn_Angle  turn.o
    0x08007b98   0x08007b98   0x0000002c   Code   RO          261    i.StartDefaultTask  freertos.o
    0x08007bc4   0x08007bc4   0x00000030   Code   RO         6037    i.Start_task        temporary_task.o
    0x08007bf4   0x08007bf4   0x0000002c   Code   RO         5940    i.Start_task_create  task_create.o
    0x08007c20   0x08007c20   0x000001c0   Code   RO         6618    i.Sword_Mountain    barrier.o
    0x08007de0   0x08007de0   0x00000030   Code   RO         5564    i.SysTick_Handler   port.o
    0x08007e10   0x08007e10   0x0000009c   Code   RO           14    i.SystemClock_Config  main.o
    0x08007eac   0x08007eac   0x00000010   Code   RO         4297    i.SystemInit        system_stm32f7xx.o
    0x08007ebc   0x08007ebc   0x0000001c   Code   RO          640    i.TIM1_BRK_TIM9_IRQHandler  stm32f7xx_it.o
    0x08007ed8   0x08007ed8   0x0000000c   Code   RO          641    i.TIM1_CC_IRQHandler  stm32f7xx_it.o
    0x08007ee4   0x08007ee4   0x0000001c   Code   RO          642    i.TIM1_TRG_COM_TIM11_IRQHandler  stm32f7xx_it.o
    0x08007f00   0x08007f00   0x0000000c   Code   RO          643    i.TIM1_UP_TIM10_IRQHandler  stm32f7xx_it.o
    0x08007f0c   0x08007f0c   0x0000000c   Code   RO          644    i.TIM2_IRQHandler   stm32f7xx_it.o
    0x08007f18   0x08007f18   0x0000000c   Code   RO          645    i.TIM3_IRQHandler   stm32f7xx_it.o
    0x08007f24   0x08007f24   0x0000000c   Code   RO          646    i.TIM4_IRQHandler   stm32f7xx_it.o
    0x08007f30   0x08007f30   0x00000048   Code   RO         6881    i.TIM7_IRQHandler   delay.o
    0x08007f78   0x08007f78   0x0000001c   Code   RO          647    i.TIM8_BRK_TIM12_IRQHandler  stm32f7xx_it.o
    0x08007f94   0x08007f94   0x0000000c   Code   RO          648    i.TIM8_CC_IRQHandler  stm32f7xx_it.o
    0x08007fa0   0x08007fa0   0x0000001c   Code   RO          649    i.TIM8_TRG_COM_TIM14_IRQHandler  stm32f7xx_it.o
    0x08007fbc   0x08007fbc   0x0000000c   Code   RO          650    i.TIM8_UP_TIM13_IRQHandler  stm32f7xx_it.o
    0x08007fc8   0x08007fc8   0x000000d0   Code   RO          971    i.TIM_Base_SetConfig  stm32f7xx_hal_tim.o
    0x08008098   0x08008098   0x0000001a   Code   RO          972    i.TIM_CCxChannelCmd  stm32f7xx_hal_tim.o
    0x080080b2   0x080080b2   0x00000014   Code   RO          982    i.TIM_ETR_SetConfig  stm32f7xx_hal_tim.o
    0x080080c6   0x080080c6   0x00000010   Code   RO          983    i.TIM_ITRx_SetConfig  stm32f7xx_hal_tim.o
    0x080080d6   0x080080d6   0x00000002   PAD
    0x080080d8   0x080080d8   0x00000068   Code   RO          984    i.TIM_OC1_SetConfig  stm32f7xx_hal_tim.o
    0x08008140   0x08008140   0x00000074   Code   RO          985    i.TIM_OC2_SetConfig  stm32f7xx_hal_tim.o
    0x080081b4   0x080081b4   0x00000070   Code   RO          986    i.TIM_OC3_SetConfig  stm32f7xx_hal_tim.o
    0x08008224   0x08008224   0x00000058   Code   RO          987    i.TIM_OC4_SetConfig  stm32f7xx_hal_tim.o
    0x0800827c   0x0800827c   0x00000050   Code   RO          988    i.TIM_OC5_SetConfig  stm32f7xx_hal_tim.o
    0x080082cc   0x080082cc   0x00000054   Code   RO          989    i.TIM_OC6_SetConfig  stm32f7xx_hal_tim.o
    0x08008320   0x08008320   0x00000022   Code   RO          991    i.TIM_TI1_ConfigInputStage  stm32f7xx_hal_tim.o
    0x08008342   0x08008342   0x00000024   Code   RO          993    i.TIM_TI2_ConfigInputStage  stm32f7xx_hal_tim.o
    0x08008366   0x08008366   0x00000002   PAD
    0x08008368   0x08008368   0x000000e4   Code   RO         7381    i.Turn360Step       turn.o
    0x0800844c   0x0800844c   0x00000008   Code   RO         7382    i.Turn_Angle        turn.o
    0x08008454   0x08008454   0x000000d8   Code   RO         7384    i.Turn_Angle_Base   turn.o
    0x0800852c   0x0800852c   0x00000058   Code   RO         7385    i.Turn_Angle_Relative  turn.o
    0x08008584   0x08008584   0x0000000c   Code   RO          651    i.UART4_IRQHandler  stm32f7xx_it.o
    0x08008590   0x08008590   0x0000000c   Code   RO          652    i.UART5_IRQHandler  stm32f7xx_it.o
    0x0800859c   0x0800859c   0x0000000c   Code   RO          653    i.UART7_IRQHandler  stm32f7xx_it.o
    0x080085a8   0x080085a8   0x0000000c   Code   RO          654    i.UART8_IRQHandler  stm32f7xx_it.o
    0x080085b4   0x080085b4   0x000000c8   Code   RO         3893    i.UART_AdvFeatureConfig  stm32f7xx_hal_uart.o
    0x0800867c   0x0800867c   0x0000005c   Code   RO         3894    i.UART_CheckIdleState  stm32f7xx_hal_uart.o
    0x080086d8   0x080086d8   0x00000010   Code   RO         3895    i.UART_DMAAbortOnError  stm32f7xx_hal_uart.o
    0x080086e8   0x080086e8   0x0000004e   Code   RO         3896    i.UART_DMAError     stm32f7xx_hal_uart.o
    0x08008736   0x08008736   0x0000009e   Code   RO         3897    i.UART_DMAReceiveCplt  stm32f7xx_hal_uart.o
    0x080087d4   0x080087d4   0x0000003c   Code   RO         3899    i.UART_DMARxHalfCplt  stm32f7xx_hal_uart.o
    0x08008810   0x08008810   0x00000028   Code   RO         3900    i.UART_DMARxOnlyAbortCallback  stm32f7xx_hal_uart.o
    0x08008838   0x08008838   0x0000004c   Code   RO         3905    i.UART_EndRxTransfer  stm32f7xx_hal_uart.o
    0x08008884   0x08008884   0x00000018   Code   RO         3906    i.UART_EndTxTransfer  stm32f7xx_hal_uart.o
    0x0800889c   0x0800889c   0x000000be   Code   RO         3907    i.UART_RxISR_16BIT  stm32f7xx_hal_uart.o
    0x0800895a   0x0800895a   0x000000be   Code   RO         3908    i.UART_RxISR_8BIT   stm32f7xx_hal_uart.o
    0x08008a18   0x08008a18   0x00000234   Code   RO         3909    i.UART_SetConfig    stm32f7xx_hal_uart.o
    0x08008c4c   0x08008c4c   0x000000a0   Code   RO         3910    i.UART_Start_Receive_DMA  stm32f7xx_hal_uart.o
    0x08008cec   0x08008cec   0x000000b8   Code   RO         3911    i.UART_Start_Receive_IT  stm32f7xx_hal_uart.o
    0x08008da4   0x08008da4   0x00000092   Code   RO         3914    i.UART_WaitOnFlagUntilTimeout  stm32f7xx_hal_uart.o
    0x08008e36   0x08008e36   0x00000002   PAD
    0x08008e38   0x08008e38   0x0000000c   Code   RO          655    i.USART1_IRQHandler  stm32f7xx_it.o
    0x08008e44   0x08008e44   0x00000190   Code   RO         6256    i.USART3_IRQHandler  imu.o
    0x08008fd4   0x08008fd4   0x00000050   Code   RO         7264    i.Update_line_data  scaner.o
    0x08009024   0x08009024   0x00000002   Code   RO          656    i.UsageFault_Handler  stm32f7xx_it.o
    0x08009026   0x08009026   0x00000002   PAD
    0x08009028   0x08009028   0x00000194   Code   RO         6619    i.WaitFor_OCR       barrier.o
    0x080091bc   0x080091bc   0x00000038   Code   RO         7565    i.Want2Go           chassis_api.o
    0x080091f4   0x080091f4   0x00000020   Code   RO         8046    i.__0printf         mc_w.l(printfa.o)
    0x08009214   0x08009214   0x00000020   Code   RO         2939    i.__NVIC_SetPriority  stm32f7xx_hal_cortex.o
    0x08009234   0x08009234   0x00000004   PAD
    0x08009238   0x08009238   0x00000038   Code   RO         7770    i.__hardfp_atof     m_wm.l(atof.o)
    0x08009270   0x08009270   0x0000000c   Code   RO         8136    i.__read_errno      mc_w.l(errno.o)
    0x0800927c   0x0800927c   0x0000000e   Code   RO         8190    i.__scatterload_copy  mc_w.l(handlers.o)
    0x0800928a   0x0800928a   0x00000002   Code   RO         8191    i.__scatterload_null  mc_w.l(handlers.o)
    0x0800928c   0x0800928c   0x0000000e   Code   RO         8192    i.__scatterload_zeroinit  mc_w.l(handlers.o)
    0x0800929a   0x0800929a   0x00000002   PAD
    0x0800929c   0x0800929c   0x0000000c   Code   RO         8137    i.__set_errno       mc_w.l(errno.o)
    0x080092a8   0x080092a8   0x00000184   Code   RO         8053    i._fp_digits        mc_w.l(printfa.o)
    0x0800942c   0x0800942c   0x0000000e   Code   RO         8175    i._is_digit         mc_w.l(scanf_fp.o)
    0x0800943a   0x0800943a   0x00000002   PAD
    0x0800943c   0x0800943c   0x000006dc   Code   RO         8054    i._printf_core      mc_w.l(printfa.o)
    0x08009b18   0x08009b18   0x00000024   Code   RO         8055    i._printf_post_padding  mc_w.l(printfa.o)
    0x08009b3c   0x08009b3c   0x0000002e   Code   RO         8056    i._printf_pre_padding  mc_w.l(printfa.o)
    0x08009b6a   0x08009b6a   0x00000002   PAD
    0x08009b6c   0x08009b6c   0x00000094   Code   RO         5884    i.arrive_detect_task  arrivedetect_task.o
    0x08009c00   0x08009c00   0x00000124   Code   RO         6621    i.back              barrier.o
    0x08009d24   0x08009d24   0x0000001c   Code   RO         6355    i.buzzer_off        bsp_buzzer.o
    0x08009d40   0x08009d40   0x0000001c   Code   RO         6356    i.buzzer_on         bsp_buzzer.o
    0x08009d5c   0x08009d5c   0x00000084   Code   RO         7265    i.calc_left_edge    scaner.o
    0x08009de0   0x08009de0   0x00000130   Code   RO         7266    i.calc_liushui      scaner.o
    0x08009f10   0x08009f10   0x00000080   Code   RO         7267    i.calc_right_edge   scaner.o
    0x08009f90   0x08009f90   0x00000098   Code   RO         7268    i.calc_track_all    scaner.o
    0x0800a028   0x0800a028   0x00000040   Code   RO         6389    i.close_Maxicam     k210.o
    0x0800a068   0x0800a068   0x00000028   Code   RO         6622    i.copy_route        barrier.o
    0x0800a090   0x0800a090   0x00000038   Code   RO         5941    i.create_ArriveDetect_task  task_create.o
    0x0800a0c8   0x0800a0c8   0x0000015c   Code   RO         5885    i.deal_arrive       arrivedetect_task.o
    0x0800a224   0x0800a224   0x0000001c   Code   RO         6883    i.delay_ms          delay.o
    0x0800a240   0x0800a240   0x00000014   Code   RO         6884    i.delay_us          delay.o
    0x0800a254   0x0800a254   0x00000908   Code   RO         6623    i.door              barrier.o
    0x0800ab5c   0x0800ab5c   0x000000a0   Code   RO         6079    i.filter            filter.o
    0x0800abfc   0x0800abfc   0x00000018   Code   RO          536    i.fputc             usart.o
    0x0800ac14   0x0800ac14   0x00000044   Code   RO         7386    i.getAngleZ         turn.o
    0x0800ac58   0x0800ac58   0x00000038   Code   RO         7109    i.getNextConnectNode  map.o
    0x0800ac90   0x0800ac90   0x00000038   Code   RO         6324    i.get_Infrared      bsp_linefollower.o
    0x0800acc8   0x0800acc8   0x00000178   Code   RO         6549    i.get_PIDdata       rec_usart.o
    0x0800ae40   0x0800ae40   0x00000044   Code   RO         6257    i.get_latest_yaw    imu.o
    0x0800ae84   0x0800ae84   0x000000c8   Code   RO         5731    i.get_motor_speed   motor_task.o
    0x0800af4c   0x0800af4c   0x00000028   Code   RO         7270    i.getline_error     scaner.o
    0x0800af74   0x0800af74   0x00000044   Code   RO         7271    i.getline_error_ex  scaner.o
    0x0800afb8   0x0800afb8   0x0000003c   Code   RO         7566    i.gradual_cal       chassis_api.o
    0x0800aff4   0x0800aff4   0x00000054   Code   RO         5732    i.handle_gyro_mode  motor_task.o
    0x0800b048   0x0800b048   0x0000006c   Code   RO         5734    i.handle_line_mode  motor_task.o
    0x0800b0b4   0x0800b0b4   0x000000f4   Code   RO         5735    i.handle_mode_switch  motor_task.o
    0x0800b1a8   0x0800b1a8   0x00000090   Code   RO         5736    i.handle_motor_speed  motor_task.o
    0x0800b238   0x0800b238   0x0000001a   Code   RO         5737    i.handle_now_mode   motor_task.o
    0x0800b252   0x0800b252   0x00000002   PAD
    0x0800b254   0x0800b254   0x000000a4   Code   RO         5738    i.handle_pid_control  motor_task.o
    0x0800b2f8   0x0800b2f8   0x00000078   Code   RO         5739    i.handle_target_speed  motor_task.o
    0x0800b370   0x0800b370   0x00000090   Code   RO         5740    i.handle_turn_mode  motor_task.o
    0x0800b400   0x0800b400   0x00000040   Code   RO         6259    i.imu_receive_init  imu.o
    0x0800b440   0x0800b440   0x0000013c   Code   RO         6118    i.incremental_PID   pid.o
    0x0800b57c   0x0800b57c   0x000000ae   Code   RO           15    i.main              main.o
    0x0800b62a   0x0800b62a   0x00000002   PAD
    0x0800b62c   0x0800b62c   0x000000f0   Code   RO         5982    i.main_task         main_task.o
    0x0800b71c   0x0800b71c   0x00000030   Code   RO         5942    i.main_task_create  task_create.o
    0x0800b74c   0x0800b74c   0x0000000c   Code   RO         5123    i.makeFreeRtosPriority  cmsis_os.o
    0x0800b758   0x0800b758   0x00000068   Code   RO         7110    i.mapInit           map.o
    0x0800b7c0   0x0800b7c0   0x00000070   Code   RO         7112    i.map_function      map.o
    0x0800b830   0x0800b830   0x00000080   Code   RO         5643    i.motor_init        motor.o
    0x0800b8b0   0x0800b8b0   0x0000005c   Code   RO         6119    i.motor_pid_clear   pid.o
    0x0800b90c   0x0800b90c   0x000000a0   Code   RO         5644    i.motor_set_pwm     motor.o
    0x0800b9ac   0x0800b9ac   0x000000cc   Code   RO         5741    i.motor_task        motor_task.o
    0x0800ba78   0x0800ba78   0x00000030   Code   RO         5742    i.motor_task_create  motor_task.o
    0x0800baa8   0x0800baa8   0x00000044   Code   RO         6510    i.moveServo         rudder_control.o
    0x0800baec   0x0800baec   0x00000014   Code   RO         7387    i.mpuZreset         turn.o
    0x0800bb00   0x0800bb00   0x00000034   Code   RO         7388    i.need2turn         turn.o
    0x0800bb34   0x0800bb34   0x00000044   Code   RO         6390    i.open_OCR_mode     k210.o
    0x0800bb78   0x0800bb78   0x0000000e   Code   RO         5125    i.osDelay           cmsis_os.o
    0x0800bb86   0x0800bb86   0x0000000a   Code   RO         5128    i.osKernelStart     cmsis_os.o
    0x0800bb90   0x0800bb90   0x00000054   Code   RO         5162    i.osThreadCreate    cmsis_os.o
    0x0800bbe4   0x0800bbe4   0x00000028   Code   RO         6550    i.parse_cmd_field   rec_usart.o
    0x0800bc0c   0x0800bc0c   0x00000148   Code   RO         6120    i.pid_init          pid.o
    0x0800bd54   0x0800bd54   0x000000d4   Code   RO         7567    i.pid_mode_switch   chassis_api.o
    0x0800be28   0x0800be28   0x0000004c   Code   RO         7272    i.pos_detect        scaner.o
    0x0800be74   0x0800be74   0x000000c0   Code   RO         6121    i.positional_PID    pid.o
    0x0800bf34   0x0800bf34   0x00000070   Code   RO         4800    i.prvAddCurrentTaskToDelayedList  tasks.o
    0x0800bfa4   0x0800bfa4   0x000000d0   Code   RO         4801    i.prvAddNewTaskToReadyList  tasks.o
    0x0800c074   0x0800c074   0x00000026   Code   RO         4475    i.prvCopyDataFromQueue  queue.o
    0x0800c09a   0x0800c09a   0x0000006c   Code   RO         4476    i.prvCopyDataToQueue  queue.o
    0x0800c106   0x0800c106   0x00000038   Code   RO         4802    i.prvDeleteTCB      tasks.o
    0x0800c13e   0x0800c13e   0x00000002   PAD
    0x0800c140   0x0800c140   0x0000004c   Code   RO         5502    i.prvHeapInit       heap_4.o
    0x0800c18c   0x0800c18c   0x0000005c   Code   RO         4803    i.prvIdleTask       tasks.o
    0x0800c1e8   0x0800c1e8   0x00000016   Code   RO         4477    i.prvInitialiseMutex  queue.o
    0x0800c1fe   0x0800c1fe   0x00000016   Code   RO         4478    i.prvInitialiseNewQueue  queue.o
    0x0800c214   0x0800c214   0x000000ae   Code   RO         4804    i.prvInitialiseNewTask  tasks.o
    0x0800c2c2   0x0800c2c2   0x00000002   PAD
    0x0800c2c4   0x0800c2c4   0x0000004c   Code   RO         5503    i.prvInsertBlockIntoFreeList  heap_4.o
    0x0800c310   0x0800c310   0x0000001a   Code   RO         4479    i.prvIsQueueEmpty   queue.o
    0x0800c32a   0x0800c32a   0x00000002   PAD
    0x0800c32c   0x0800c32c   0x00000020   Code   RO         4805    i.prvResetNextTaskUnblockTime  tasks.o
    0x0800c34c   0x0800c34c   0x00000030   Code   RO         5565    i.prvTaskExitError  port.o
    0x0800c37c   0x0800c37c   0x0000006a   Code   RO         4480    i.prvUnlockQueue    queue.o
    0x0800c3e6   0x0800c3e6   0x00000002   PAD
    0x0800c3e8   0x0800c3e8   0x000000e4   Code   RO         5504    i.pvPortMalloc      heap_4.o
    0x0800c4cc   0x0800c4cc   0x00000018   Code   RO         4807    i.pvTaskIncrementMutexHeldCount  tasks.o
    0x0800c4e4   0x0800c4e4   0x0000002c   Code   RO         5566    i.pxPortInitialiseStack  port.o
    0x0800c510   0x0800c510   0x00000050   Code   RO         5886    i.send_play_specified_command  arrivedetect_task.o
    0x0800c560   0x0800c560   0x00000068   Code   RO         4808    i.ulTaskNotifyTake  tasks.o
    0x0800c5c8   0x0800c5c8   0x000000c4   Code   RO         6626    i.undermou          barrier.o
    0x0800c68c   0x0800c68c   0x00000354   Code   RO         6627    i.update_rout_by_treasure_7  barrier.o
    0x0800c9e0   0x0800c9e0   0x00000344   Code   RO         6628    i.update_rout_by_treasure_8  barrier.o
    0x0800cd24   0x0800cd24   0x000001a4   Code   RO         6629    i.update_route_by_QR  barrier.o
    0x0800cec8   0x0800cec8   0x0000009c   Code   RO         6630    i.update_route_by_door_1  barrier.o
    0x0800cf64   0x0800cf64   0x0000009c   Code   RO         6631    i.update_route_by_door_2  barrier.o
    0x0800d000   0x0800d000   0x0000009c   Code   RO         6632    i.update_route_by_door_3  barrier.o
    0x0800d09c   0x0800d09c   0x0000009c   Code   RO         6633    i.update_route_by_door_4  barrier.o
    0x0800d138   0x0800d138   0x00000022   Code   RO         6038    i.user_init         temporary_task.o
    0x0800d15a   0x0800d15a   0x00000026   Code   RO         4435    i.uxListRemove      list.o
    0x0800d180   0x0800d180   0x00000018   Code   RO          262    i.vApplicationGetIdleTaskMemory  freertos.o
    0x0800d198   0x0800d198   0x00000016   Code   RO         4436    i.vListInitialise   list.o
    0x0800d1ae   0x0800d1ae   0x00000006   Code   RO         4437    i.vListInitialiseItem  list.o
    0x0800d1b4   0x0800d1b4   0x00000030   Code   RO         4438    i.vListInsert       list.o
    0x0800d1e4   0x0800d1e4   0x00000018   Code   RO         4439    i.vListInsertEnd    list.o
    0x0800d1fc   0x0800d1fc   0x00000048   Code   RO         5568    i.vPortEnterCritical  port.o
    0x0800d244   0x0800d244   0x0000002c   Code   RO         5569    i.vPortExitCritical  port.o
    0x0800d270   0x0800d270   0x00000064   Code   RO         5505    i.vPortFree         heap_4.o
    0x0800d2d4   0x0800d2d4   0x00000024   Code   RO         5570    i.vPortSetupTimerInterrupt  port.o
    0x0800d2f8   0x0800d2f8   0x0000005c   Code   RO         5571    i.vPortValidateInterruptPriority  port.o
    0x0800d354   0x0800d354   0x00000050   Code   RO         4814    i.vTaskDelay        tasks.o
    0x0800d3a4   0x0800d3a4   0x0000009c   Code   RO         4815    i.vTaskDelayUntil   tasks.o
    0x0800d440   0x0800d440   0x000000b0   Code   RO         4816    i.vTaskDelete       tasks.o
    0x0800d4f0   0x0800d4f0   0x00000010   Code   RO         4818    i.vTaskInternalSetTimeOutState  tasks.o
    0x0800d500   0x0800d500   0x0000000c   Code   RO         4819    i.vTaskMissedYield  tasks.o
    0x0800d50c   0x0800d50c   0x00000034   Code   RO         4821    i.vTaskPlaceOnEventList  tasks.o
    0x0800d540   0x0800d540   0x000000b4   Code   RO         4823    i.vTaskPriorityDisinheritAfterTimeout  tasks.o
    0x0800d5f4   0x0800d5f4   0x00000070   Code   RO         4828    i.vTaskStartScheduler  tasks.o
    0x0800d664   0x0800d664   0x00000010   Code   RO         4830    i.vTaskSuspendAll   tasks.o
    0x0800d674   0x0800d674   0x00000060   Code   RO         4831    i.vTaskSwitchContext  tasks.o
    0x0800d6d4   0x0800d6d4   0x00000032   Code   RO         7274    i.value_calculation  scaner.o
    0x0800d706   0x0800d706   0x00000002   PAD
    0x0800d708   0x0800d708   0x00000110   Code   RO         6635    i.view              barrier.o
    0x0800d818   0x0800d818   0x0000005c   Code   RO         6636    i.view1             barrier.o
    0x0800d874   0x0800d874   0x000000c4   Code   RO         5572    i.xPortStartScheduler  port.o
    0x0800d938   0x0800d938   0x00000016   Code   RO         4487    i.xQueueCreateMutex  queue.o
    0x0800d94e   0x0800d94e   0x0000004c   Code   RO         4489    i.xQueueGenericCreate  queue.o
    0x0800d99a   0x0800d99a   0x00000002   PAD
    0x0800d99c   0x0800d99c   0x0000008c   Code   RO         4491    i.xQueueGenericReset  queue.o
    0x0800da28   0x0800da28   0x00000174   Code   RO         4492    i.xQueueGenericSend  queue.o
    0x0800db9c   0x0800db9c   0x000000ac   Code   RO         4494    i.xQueueGiveFromISR  queue.o
    0x0800dc48   0x0800dc48   0x000000a6   Code   RO         4500    i.xQueueReceiveFromISR  queue.o
    0x0800dcee   0x0800dcee   0x00000002   PAD
    0x0800dcf0   0x0800dcf0   0x00000188   Code   RO         4501    i.xQueueSemaphoreTake  queue.o
    0x0800de78   0x0800de78   0x0000007c   Code   RO         4832    i.xTaskCheckForTimeOut  tasks.o
    0x0800def4   0x0800def4   0x0000005a   Code   RO         4833    i.xTaskCreate       tasks.o
    0x0800df4e   0x0800df4e   0x00000062   Code   RO         4834    i.xTaskCreateStatic  tasks.o
    0x0800dfb0   0x0800dfb0   0x000000ec   Code   RO         4835    i.xTaskGenericNotify  tasks.o
    0x0800e09c   0x0800e09c   0x0000001c   Code   RO         4838    i.xTaskGetSchedulerState  tasks.o
    0x0800e0b8   0x0800e0b8   0x0000000c   Code   RO         4839    i.xTaskGetTickCount  tasks.o
    0x0800e0c4   0x0800e0c4   0x000000cc   Code   RO         4841    i.xTaskIncrementTick  tasks.o
    0x0800e190   0x0800e190   0x000000a0   Code   RO         4844    i.xTaskPriorityDisinherit  tasks.o
    0x0800e230   0x0800e230   0x00000094   Code   RO         4845    i.xTaskPriorityInherit  tasks.o
    0x0800e2c4   0x0800e2c4   0x00000078   Code   RO         4846    i.xTaskRemoveFromEventList  tasks.o
    0x0800e33c   0x0800e33c   0x000000c8   Code   RO         4847    i.xTaskResumeAll    tasks.o
    0x0800e404   0x0800e404   0x00000214   Code   RO         6637    i.zhunbei           barrier.o
    0x0800e618   0x0800e618   0x0000001c   Data   RO          264    .constdata          freertos.o
    0x0800e634   0x0800e634   0x00000008   Data   RO         2571    .constdata          stm32f7xx_hal_dma.o
    0x0800e63c   0x0800e63c   0x00000010   Data   RO         4298    .constdata          system_stm32f7xx.o
    0x0800e64c   0x0800e64c   0x00000008   Data   RO         4299    .constdata          system_stm32f7xx.o
    0x0800e654   0x0800e654   0x00000038   Data   RO         5743    .constdata          motor_task.o
    0x0800e68c   0x0800e68c   0x00000a24   Data   RO         6638    .constdata          barrier.o
    0x0800f0b0   0x0800f0b0   0x00000040   Data   RO         7277    .constdata          scaner.o
    0x0800f0f0   0x0800f0f0   0x00000020   Data   RO         7278    .constdata          scaner.o
    0x0800f110   0x0800f110   0x00000040   Data   RO         8184    .constdata          mc_w.l(ctype_c.o)
    0x0800f150   0x0800f150   0x0000000c   Data   RO          265    .conststring        freertos.o
    0x0800f15c   0x0800f15c   0x0000005b   Data   RO         7114    .conststring        map.o
    0x0800f1b7   0x0800f1b7   0x00000001   PAD
    0x0800f1b8   0x0800f1b8   0x00000020   Data   RO         8188    Region$$Table       anon$$obj.o


    Execution Region RW_IRAM1 (Exec base: 0x20000000, Load base: 0x0800f1d8, Size: 0x00006458, Max: 0x00050000, ABSOLUTE, COMPRESSED[0x00000570])

    Exec Addr    Load Addr    Size         Type   Attr      Idx    E Section Name        Object

    0x20000000   COMPRESSED   0x00000004   Data   RW          266    .data               freertos.o
    0x20000004   COMPRESSED   0x0000000c   Data   RW         3095    .data               stm32f7xx_hal.o
    0x20000010   COMPRESSED   0x00000004   Data   RW         4300    .data               system_stm32f7xx.o
    0x20000014   COMPRESSED   0x0000003c   Data   RW         4850    .data               tasks.o
    0x20000050   COMPRESSED   0x00000018   Data   RW         5510    .data               heap_4.o
    0x20000068   COMPRESSED   0x0000000c   Data   RW         5573    .data               port.o
    0x20000074   COMPRESSED   0x00000004   Data   RW         5745    .data               motor_task.o
    0x20000078   COMPRESSED   0x00000001   Data   RW         5746    .data               motor_task.o
    0x20000079   COMPRESSED   0x00000003   PAD
    0x2000007c   COMPRESSED   0x00000014   Data   RW         5747    .data               motor_task.o
    0x20000090   COMPRESSED   0x00000002   Data   RW         5887    .data               arrivedetect_task.o
    0x20000092   COMPRESSED   0x00000002   PAD
    0x20000094   COMPRESSED   0x0000000c   Data   RW         5943    .data               task_create.o
    0x200000a0   COMPRESSED   0x00000008   Data   RW         5983    .data               main_task.o
    0x200000a8   COMPRESSED   0x00000001   Data   RW         6082    .data               filter.o
    0x200000a9   COMPRESSED   0x0000000a   Data   RW         6083    .data               filter.o
    0x200000b3   COMPRESSED   0x00000001   PAD
    0x200000b4   COMPRESSED   0x00000004   Data   RW         6261    .data               imu.o
    0x200000b8   COMPRESSED   0x00000010   Data   RW         6262    .data               imu.o
    0x200000c8   COMPRESSED   0x00000001   Data   RW         6325    .data               bsp_linefollower.o
    0x200000c9   COMPRESSED   0x00000006   Data   RW         6326    .data               bsp_linefollower.o
    0x200000cf   COMPRESSED   0x0000000d   Data   RW         6392    .data               k210.o
    0x200000dc   COMPRESSED   0x00000001   Data   RW         6394    .data               k210.o
    0x200000dd   COMPRESSED   0x00000001   Data   RW         6395    .data               k210.o
    0x200000de   COMPRESSED   0x00000001   Data   RW         6464    .data               openmv.o
    0x200000df   COMPRESSED   0x00000001   Data   RW         6465    .data               openmv.o
    0x200000e0   COMPRESSED   0x00000001   Data   RW         6466    .data               openmv.o
    0x200000e1   COMPRESSED   0x00000003   PAD
    0x200000e4   COMPRESSED   0x0000000c   Data   RW         6557    .data               rec_usart.o
    0x200000f0   COMPRESSED   0x00000021   Data   RW         6639    .data               barrier.o
    0x20000111   COMPRESSED   0x00000001   Data   RW         6886    .data               delay.o
    0x20000112   COMPRESSED   0x0000000a   Data   RW         6939    .data               gray.o
    0x2000011c   COMPRESSED   0x00000069   Data   RW         7115    .data               map.o
    0x20000185   COMPRESSED   0x00000064   Data   RW         7116    .data               map.o
    0x200001e9   COMPRESSED   0x00000064   Data   RW         7121    .data               map.o
    0x2000024d   COMPRESSED   0x00000064   Data   RW         7122    .data               map.o
    0x200002b1   COMPRESSED   0x00000064   Data   RW         7123    .data               map.o
    0x20000315   COMPRESSED   0x00000064   Data   RW         7126    .data               map.o
    0x20000379   COMPRESSED   0x00000032   Data   RW         7128    .data               map.o
    0x200003ab   COMPRESSED   0x00000032   Data   RW         7129    .data               map.o
    0x200003dd   COMPRESSED   0x00000032   Data   RW         7130    .data               map.o
    0x2000040f   COMPRESSED   0x00000032   Data   RW         7131    .data               map.o
    0x20000441   COMPRESSED   0x00000003   PAD
    0x20000444   COMPRESSED   0x00000bd0   Data   RW         7205    .data               map_message.o
    0x20001014   COMPRESSED   0x00000034   Data   RW         7206    .data               map_message.o
    0x20001048   COMPRESSED   0x00000035   Data   RW         7207    .data               map_message.o
    0x2000107d   COMPRESSED   0x00000003   PAD
    0x20001080   COMPRESSED   0x00000050   Data   RW         7279    .data               scaner.o
    0x200010d0   COMPRESSED   0x00000014   Data   RW         7389    .data               turn.o
    0x200010e4   COMPRESSED   0x00000002   Data   RW         7480    .data               command.o
    0x200010e6   COMPRESSED   0x00000002   PAD
    0x200010e8   COMPRESSED   0x00000024   Data   RW         7569    .data               chassis_api.o
    0x2000110c   COMPRESSED   0x00000004   Data   RW         8128    .data               mc_w.l(stdout.o)
    0x20001110   COMPRESSED   0x00000004   Data   RW         8138    .data               mc_w.l(errno.o)
    0x20001114        -       0x00000454   Zero   RW          263    .bss                freertos.o
    0x20001568        -       0x000000a8   Zero   RW          345    .bss                adc.o
    0x20001610        -       0x000002ac   Zero   RW          424    .bss                tim.o
    0x200018bc        -       0x00000450   Zero   RW          537    .bss                usart.o
    0x20001d0c        -       0x0000004c   Zero   RW          840    .bss                stm32f7xx_hal_timebase_tim.o
    0x20001d58        -       0x000000f0   Zero   RW         4849    .bss                tasks.o
    0x20001e48        -       0x00003c00   Zero   RW         5509    .bss                heap_4.o
    0x20005a48        -       0x00000010   Zero   RW         5686    .bss                encoder.o
    0x20005a58        -       0x00000060   Zero   RW         6081    .bss                filter.o
    0x20005ab8        -       0x00000140   Zero   RW         6126    .bss                pid.o
    0x20005bf8        -       0x0000001c   Zero   RW         6127    .bss                pid.o
    0x20005c14        -       0x0000001c   Zero   RW         6128    .bss                pid.o
    0x20005c30        -       0x0000001c   Zero   RW         6129    .bss                pid.o
    0x20005c4c        -       0x000000d4   Zero   RW         6260    .bss                imu.o
    0x20005d20        -       0x00000108   Zero   RW         6511    .bss                rudder_control.o
    0x20005e28        -       0x00000080   Zero   RW         6551    .bss                rec_usart.o
    0x20005ea8        -       0x0000004c   Zero   RW         6885    .bss                delay.o
    0x20005ef4        -       0x0000004c   Zero   RW         7113    .bss                map.o
    0x20005f40        -       0x00000050   Zero   RW         7275    .bss                scaner.o
    0x20005f90        -       0x00000010   Zero   RW         7276    .bss                scaner.o
    0x20005fa0        -       0x0000003c   Zero   RW         7479    .bss                command.o
    0x20005fdc        -       0x00000078   Zero   RW         7568    .bss                chassis_api.o
    0x20006054   COMPRESSED   0x00000004   PAD
    0x20006058        -       0x00000400   Zero   RW            1    STACK               startup_stm32f750xx.o


==============================================================================

Image component sizes


      Code (inc. data)   RO Data    RW Data    ZI Data      Debug   Object Name

       348         38          0          0        168       1835   adc.o
       576         40          0          2          0       4100   arrivedetect_task.o
     13092       2210       2596         33          0      35176   barrier.o
        56         10          0          0          0        969   bsp_buzzer.o
        56          8          0          7          0       1807   bsp_linefollower.o
      2728        424          0         36        120      23886   chassis_api.o
       120          0          0          0          0      23129   cmsis_os.o
       298         20          0          2         60       3277   command.o
       120         20          0          1         76       2187   delay.o
       108          4          0          0          0        814   dma.o
       140         26          0          0         16       2457   encoder.o
         0          0          0          0          0      18744   event_groups.o
       160         12          0         11         96       1928   filter.o
       108         32         40          4       1108       7358   freertos.o
       272         22          0          0          0       1063   gpio.o
       400         64          0         10          0       3472   gray.o
       480         24          0         24      15360       7407   heap_4.o
       676         86          0         20        212       4594   imu.o
       152         28          0         15          0       3704   k210.o
       138          0          0          0          0       3482   list.o
       334          8          0          0          0     895176   main.o
       240         72          0          8          0        919   main_task.o
      2640        480         91        805         76      16584   map.o
         0          0          0       3129          0       9289   map_message.o
        56          0          0          0          0        512   motion.o
       288         34          0          0          0       1333   motor.o
      1486        330         56         25          0       7966   motor_task.o
       140         34          0          3          0       1350   openmv.o
       928         58          0          0        404       4596   pid.o
       774         80          0         12          0      11809   port.o
      1662         14          0          0          0      18172   queue.o
       508        106          0         12        128       3746   rec_usart.o
       250          4          0          0        264       2129   rudder_control.o
      2232        124         96         80         96      15829   scaner.o
        36          8        456          0       1024        824   startup_stm32f750xx.o
        86         14          0         12          0       8282   stm32f7xx_hal.o
      1604         76          0          0          0       8888   stm32f7xx_hal_adc.o
       306         30          0          0          0      40116   stm32f7xx_hal_cortex.o
      1094         16          8          0          0       7881   stm32f7xx_hal_dma.o
       528         54          0          0          0       3580   stm32f7xx_hal_gpio.o
        56          4          0          0          0        846   stm32f7xx_hal_msp.o
       108         10          0          0          0       1272   stm32f7xx_hal_pwr_ex.o
      1416         74          0          0          0       5961   stm32f7xx_hal_rcc.o
      1272         28          0          0          0       2404   stm32f7xx_hal_rcc_ex.o
      2820        230          0          0          0      21280   stm32f7xx_hal_tim.o
       310         36          0          0          0       4096   stm32f7xx_hal_tim_ex.o
       152         20          0          0         76       1452   stm32f7xx_hal_timebase_tim.o
      3584        102          0          0          0      22414   stm32f7xx_hal_uart.o
        82          0          0          0          0       1287   stm32f7xx_hal_uart_ex.o
       316        136          0          0          0      12206   stm32f7xx_it.o
         0          0          0          0          0        384   stream_buffer.o
        16          4         24          4          0       1099   system_stm32f7xx.o
       148         72          0         12          0       1776   task_create.o
      3118        224          0         60        240      32699   tasks.o
        82          6          0          0          0       1765   temporary_task.o
      2144        180          0          0        684       9836   tim.o
       844        144          0         20          0       7598   turn.o
      1280        110          0          0       1104       8090   usart.o

    ----------------------------------------------------------------------
     53034       5990       3400       4364      21316    1346835   Object Totals
         0          0         32          0          0          0   (incl. Generated)
        66          0          1         17          4          0   (incl. Padding)

    ----------------------------------------------------------------------

      Code (inc. data)   RO Data    RW Data    ZI Data      Debug   Library Member Name

        56         12          0          0          0        132   atof.o
        86          0          0          0          0          0   __dczerorl2.o
        64          0          0          0          0         84   _sgetc.o
        40          6         64          0          0         68   ctype_c.o
         0          0          0          0          0          0   entry.o
         0          0          0          0          0          0   entry10a.o
         0          0          0          0          0          0   entry11a.o
         8          4          0          0          0          0   entry2.o
         4          0          0          0          0          0   entry5.o
         0          0          0          0          0          0   entry7b.o
         0          0          0          0          0          0   entry8b.o
         8          4          0          0          0          0   entry9a.o
        24         12          0          4          0        136   errno.o
        30          0          0          0          0          0   handlers.o
        36          8          0          0          0         68   init.o
        10          0          0          0          0         68   isspace_c.o
         0          0          0          0          0          0   iusefp.o
        30          0          0          0          0         68   llshl.o
        36          0          0          0          0         68   llsshr.o
        32          0          0          0          0         68   llushr.o
        64          0          0          0          0         76   memmovea.o
        36          0          0          0          0        108   memseta.o
      2258         90          0          0          0        452   printfa.o
       878         12          0          0          0        216   scanf_fp.o
         0          0          0          4          0          0   stdout.o
        28          0          0          0          0         76   strcmp.o
       156         12          0          0          0        120   strtod.o
        44          0          0          0          0         80   uidiv.o
        98          0          0          0          0         92   uldiv.o
        48          0          0          0          0         68   cdcmple.o
        48          0          0          0          0         68   cdrcmple.o
        56          0          0          0          0         88   d2f.o
       334          0          0          0          0        148   dadd.o
       222          0          0          0          0        100   ddiv.o
       186          0          0          0          0        176   depilogue.o
        48          0          0          0          0         68   dfixul.o
        34          0          0          0          0         76   dflti.o
        24          0          0          0          0         76   dfltul.o
       228          0          0          0          0         96   dmul.o
        38          0          0          0          0         68   f2d.o
       110          0          0          0          0        168   fepilogue.o

    ----------------------------------------------------------------------
      5414        160         64          8          0       3180   Library Totals
        12          0          0          0          0          0   (incl. Padding)

    ----------------------------------------------------------------------

      Code (inc. data)   RO Data    RW Data    ZI Data      Debug   Library Name

        56         12          0          0          0        132   m_wm.l
      3970        148         64          8          0       1848   mc_w.l
      1376          0          0          0          0       1200   mf_w.l

    ----------------------------------------------------------------------
      5414        160         64          8          0       3180   Library Totals

    ----------------------------------------------------------------------

==============================================================================


      Code (inc. data)   RO Data    RW Data    ZI Data      Debug   

     58448       6150       3464       4372      21316    1312739   Grand Totals
     58448       6150       3464       1392      21316    1312739   ELF Image Totals (compressed)
     58448       6150       3464       1392          0          0   ROM Totals

==============================================================================

    Total RO  Size (Code + RO Data)                61912 (  60.46kB)
    Total RW  Size (RW Data + ZI Data)             25688 (  25.09kB)
    Total ROM Size (Code + RO Data + RW Data)      63304 (  61.82kB)

==============================================================================

