<html>
<body>
<pre>
<h1>�Vision Build Log</h1>
<h2>Tool Versions:</h2>
IDE-Version: ��Vision V5.37.0.0
Copyright (C) 2022 ARM Ltd and ARM Germany GmbH. All rights reserved.
License Information: 4 1416630371@qq.com, 4, LIC=IK1BF-6N0V9-747S0-BMX3N-EYBS7-K6VRP
 
Tool Versions:
Toolchain:       MDK-ARM Plus  Version: 5.37.0.0
Toolchain Path:  D:\KEIL5\Core\ARM\version5\Bin
C Compiler:      Armcc.exe V5.06 update 7 (build 960)
Assembler:       Armasm.exe V5.06 update 7 (build 960)
Linker/Locator:  ArmLink.exe V5.06 update 7 (build 960)
Library Manager: ArmAr.exe V5.06 update 7 (build 960)
Hex Converter:   FromElf.exe V5.06 update 7 (build 960)
CPU DLL:         SARMCM3.DLL V5.37.0.0
Dialog DLL:      DCM.DLL V1.17.5.0
Target DLL:      CMSIS_AGDI.dll V1.33.12.0
Dialog DLL:      TCM.DLL V1.56.1.0
 
<h2>Project:</h2>
C:\Users\14166\Desktop\MC_32\robotcup\xunbao\MDK-ARM\test1.uvprojx
Project File Date:  07/19/2026

<h2>Output:</h2>
*** Using Compiler 'V5.06 update 7 (build 960)', folder: 'D:\KEIL5\Core\ARM\version5\Bin'
Rebuild target 'test1'
assembling startup_stm32f750xx.s...
compiling stm32f7xx_hal_adc_ex.c...
compiling stm32f7xx_hal_msp.c...
compiling adc.c...
compiling tim.c...
compiling stm32f7xx_hal_timebase_tim.c...
compiling stm32f7xx_hal_adc.c...
compiling freertos.c...
../Task/motor_task.h(26): warning:  #375-D: declaration requires a typedef name
  };
..\Application\turn.h(17): warning:  #231-D: declaration is not visible outside of function
  uint8_t Go_Angle(float angle_want, float speed,volatile struct Motors *motor);
../Core/Src/freertos.c: 2 warnings, 0 errors
compiling gpio.c...
compiling stm32f7xx_hal_tim_ex.c...
compiling main.c...
../Task/motor_task.h(26): warning:  #375-D: declaration requires a typedef name
  };
../Core/Src/main.c: 1 warning, 0 errors
compiling dma.c...
compiling stm32f7xx_hal_rcc.c...
compiling stm32f7xx_it.c...
../Task/motor_task.h(26): warning:  #375-D: declaration requires a typedef name
  };
..\Module\Rec_usart.h(22): warning:  #1295-D: Deprecated declaration get_PIDdata - give arg types
  void get_PIDdata();
../Core/Src/stm32f7xx_it.c: 2 warnings, 0 errors
compiling stm32f7xx_hal_tim.c...
compiling stm32f7xx_hal_rcc_ex.c...
compiling usart.c...
../Task/motor_task.h(26): warning:  #375-D: declaration requires a typedef name
  };
..\Module\Rec_usart.h(22): warning:  #1295-D: Deprecated declaration get_PIDdata - give arg types
  void get_PIDdata();
../Core/Src/usart.c: 2 warnings, 0 errors
compiling croutine.c...
compiling event_groups.c...
compiling list.c...
compiling queue.c...
compiling stream_buffer.c...
compiling tasks.c...
compiling timers.c...
compiling cmsis_os.c...
compiling heap_4.c...
compiling port.c...
compiling stm32f7xx_hal_flash_ex.c...
compiling stm32f7xx_hal_dma.c...
compiling speed_ctrl.c...
compiling stm32f7xx_hal_flash.c...
compiling stm32f7xx_hal_gpio.c...
compiling stm32f7xx_hal_pwr_ex.c...
compiling stm32f7xx_hal_pwr.c...
compiling stm32f7xx_hal_cortex.c...
compiling stm32f7xx_hal_dma_ex.c...
compiling stm32f7xx_hal_i2c_ex.c...
compiling stm32f7xx_hal.c...
compiling system_stm32f7xx.c...
compiling stm32f7xx_hal_exti.c...
compiling stm32f7xx_hal_uart.c...
compiling stm32f7xx_hal_uart_ex.c...
compiling stm32f7xx_hal_i2c.c...
compiling motor.c...
../Task/motor_task.h(26): warning:  #375-D: declaration requires a typedef name
  };
..\Motor\motor.c: 1 warning, 0 errors
compiling Encoder.c...
../Task/motor_task.h(26): warning:  #375-D: declaration requires a typedef name
  };
..\Application\turn.h(17): warning:  #231-D: declaration is not visible outside of function
  uint8_t Go_Angle(float angle_want, float speed,volatile struct Motors *motor);
..\Motor\Encoder.c: 2 warnings, 0 errors
compiling ArriveDetect_task.c...
../Task/motor_task.h(26): warning:  #375-D: declaration requires a typedef name
  };
..\Application\turn.h(17): warning:  #231-D: declaration is not visible outside of function
  uint8_t Go_Angle(float angle_want, float speed,volatile struct Motors *motor);
..\Task\ArriveDetect_task.c: 2 warnings, 0 errors
compiling motor_task.c...
..\Task\motor_task.h(26): warning:  #375-D: declaration requires a typedef name
  };
..\Module\Rec_usart.h(22): warning:  #1295-D: Deprecated declaration get_PIDdata - give arg types
  void get_PIDdata();
..\Task\motor_task.c(425): warning:  #1-D: last line of file ends without a newline
  }
..\Task\motor_task.c(311): warning:  #177-D: function "handle_led_mouse"  was declared but never referenced
  static void handle_led_mouse(void)
..\Task\motor_task.c: 4 warnings, 0 errors
compiling sin_generate.c...
compiling task_create.c...
../Task/motor_task.h(26): warning:  #375-D: declaration requires a typedef name
  };
..\Application\turn.h(17): warning:  #231-D: declaration is not visible outside of function
  uint8_t Go_Angle(float angle_want, float speed,volatile struct Motors *motor);
..\Task\task_create.c(60): warning:  #1-D: last line of file ends without a newline
  }
..\Task\task_create.c: 3 warnings, 0 errors
compiling filter.c...
compiling temporary_task.c...
../Task/motor_task.h(26): warning:  #375-D: declaration requires a typedef name
  };
..\Application\turn.h(17): warning:  #231-D: declaration is not visible outside of function
  uint8_t Go_Angle(float angle_want, float speed,volatile struct Motors *motor);
..\Module\Rec_usart.h(22): warning:  #1295-D: Deprecated declaration get_PIDdata - give arg types
  void get_PIDdata();
..\Task\temporary_task.c: 3 warnings, 0 errors
compiling sys.c...
compiling main_task.c...
../Task/motor_task.h(26): warning:  #375-D: declaration requires a typedef name
  };
..\Application\turn.h(17): warning:  #231-D: declaration is not visible outside of function
  uint8_t Go_Angle(float angle_want, float speed,volatile struct Motors *motor);
..\Task\main_task.c: 2 warnings, 0 errors
compiling pid.c...
../Task/motor_task.h(26): warning:  #375-D: declaration requires a typedef name
  };
..\Math\pid.c(78): warning:  #223-D: function "fabsf" declared implicitly
  	if (motor->target == 0 && fabsf(motor->measure) < 0.5f) // 如果有轻微抖动，也可改成 abs(motor->measure) < 2
..\Math\pid.c: 2 warnings, 0 errors
compiling imu.c...
../Task/motor_task.h(26): warning:  #375-D: declaration requires a typedef name
  };
..\Module\imu.c: 1 warning, 0 errors
compiling bsp_linefollower.c...
../Task/motor_task.h(26): warning:  #375-D: declaration requires a typedef name
  };
..\Application\turn.h(17): warning:  #231-D: declaration is not visible outside of function
  uint8_t Go_Angle(float angle_want, float speed,volatile struct Motors *motor);
..\Module\bsp_linefollower.c: 2 warnings, 0 errors
compiling bsp_buzzer.c...
compiling K210.c...
..\Module\K210.c(106): warning:  #186-D: pointless comparison of unsigned integer with zero
  		if(ocr_value<=6 && ocr_value>=0)	
..\Module\K210.c: 1 warning, 0 errors
compiling openmv.c...
..\Module\openmv.c(24): warning:  #177-D: variable "retry"  was declared but never referenced
  	uint8_t retry = 5;
..\Module\openmv.c(42): warning:  #177-D: variable "retry"  was declared but never referenced
  	uint8_t retry = 5;
..\Module\openmv.c: 2 warnings, 0 errors
compiling Rudder_control.c...
compiling delay.c...
compiling IIC.c...
compiling Rec_usart.c...
../Task/motor_task.h(26): warning:  #375-D: declaration requires a typedef name
  };
..\Module\Rec_usart.h(22): warning:  #1295-D: Deprecated declaration get_PIDdata - give arg types
  void get_PIDdata();
..\Module\Rec_usart.c: 2 warnings, 0 errors
compiling interrupt_router.c...
../Task/motor_task.h(26): warning:  #375-D: declaration requires a typedef name
  };
..\Module\Rec_usart.h(22): warning:  #1295-D: Deprecated declaration get_PIDdata - give arg types
  void get_PIDdata();
..\Module\interrupt_router.c: 2 warnings, 0 errors
compiling gray.c...
../Task/motor_task.h(26): warning:  #375-D: declaration requires a typedef name
  };
..\Application\turn.h(17): warning:  #231-D: declaration is not visible outside of function
  uint8_t Go_Angle(float angle_want, float speed,volatile struct Motors *motor);
..\Application\gray.c(101): warning:  #1035-D: single-precision operand implicitly converted to double-precision
  		case 0: return base_angle*1.4;   // 最�? �? 偏右，向左修�?
..\Application\gray.c(104): warning:  #1035-D: single-precision operand implicitly converted to double-precision
  		case 3: return -base_angle*1.4;   // 最�? �? 向右修正
..\Application\gray.c: 4 warnings, 0 errors
compiling command.c...
compiling motion.c...
../Task/motor_task.h(26): warning:  #375-D: declaration requires a typedef name
  };
..\Application\motion.c: 1 warning, 0 errors
compiling map_message.c...
../Task/motor_task.h(26): warning:  #375-D: declaration requires a typedef name
  };
..\Application\turn.h(17): warning:  #231-D: declaration is not visible outside of function
  uint8_t Go_Angle(float angle_want, float speed,volatile struct Motors *motor);
..\Application\map_message.c: 2 warnings, 0 errors
compiling barrier.c...
../Task/motor_task.h(26): warning:  #375-D: declaration requires a typedef name
  };
..\Application\turn.h(17): warning:  #231-D: declaration is not visible outside of function
  uint8_t Go_Angle(float angle_want, float speed,volatile struct Motors *motor);
..\Application\barrier.c(430): warning:  #546-D: transfer of control bypasses initialization of:
            variable "mileage_br"  (declared at line 467)
  		switch (state)
  		^
..\Application\barrier.c(648): warning:  #177-D: variable "approach_timeout"  was declared but never referenced
  	uint16_t approach_timeout = 0;
..\Application\barrier.c(1837): warning:  #1182-D: a declaration cannot have a label
  				u8 temp_1[100]={B1,N1,P1,N1,B2,N4,N5,N6,P4,N6,N5,N12,N13,P6,N13,N12,N16,N18,B5,N19,C6,B7,N22,C9,P8,C9,N22,B6,N20,P7,N20,C4,C8,C7,N14,C3,N9,B9,N7,P5,N7,B8,N9,N10,N11,N12,N5,N4,B3,N2,P2,0XFF};
..\Application\barrier.c(1846): warning:  #1182-D: a declaration cannot have a label
  				u8 temp_2[100]={B1,N1,P1,N1,B2,N4,N3,P3,N3,N4,N5,N12,N13,P6,N13,N12,N16,N18,B5,N19,C6,B7,N22,C9,P8,C9,N22,B6,N20,P7,N20,C4,C8,C7,N14,C3,N9,B9,N7,P5,N7,B8,N9,N10,N11,N12,N5,N4,B3,N2,P2,0XFF};
..\Application\barrier.c(1855): warning:  #1182-D: a declaration cannot have a label
  				u8 temp_3[100]={B1,N1,P1,N1,B2,N4,N5,N6,P4,N6,N5,N12,N13,P6,N13,N12,N16,N18,B5,N19,C6,B7,N22,C9,P8,C9,N22,B6,N20,P7,N20,C4,C8,C7,N14,C3,N9,B9,N7,P5,N7,B8,N9,N10,N11,N12,N5,N4,B3,N2,P2,0XFF};
..\Application\barrier.c(1864): warning:  #1182-D: a declaration cannot have a label
  				u8 temp_4[100]={B1,N1,P1,N1,B2,N4,N5,N6,P4,N6,N5,N12,N13,P6,N13,N12,N16,N18,B5,N19,C6,B7,N22,C9,P8,C9,N22,B6,N20,P7,N20,C4,C8,C7,N14,C3,N9,B9,N7,P5,N7,B8,N9,N10,N11,N12,N5,N4,B3,N2,P2,0XFF};
..\Application\barrier.c(1873): warning:  #1182-D: a declaration cannot have a label
  				u8 temp_5[100]={B1,N1,P1,N1,B2,N4,N5,N6,P4,N6,N5,N12,N13,P6,N13,N12,N11,N10,N9,B9,N7,P5,N7,B8,N9,C3,N14,C7,C8,C4,N20,P7,N20,B6,N22,C9,P8,C9,N22,B7,C6,N19,B5,N18,N16,N12,N5,N4,B3,N2,P2,0XFF};
..\Application\barrier.c(1834): warning:  #546-D: transfer of control bypasses initialization of:
            variable "temp_1"  (declared at line 1837)
            variable "temp_2"  (declared at line 1846)
            variable "temp_3"  (declared at line 1855)
            variable "temp_4"  (declared at line 1864)
  		switch(treasure)
  		^
..\Application\barrier.c(1890): warning:  #1182-D: a declaration cannot have a label
  				u8 temp_1[100]={B1,N1,P1,N1,B2,N4,N5,N6,P4,N6,N5,N12,N13,P6,N13,N12,N16,N18,B5,N19,C6,B7,N22,C9,P8,C9,N22,B6,N20,P7,N20,C4,C8,C7,N14,C3,N9,B9,N7,P5,N7,B8,N9,N10,N3,N4,B3,N2,P2,0XFF};
..\Application\barrier.c(1899): warning:  #1182-D: a declaration cannot have a label
  				u8 temp_2[100]={B1,N1,P1,N1,B2,N4,N3,P3,N3,N4,N5,N12,N13,P6,N13,N12,N16,N18,B5,N19,C6,B7,N22,C9,P8,C9,N22,B6,N20,P7,N20,C4,C8,C7,N14,C3,N9,B9,N7,P5,N7,B8,N9,N10,N3,N4,B3,N2,P2,0XFF};
..\Application\barrier.c(1908): warning:  #1182-D: a declaration cannot have a label
  				u8 temp_3[100]={B1,N1,P1,N1,B2,N4,N5,N6,P4,N6,N5,N12,N13,P6,N13,N12,N16,N18,B5,N19,C6,B7,N22,C9,P8,C9,N22,B6,N20,P7,N20,C4,C8,C7,N14,C3,N9,B9,N7,P5,N7,B8,N9,N10,N3,N4,B3,N2,P2,0XFF};
..\Application\barrier.c(1917): warning:  #1182-D: a declaration cannot have a label
  				u8 temp_4[100]={B1,N1,P1,N1,B2,N4,N5,N6,P4,N6,N5,N12,N13,P6,N13,N12,N16,N18,B5,N19,C6,B7,N22,C9,P8,C9,N22,B6,N20,P7,N20,C4,C8,C7,N14,C3,N9,B9,N7,P5,N7,B8,N9,N10,N3,N4,B3,N2,P2,0XFF};
..\Application\barrier.c(1926): warning:  #1182-D: a declaration cannot have a label
  				u8 temp_5[100]={B1,N1,P1,N1,B2,N4,N5,N6,P4,N6,N5,N12,N13,P6,N13,N12,N11,N10,N9,B9,N7,P5,N7,B8,N9,C3,N14,C7,C8,C4,N20,P7,N20,B6,N22,C9,P8,C9,N22,B7,C6,N19,B5,N18,N16,N12,N11,N10,N3,N4,B3,N2,P2,0XFF};
..\Application\barrier.c(1887): warning:  #546-D: transfer of control bypasses initialization of:
            variable "temp_1"  (declared at line 1890)
            variable "temp_2"  (declared at line 1899)
            variable "temp_3"  (declared at line 1908)
            variable "temp_4"  (declared at line 1917)
  		switch(treasure)
  		^
..\Application\barrier.c(1942): warning:  #1182-D: a declaration cannot have a label
  				u8 temp_1[100]={B1,N1,P1,N1,B2,N4,N5,N6,P4,N6,N5,N12,N13,P6,N13,N12,N16,N18,B5,N19,C6,B7,N22,C9,P8,C9,N22,B6,N20,P7,N20,C4,C8,C7,N14,C3,N9,B9,N7,P5,N7,B8,N9,N10,N8,N3,N4,B3,N2,P2,0XFF};
..\Application\barrier.c(1951): warning:  #1182-D: a declaration cannot have a label
  				u8 temp_2[100]={B1,N1,P1,N1,B2,N4,N3,P3,N3,N4,N5,N12,N13,P6,N13,N12,N16,N18,B5,N19,C6,B7,N22,C9,P8,C9,N22,B6,N20,P7,N20,C4,C8,C7,N14,C3,N9,B9,N7,P5,N7,B8,N9,N10,N8,N3,N4,B3,N2,P2,0XFF};
..\Application\barrier.c(1960): warning:  #1182-D: a declaration cannot have a label
  				u8 temp_3[100]={B1,N1,P1,N1,B2,N4,N5,N6,P4,N6,N5,N12,N13,P6,N13,N12,N16,N18,B5,N19,C6,B7,N22,C9,P8,C9,N22,B6,N20,P7,N20,C4,C8,C7,N14,C3,N9,B9,N7,P5,N7,B8,N9,N10,N8,N3,N4,B3,N2,P2,0XFF};
..\Application\barrier.c(1969): warning:  #1182-D: a declaration cannot have a label
  				u8 temp_4[100]={B1,N1,P1,N1,B2,N4,N5,N6,P4,N6,N5,N12,N13,P6,N13,N12,N16,N18,B5,N19,C6,B7,N22,C9,P8,C9,N22,B6,N20,P7,N20,C4,C8,C7,N14,C3,N9,B9,N7,P5,N7,B8,N9,N10,N8,N3,N4,B3,N2,P2,0XFF};
..\Application\barrier.c(1978): warning:  #1182-D: a declaration cannot have a label
  				u8 temp_5[100]={B1,N1,P1,N1,B2,N4,N5,N6,P4,N6,N5,N12,N13,P6,N13,N12,N11,N10,N9,B9,N7,P5,N7,B8,N9,C3,N14,C7,C8,C4,N20,P7,N20,B6,N22,C9,P8,C9,N22,B7,C6,N19,B5,N18,N16,N12,N11,N10,N8,N3,N4,B3,N2,P2,0XFF};
..\Application\barrier.c(1939): warning:  #546-D: transfer of control bypasses initialization of:
            variable "temp_1"  (declared at line 1942)
            variable "temp_2"  (declared at line 1951)
            variable "temp_3"  (declared at line 1960)
            variable "temp_4"  (declared at line 1969)
  		switch(treasure)
  		^
..\Application\barrier.c(1994): warning:  #1182-D: a declaration cannot have a label
  				u8 temp_1[100]={B1,N1,P1,N1,B2,N4,N5,N6,P4,N6,N5,N12,N13,P6,N13,N12,N16,N18,B5,N19,C6,B7,N22,C9,P8,C9,N22,B6,N20,P7,N20,C4,C8,C7,N14,C3,N9,B9,N7,P5,N7,B8,N9,N10,N8,N5,N4,B3,N2,P2,0XFF};
..\Application\barrier.c(2003): warning:  #1182-D: a declaration cannot have a label
  				u8 temp_2[100]={B1,N1,P1,N1,B2,N4,N3,P3,N3,N4,N5,N12,N13,P6,N13,N12,N16,N18,B5,N19,C6,B7,N22,C9,P8,C9,N22,B6,N20,P7,N20,C4,C8,C7,N14,C3,N9,B9,N7,P5,N7,B8,N9,N10,N8,N5,N4,B3,N2,P2,0XFF};
..\Application\barrier.c(2012): warning:  #1182-D: a declaration cannot have a label
  				u8 temp_3[100]={B1,N1,P1,N1,B2,N4,N5,N6,P4,N6,N5,N12,N13,P6,N13,N12,N16,N18,B5,N19,C6,B7,N22,C9,P8,C9,N22,B6,N20,P7,N20,C4,C8,C7,N14,C3,N9,B9,N7,P5,N7,B8,N9,N10,N8,N5,N4,B3,N2,P2,0XFF};
..\Application\barrier.c(2021): warning:  #1182-D: a declaration cannot have a label
  				u8 temp_4[100]={B1,N1,P1,N1,B2,N4,N5,N6,P4,N6,N5,N12,N13,P6,N13,N12,N16,N18,B5,N19,C6,B7,N22,C9,P8,C9,N22,B6,N20,P7,N20,C4,C8,C7,N14,C3,N9,B9,N7,P5,N7,B8,N9,N10,N8,N5,N4,B3,N2,P2,0XFF};
..\Application\barrier.c(2030): warning:  #1182-D: a declaration cannot have a label
  				u8 temp_5[100]={B1,N1,P1,N1,B2,N4,N5,N6,P4,N6,N5,N12,N13,P6,N13,N12,N11,N10,N9,B9,N7,P5,N7,B8,N9,C3,N14,C7,C8,C4,N20,P7,N20,B6,N22,C9,P8,C9,N22,B7,C6,N19,B5,N18,N16,N12,N11,N10,N8,N5,N4,B3,N2,P2,0XFF};
..\Application\barrier.c(1991): warning:  #546-D: transfer of control bypasses initialization of:
            variable "temp_1"  (declared at line 1994)
            variable "temp_2"  (declared at line 2003)
            variable "temp_3"  (declared at line 2012)
            variable "temp_4"  (declared at line 2021)
  		switch(treasure)
  		^
..\Application\barrier.c(2046): warning:  #1182-D: a declaration cannot have a label
  				u8 temp_1[100]={B1,N1,P1,N1,B2,N4,N5,N6,P4,N6,N5,N8,N12,N13,P6,N13,N12,N16,N18,B5,N19,C6,B7,N22,C9,P8,C9,N22,B6,N20,P7,N20,C4,C8,C7,N14,C3,N9,B9,N7,P5,N7,B8,N9,N10,N8,N5,N4,B3,N2,P2,0XFF};
..\Application\barrier.c(2055): warning:  #1182-D: a declaration cannot have a label
  				u8 temp_2[100]={B1,N1,P1,N1,B2,N4,N3,P3,N3,N4,N5,N8,N12,N13,P6,N13,N12,N16,N18,B5,N19,C6,B7,N22,C9,P8,C9,N22,B6,N20,P7,N20,C4,C8,C7,N14,C3,N9,B9,N7,P5,N7,B8,N9,N10,N8,N5,N4,B3,N2,P2,0XFF};
..\Application\barrier.c(2064): warning:  #1182-D: a declaration cannot have a label
  				u8 temp_3[100]={B1,N1,P1,N1,B2,N4,N5,N6,P4,N6,N5,N8,N12,N13,P6,N13,N12,N16,N18,B5,N19,C6,B7,N22,C9,P8,C9,N22,B6,N20,P7,N20,C4,C8,C7,N14,C3,N9,B9,N7,P5,N7,B8,N9,N10,N8,N5,N4,B3,N2,P2,0XFF};
..\Application\barrier.c(2073): warning:  #1182-D: a declaration cannot have a label
  				u8 temp_4[100]={B1,N1,P1,N1,B2,N4,N5,N6,P4,N6,N5,N8,N12,N13,P6,N13,N12,N16,N18,B5,N19,C6,B7,N22,C9,P8,C9,N22,B6,N20,P7,N20,C4,C8,C7,N14,C3,N9,B9,N7,P5,N7,B8,N9,N10,N8,N5,N4,B3,N2,P2,0XFF};
..\Application\barrier.c(2082): warning:  #1182-D: a declaration cannot have a label
  				u8 temp_5[100]={B1,N1,P1,N1,B2,N4,N5,N6,P4,N6,N5,N8,N12,N13,P6,N13,N12,N11,N10,N9,B9,N7,P5,N7,B8,N9,C3,N14,C7,C8,C4,N20,P7,N20,B6,N22,C9,P8,C9,N22,B7,C6,N19,B5,N18,N16,N12,N8,N5,N4,B3,N2,P2,0XFF};
..\Application\barrier.c(2043): warning:  #546-D: transfer of control bypasses initialization of:
            variable "temp_1"  (declared at line 2046)
            variable "temp_2"  (declared at line 2055)
            variable "temp_3"  (declared at line 2064)
            variable "temp_4"  (declared at line 2073)
  		switch(treasure)
  		^
..\Application\barrier.c(2098): warning:  #1182-D: a declaration cannot have a label
  				u8 temp_1[100]={B1,N1,P1,N1,B2,N4,N5,N6,P4,N6,N5,N8,N12,N13,P6,N13,N12,N16,N18,B5,N19,C6,B7,N22,C9,P8,C9,N22,B6,N20,P7,N20,C4,C8,C7,N14,C3,N9,B9,N7,P5,N7,B8,N9,N10,N3,N4,B3,N2,P2,0XFF};
..\Application\barrier.c(2107): warning:  #1182-D: a declaration cannot have a label
  				u8 temp_2[100]={B1,N1,P1,N1,B2,N4,N3,P3,N3,N4,N5,N8,N12,N13,P6,N13,N12,N16,N18,B5,N19,C6,B7,N22,C9,P8,C9,N22,B6,N20,P7,N20,C4,C8,C7,N14,C3,N9,B9,N7,P5,N7,B8,N9,N10,N3,N4,B3,N2,P2,0XFF};
..\Application\barrier.c(2116): warning:  #1182-D: a declaration cannot have a label
  				u8 temp_3[100]={B1,N1,P1,N1,B2,N4,N5,N6,P4,N6,N5,N8,N12,N13,P6,N13,N12,N16,N18,B5,N19,C6,B7,N22,C9,P8,C9,N22,B6,N20,P7,N20,C4,C8,C7,N14,C3,N9,B9,N7,P5,N7,B8,N9,N10,N3,N4,B3,N2,P2,0XFF};
..\Application\barrier.c(2125): warning:  #1182-D: a declaration cannot have a label
  				u8 temp_4[100]={B1,N1,P1,N1,B2,N4,N5,N6,P4,N6,N5,N8,N12,N13,P6,N13,N12,N16,N18,B5,N19,C6,B7,N22,C9,P8,C9,N22,B6,N20,P7,N20,C4,C8,C7,N14,C3,N9,B9,N7,P5,N7,B8,N9,N10,N3,N4,B3,N2,P2,0XFF};
..\Application\barrier.c(2134): warning:  #1182-D: a declaration cannot have a label
  				u8 temp_5[100]={B1,N1,P1,N1,B2,N4,N5,N6,P4,N6,N5,N8,N12,N13,P6,N13,N12,N11,N10,N9,B9,N7,P5,N7,B8,N9,C3,N14,C7,C8,C4,N20,P7,N20,B6,N22,C9,P8,C9,N22,B7,C6,N19,B5,N18,N16,N12,N11,N10,N3,N4,B3,N2,P2,0XFF};
..\Application\barrier.c(2095): warning:  #546-D: transfer of control bypasses initialization of:
            variable "temp_1"  (declared at line 2098)
            variable "temp_2"  (declared at line 2107)
            variable "temp_3"  (declared at line 2116)
            variable "temp_4"  (declared at line 2125)
  		switch(treasure)
  		^
..\Application\barrier.c(2150): warning:  #1182-D: a declaration cannot have a label
  				u8 temp_1[100]={B1,N1,P1,N1,B2,N4,N5,N6,P4,N6,N5,N8,N12,N13,P6,N13,N12,N16,N18,B5,N19,C6,B7,N22,C9,P8,C9,N22,B6,N20,P7,N20,C4,C8,C7,N14,C3,N9,B9,N7,P5,N7,B8,N9,N10,N8,N3,N4,B3,N2,P2,0XFF};
..\Application\barrier.c(2159): warning:  #1182-D: a declaration cannot have a label
  				u8 temp_2[100]={B1,N1,P1,N1,B2,N4,N3,P3,N3,N4,N5,N8,N12,N13,P6,N13,N12,N16,N18,B5,N19,C6,B7,N22,C9,P8,C9,N22,B6,N20,P7,N20,C4,C8,C7,N14,C3,N9,B9,N7,P5,N7,B8,N9,N10,N8,N3,N4,B3,N2,P2,0XFF};
..\Application\barrier.c(2168): warning:  #1182-D: a declaration cannot have a label
  				u8 temp_3[100]={B1,N1,P1,N1,B2,N4,N5,N6,P4,N6,N5,N8,N12,N13,P6,N13,N12,N16,N18,B5,N19,C6,B7,N22,C9,P8,C9,N22,B6,N20,P7,N20,C4,C8,C7,N14,C3,N9,B9,N7,P5,N7,B8,N9,N10,N8,N3,N4,B3,N2,P2,0XFF};
..\Application\barrier.c(2177): warning:  #1182-D: a declaration cannot have a label
  				u8 temp_4[100]={B1,N1,P1,N1,B2,N4,N5,N6,P4,N6,N5,N8,N12,N13,P6,N13,N12,N16,N18,B5,N19,C6,B7,N22,C9,P8,C9,N22,B6,N20,P7,N20,C4,C8,C7,N14,C3,N9,B9,N7,P5,N7,B8,N9,N10,N8,N3,N4,B3,N2,P2,0XFF};
..\Application\barrier.c(2186): warning:  #1182-D: a declaration cannot have a label
  				u8 temp_5[100]={B1,N1,P1,N1,B2,N4,N5,N6,P4,N6,N5,N8,N12,N13,P6,N13,N12,N11,N10,N9,B9,N7,P5,N7,B8,N9,C3,N14,C7,C8,C4,N20,P7,N20,B6,N22,C9,P8,C9,N22,B7,C6,N19,B5,N18,N16,N12,N11,N10,N8,N3,N4,B3,N2,P2,0XFF};
..\Application\barrier.c(2147): warning:  #546-D: transfer of control bypasses initialization of:
            variable "temp_1"  (declared at line 2150)
            variable "temp_2"  (declared at line 2159)
            variable "temp_3"  (declared at line 2168)
            variable "temp_4"  (declared at line 2177)
  		switch(treasure)
  		^
..\Application\barrier.c(2202): warning:  #1182-D: a declaration cannot have a label
  				u8 temp_1[100]={B1,N1,P1,N1,B2,N4,N5,N6,P4,N6,N5,N4,N3,N8,N12,N13,P6,N13,N12,N16,N18,B5,N19,C6,B7,N22,C9,P8,C9,N22,B6,N20,P7,N20,C4,C8,C7,N14,C3,N9,B9,N7,P5,N7,B8,N9,N10,N8,N3,N4,B3,N2,P2,0XFF};
..\Application\barrier.c(2211): warning:  #1182-D: a declaration cannot have a label
  				u8 temp_2[100]={B1,N1,P1,N1,B2,N4,N3,P3,N3,N8,N12,N13,P6,N13,N12,N16,N18,B5,N19,C6,B7,N22,C9,P8,C9,N22,B6,N20,P7,N20,C4,C8,C7,N14,C3,N9,B9,N7,P5,N7,B8,N9,N10,N8,N3,N4,B3,N2,P2,0XFF};
..\Application\barrier.c(2220): warning:  #1182-D: a declaration cannot have a label
  				u8 temp_3[100]={B1,N1,P1,N1,B2,N4,N5,N6,P4,N6,N5,N4,N3,N8,N12,N13,P6,N13,N12,N16,N18,B5,N19,C6,B7,N22,C9,P8,C9,N22,B6,N20,P7,N20,C4,C8,C7,N14,C3,N9,B9,N7,P5,N7,B8,N9,N10,N8,N3,N4,B3,N2,P2,0XFF};
..\Application\barrier.c(2229): warning:  #1182-D: a declaration cannot have a label
  				u8 temp_4[100]={B1,N1,P1,N1,B2,N4,N5,N6,P4,N6,N5,N4,N3,N8,N12,N13,P6,N13,N12,N16,N18,B5,N19,C6,B7,N22,C9,P8,C9,N22,B6,N20,P7,N20,C4,C8,C7,N14,C3,N9,B9,N7,P5,N7,B8,N9,N10,N8,N3,N4,B3,N2,P2,0XFF};
..\Application\barrier.c(2238): warning:  #1182-D: a declaration cannot have a label
  				u8 temp_5[100]={B1,N1,P1,N1,B2,N4,N5,N6,P4,N6,N5,N4,N3,N8,N10,N9,B9,N7,P5,N7,B8,N9,C3,N14,C7,C8,C4,N20,P7,N20,B6,N22,C9,P8,C9,N22,B7,C6,N19,B5,N18,N16,N12,N8,N3,N4,B3,N2,P2,0XFF};
..\Application\barrier.c(2199): warning:  #546-D: transfer of control bypasses initialization of:
            variable "temp_1"  (declared at line 2202)
            variable "temp_2"  (declared at line 2211)
            variable "temp_3"  (declared at line 2220)
            variable "temp_4"  (declared at line 2229)
  		switch(treasure)
  		^
..\Application\barrier.c(2254): warning:  #1182-D: a declaration cannot have a label
  				u8 temp_1[100]={B1,N1,P1,N1,B2,N4,N5,N6,P4,N6,N5,N4,N3,N8,N12,N13,P6,N13,N12,N16,N18,B5,N19,C6,B7,N22,C9,P8,C9,N22,B6,N20,P7,N20,C4,C8,C7,N14,C3,N9,B9,N7,P5,N7,B8,N9,N10,N3,N4,B3,N2,P2,0XFF};
..\Application\barrier.c(2263): warning:  #1182-D: a declaration cannot have a label
  				u8 temp_2[100]={B1,N1,P1,N1,B2,N4,N3,P3,N3,N8,N12,N13,P6,N13,N12,N16,N18,B5,N19,C6,B7,N22,C9,P8,C9,N22,B6,N20,P7,N20,C4,C8,C7,N14,C3,N9,B9,N7,P5,N7,B8,N9,N10,N3,N4,B3,N2,P2,0XFF};
..\Application\barrier.c(2272): warning:  #1182-D: a declaration cannot have a label
  				u8 temp_3[100]={B1,N1,P1,N1,B2,N4,N5,N6,P4,N6,N5,N4,N3,N8,N12,N13,P6,N13,N12,N16,N18,B5,N19,C6,B7,N22,C9,P8,C9,N22,B6,N20,P7,N20,C4,C8,C7,N14,C3,N9,B9,N7,P5,N7,B8,N9,N10,N3,N4,B3,N2,P2,0XFF};
..\Application\barrier.c(2281): warning:  #1182-D: a declaration cannot have a label
  				u8 temp_4[100]={B1,N1,P1,N1,B2,N4,N5,N6,P4,N6,N5,N4,N3,N8,N12,N13,P6,N13,N12,N16,N18,B5,N19,C6,B7,N22,C9,P8,C9,N22,B6,N20,P7,N20,C4,C8,C7,N14,C3,N9,B9,N7,P5,N7,B8,N9,N10,N3,N4,B3,N2,P2,0XFF};
..\Application\barrier.c(2290): warning:  #1182-D: a declaration cannot have a label
  				u8 temp_5[100]={B1,N1,P1,N1,B2,N4,N5,N6,P4,N6,N5,N4,N3,N8,N10,N9,B9,N7,P5,N7,B8,N9,C3,N14,C7,C8,C4,N20,P7,N20,B6,N22,C9,P8,C9,N22,B7,C6,N19,B5,N18,N16,N12,N11,N10,N3,N4,B3,N2,P2,0XFF};
..\Application\barrier.c(2251): warning:  #546-D: transfer of control bypasses initialization of:
            variable "temp_1"  (declared at line 2254)
            variable "temp_2"  (declared at line 2263)
            variable "temp_3"  (declared at line 2272)
            variable "temp_4"  (declared at line 2281)
  		switch(treasure)
  		^
..\Application\barrier.c(240): warning:  #177-D: function "Stage_ScanAndRead"  was declared but never referenced
  static void Stage_ScanAndRead(void)
..\Application\barrier.c: 59 warnings, 0 errors
compiling map.c...
../Task/motor_task.h(26): warning:  #375-D: declaration requires a typedef name
  };
..\Application\turn.h(17): warning:  #231-D: declaration is not visible outside of function
  uint8_t Go_Angle(float angle_want, float speed,volatile struct Motors *motor);
..\Application\map.c(456): warning:  #223-D: function "printf" declared implicitly
  			printf("Current Node: %d\n", nodesr.nowNode.nodenum);
..\Application\map.c(512): warning:  #1-D: last line of file ends without a newline
  }
..\Application\map.c: 4 warnings, 0 errors
compiling scaner.c...
../Task/motor_task.h(26): warning:  #375-D: declaration requires a typedef name
  };
..\Application\turn.h(17): warning:  #231-D: declaration is not visible outside of function
  uint8_t Go_Angle(float angle_want, float speed,volatile struct Motors *motor);
..\Application\scaner.c(613): warning:  #1-D: last line of file ends without a newline
  }
..\Application\scaner.c: 3 warnings, 0 errors
compiling turn.c...
../Task/motor_task.h(26): warning:  #375-D: declaration requires a typedef name
  };
..\Application\turn.c: 1 warning, 0 errors
compiling chassis_api.c...
../Task/motor_task.h(26): warning:  #375-D: declaration requires a typedef name
  };
..\Application\turn.h(17): warning:  #231-D: declaration is not visible outside of function
  uint8_t Go_Angle(float angle_want, float speed,volatile struct Motors *motor);
..\Application\chassis_api.c(53): warning:  #188-D: enumerated type mixed with another type
  static ChassisState_t chassis = {0};
..\Application\chassis_api.c(644): warning:  #223-D: function "send_play_specified_command" declared implicitly
          send_play_specified_command(31);    
..\Application\chassis_api.c(707): warning:  #223-D: function "send_play_specified_command" declared implicitly
              if(chassis.anti_snake_err_count==1)send_play_specified_command(33);
..\Application\chassis_api.c(725): warning:  #223-D: function "send_play_specified_command" declared implicitly
                      send_play_specified_command(30);
..\Application\chassis_api.c(728): warning:  #111-D: statement is unreachable
                      return;
..\Application\chassis_api.c(748): warning:  #223-D: function "send_play_specified_command" declared implicitly
              send_play_specified_command(33);
..\Application\chassis_api.c(776): warning:  #223-D: function "send_play_specified_command" declared implicitly
                  send_play_specified_command(33);
..\Application\chassis_api.c(945): warning:  #223-D: function "send_play_specified_command" declared implicitly
              if (error_now & 0x01) send_play_specified_command(33);//陀螺仪（偏移）
..\Application\chassis_api.c(946): warning:  #223-D: function "send_play_specified_command" declared implicitly
              if (error_now & 0x02) send_play_specified_command(31);//灰度（过高）
..\Application\chassis_api.c(947): warning:  #223-D: function "send_play_specified_command" declared implicitly
              if (error_now & 0x04) send_play_specified_command(30);//循迹板（检测到线）
..\Application\chassis_api.c(952): warning:  #1-D: last line of file ends without a newline
  }
..\Application\chassis_api.c: 13 warnings, 0 errors
linking...
Program Size: Code=43924 RO-data=792 RW-data=504 ZI-data=20928  
FromELF: creating hex file...
"test1\test1.axf" - 0 Error(s), 123 Warning(s).

<h2>Software Packages used:</h2>

Package Vendor: ARM
                http://www.keil.com/pack/ARM.CMSIS.5.9.0.pack
                ARM.CMSIS.5.9.0
                CMSIS (Common Microcontroller Software Interface Standard)
   * Component: CORE Version: 5.6.0

Package Vendor: Keil
                https://www.keil.com/pack/Keil.STM32F7xx_DFP.3.1.1.pack
                Keil.STM32F7xx_DFP.3.1.1
                STMicroelectronics STM32F7 Series Device Support

<h2>Collection of Component include folders:</h2>
  ./RTE/_test1
  D:/KEIL5/Pack/ARM/CMSIS/5.9.0/CMSIS/Core/Include

<h2>Collection of Component Files used:</h2>

   * Component: ARM::CMSIS:CORE:5.6.0
      Include file:  CMSIS/Core/Include/tz_context.h
Build Time Elapsed:  00:01:55
</pre>
</body>
</html>
